Archive member included to satisfy reference by file (symbol)

C:/VSARM/armcc/13C7F1~1.2RE/bin/../lib/gcc/arm-none-eabi/13.2.1/thumb/v6-m/nofp\libgcc.a(_dvmd_tls.o)
                              CMakeFiles/ErgoMag.dir/C_/VSARM/sdk/pico/pico-sdk/src/rp2_common/pico_divider/divider.S.obj (__aeabi_idiv0)
C:/VSARM/armcc/13C7F1~1.2RE/bin/../lib/gcc/arm-none-eabi/13.2.1/thumb/v6-m/nofp\libg.a(libc_a-calloc.o)
                              CMakeFiles/ErgoMag.dir/C_/VSARM/sdk/pico/pico-sdk/src/rp2_common/pico_malloc/pico_malloc.c.obj (calloc)
C:/VSARM/armcc/13C7F1~1.2RE/bin/../lib/gcc/arm-none-eabi/13.2.1/thumb/v6-m/nofp\libg.a(libc_a-callocr.o)
                              C:/VSARM/armcc/13C7F1~1.2RE/bin/../lib/gcc/arm-none-eabi/13.2.1/thumb/v6-m/nofp\libg.a(libc_a-calloc.o) (_calloc_r)
C:/VSARM/armcc/13C7F1~1.2RE/bin/../lib/gcc/arm-none-eabi/13.2.1/thumb/v6-m/nofp\libg.a(libc_a-malloc.o)
                              CMakeFiles/ErgoMag.dir/C_/VSARM/sdk/pico/pico-sdk/src/rp2_common/pico_malloc/pico_malloc.c.obj (malloc)
C:/VSARM/armcc/13C7F1~1.2RE/bin/../lib/gcc/arm-none-eabi/13.2.1/thumb/v6-m/nofp\libg.a(libc_a-mallocr.o)
                              C:/VSARM/armcc/13C7F1~1.2RE/bin/../lib/gcc/arm-none-eabi/13.2.1/thumb/v6-m/nofp\libg.a(libc_a-callocr.o) (_malloc_r)
C:/VSARM/armcc/13C7F1~1.2RE/bin/../lib/gcc/arm-none-eabi/13.2.1/thumb/v6-m/nofp\libg.a(libc_a-mlock.o)
                              C:/VSARM/armcc/13C7F1~1.2RE/bin/../lib/gcc/arm-none-eabi/13.2.1/thumb/v6-m/nofp\libg.a(libc_a-mallocr.o) (__malloc_lock)
C:/VSARM/armcc/13C7F1~1.2RE/bin/../lib/gcc/arm-none-eabi/13.2.1/thumb/v6-m/nofp\libg.a(libc_a-realloc.o)
                              CMakeFiles/ErgoMag.dir/C_/VSARM/sdk/pico/pico-sdk/src/rp2_common/pico_malloc/pico_malloc.c.obj (realloc)
C:/VSARM/armcc/13C7F1~1.2RE/bin/../lib/gcc/arm-none-eabi/13.2.1/thumb/v6-m/nofp\libg.a(libc_a-reallocr.o)
                              C:/VSARM/armcc/13C7F1~1.2RE/bin/../lib/gcc/arm-none-eabi/13.2.1/thumb/v6-m/nofp\libg.a(libc_a-realloc.o) (_realloc_r)
C:/VSARM/armcc/13C7F1~1.2RE/bin/../lib/gcc/arm-none-eabi/13.2.1/thumb/v6-m/nofp\libg.a(libc_a-memmove.o)
                              C:/VSARM/armcc/13C7F1~1.2RE/bin/../lib/gcc/arm-none-eabi/13.2.1/thumb/v6-m/nofp\libg.a(libc_a-reallocr.o) (memmove)
C:/VSARM/armcc/13C7F1~1.2RE/bin/../lib/gcc/arm-none-eabi/13.2.1/thumb/v6-m/nofp\libg.a(libc_a-impure.o)
                              C:/VSARM/armcc/13C7F1~1.2RE/bin/../lib/gcc/arm-none-eabi/13.2.1/thumb/v6-m/nofp\libg.a(libc_a-calloc.o) (_impure_ptr)
C:/VSARM/armcc/13C7F1~1.2RE/bin/../lib/gcc/arm-none-eabi/13.2.1/thumb/v6-m/nofp\libg.a(libc_a-sbrkr.o)
                              C:/VSARM/armcc/13C7F1~1.2RE/bin/../lib/gcc/arm-none-eabi/13.2.1/thumb/v6-m/nofp\libg.a(libc_a-mallocr.o) (_sbrk_r)
C:/VSARM/armcc/13C7F1~1.2RE/bin/../lib/gcc/arm-none-eabi/13.2.1/thumb/v6-m/nofp\libg.a(libc_a-errno.o)
                              C:/VSARM/armcc/13C7F1~1.2RE/bin/../lib/gcc/arm-none-eabi/13.2.1/thumb/v6-m/nofp\libg.a(libc_a-callocr.o) (__errno)
C:/VSARM/armcc/13C7F1~1.2RE/bin/../lib/gcc/arm-none-eabi/13.2.1/thumb/v6-m/nofp\libg.a(libc_a-init.o)
                              C:/VSARM/armcc/13C7F1~1.2RE/bin/../lib/gcc/arm-none-eabi/13.2.1/thumb/v6-m/nofp/crt0.o (__libc_init_array)
C:/VSARM/armcc/13C7F1~1.2RE/bin/../lib/gcc/arm-none-eabi/13.2.1/thumb/v6-m/nofp\libg.a(libc_a-lock.o)
                              C:/VSARM/armcc/13C7F1~1.2RE/bin/../lib/gcc/arm-none-eabi/13.2.1/thumb/v6-m/nofp\libg.a(libc_a-mlock.o) (__retarget_lock_acquire_recursive)
C:/VSARM/armcc/13C7F1~1.2RE/bin/../lib/gcc/arm-none-eabi/13.2.1/thumb/v6-m/nofp\libg.a(libc_a-sysconf.o)
                              C:/VSARM/armcc/13C7F1~1.2RE/bin/../lib/gcc/arm-none-eabi/13.2.1/thumb/v6-m/nofp\libg.a(libc_a-mallocr.o) (sysconf)
C:/VSARM/armcc/13C7F1~1.2RE/bin/../lib/gcc/arm-none-eabi/13.2.1/thumb/v6-m/nofp\libg.a(libc_a-strlen-stub.o)
                              CMakeFiles/ErgoMag.dir/C_/VSARM/sdk/pico/pico-sdk/src/rp2_common/pico_stdio/stdio.c.obj (strlen)
C:/VSARM/armcc/13C7F1~1.2RE/bin/../lib/gcc/arm-none-eabi/13.2.1/thumb/v6-m/nofp\libg.a(libc_a-freer.o)
                              C:/VSARM/armcc/13C7F1~1.2RE/bin/../lib/gcc/arm-none-eabi/13.2.1/thumb/v6-m/nofp\libg.a(libc_a-malloc.o) (_free_r)
C:/VSARM/armcc/13C7F1~1.2RE/bin/../lib/gcc/arm-none-eabi/13.2.1/thumb/v6-m/nofp\libg.a(libc_a-findfp.o)
                              C:/VSARM/armcc/13C7F1~1.2RE/bin/../lib/gcc/arm-none-eabi/13.2.1/thumb/v6-m/nofp\libg.a(libc_a-impure.o) (__sf)
C:/VSARM/armcc/13C7F1~1.2RE/bin/../lib/gcc/arm-none-eabi/13.2.1/thumb/v6-m/nofp\libg.a(libc_a-fwalk.o)
                              C:/VSARM/armcc/13C7F1~1.2RE/bin/../lib/gcc/arm-none-eabi/13.2.1/thumb/v6-m/nofp\libg.a(libc_a-findfp.o) (_fwalk_sglue)
C:/VSARM/armcc/13C7F1~1.2RE/bin/../lib/gcc/arm-none-eabi/13.2.1/thumb/v6-m/nofp\libg.a(libc_a-stdio.o)
[...]
Memory Configuration

Name             Origin             Length             Attributes
FLASH            0x10000000         0x00200000         xr
RAM              0x20000000         0x00040000         xrw
SCRATCH_X        0x20040000         0x00001000         xrw
SCRATCH_Y        0x20041000         0x00001000         xrw
*default*        0x00000000         0xffffffff

Linker script and memory map

LOAD C:/VSARM/armcc/13C7F1~1.2RE/bin/../lib/gcc/arm-none-eabi/13.2.1/thumb/v6-m/nofp/crti.o
LOAD C:/VSARM/armcc/13C7F1~1.2RE/bin/../lib/gcc/arm-none-eabi/13.2.1/thumb/v6-m/nofp/crtbegin.o
LOAD C:/VSARM/armcc/13C7F1~1.2RE/bin/../lib/gcc/arm-none-eabi/13.2.1/thumb/v6-m/nofp/crt0.o

.flash_begin    0x10000000        0x0
                0x10000000                        __flash_binary_start = .

.boot2          0x10000000      0x100
                0x10000000                        __boot2_start__ = .
 *(.boot2)
 .boot2         0x10000000      0x100 D:\17610\AppData\Local\Temp\cc4DwlI7.o
                0x10000100                        __boot2_end__ = .
                0x00000001                        ASSERT (((__boot2_end__ - __boot2_start__) == 0x100), ERROR: Pico second stage bootloader must be 256 bytes in size)

.text           0x10000100     0x6f60
                0x10000100                        __logical_binary_start = .
 *(.vectors)
 .vectors       0x10000100       0xd4 CMakeFiles/ErgoMag.dir/C_/VSARM/sdk/pico/pico-sdk/src/rp2_common/pico_standard_link/crt0.S.obj
                0x10000100                __VECTOR_TABLE
                0x10000100                __vectors
                0x100001c0                isr_invalid
                0x100001c0                __default_isrs_start
                0x100001c2                isr_nmi
                0x100001c4                isr_hardfault
                0x100001c6                isr_svcall
                0x100001c8                isr_pendsv
                0x100001ca                isr_systick
                0x100001cc                isr_irq23
                0x100001cc                isr_irq18
                0x100001cc                isr_irq11
                0x100001cc                isr_irq28
                0x100001cc                isr_irq19
                0x100001cc                isr_irq0
                0x100001cc                isr_irq6
                0x100001cc                isr_irq5
                0x100001cc                isr_irq12
                0x100001cc                isr_irq22
                0x100001cc                isr_irq31
                0x100001cc                isr_irq17
                0x100001cc                isr_irq27
                0x100001cc                isr_irq30
                0x100001cc                isr_irq2
                0x100001cc                isr_irq10
                0x100001cc                isr_irq8
                0x100001cc                isr_irq24
                0x100001cc                isr_irq1
                0x100001cc                isr_irq7
                0x100001cc                isr_irq21
                0x100001cc                isr_irq20
                0x100001cc                isr_irq15
                0x100001cc                isr_irq25
                0x100001cc                isr_irq13
                0x100001cc                __unhandled_user_irq
                0x100001cc                isr_irq4
                0x100001cc                isr_irq16
                0x100001cc                isr_irq29
                0x100001cc                isr_irq26
                0x100001cc                __default_isrs_end
                0x100001cc                isr_irq3
                0x100001cc                isr_irq14
                0x100001cc                isr_irq9
                0x100001d2                unhandled_user_irq_num_in_r0
 *(.binary_info_header)
 .binary_info_header
                0x100001d4       0x14 CMakeFiles/ErgoMag.dir/C_/VSARM/sdk/pico/pico-sdk/src/rp2_common/pico_standard_link/crt0.S.obj
                0x100001e8                        __binary_info_header_end = .
 *(.reset)
 .reset         0x100001e8       0xa0 CMakeFiles/ErgoMag.dir/C_/VSARM/sdk/pico/pico-sdk/src/rp2_common/pico_standard_link/crt0.S.obj
                0x100001e8                _entry_point
 .reset         0x10000288       0x30 CMakeFiles/ErgoMag.dir/C_/VSARM/sdk/pico/pico-sdk/src/rp2_common/pico_standard_link/binary_info.c.obj
 *(.init)
 .init          0x100002b8        0x4 C:/VSARM/armcc/13C7F1~1.2RE/bin/../lib/gcc/arm-none-eabi/13.2.1/thumb/v6-m/nofp/crti.o
                0x100002b8                _init
 *(EXCLUDE_FILE(*libm.a: *libc.a:*lib_a-mem*.o *libgcc.a:) .text*)
 .text.register_tm_clones
                0x100002bc       0x28 C:/VSARM/armcc/13C7F1~1.2RE/bin/../lib/gcc/arm-none-eabi/13.2.1/thumb/v6-m/nofp/crtbegin.o
 .text.frame_dummy
                0x100002e4       0x24 C:/VSARM/armcc/13C7F1~1.2RE/bin/../lib/gcc/arm-none-eabi/13.2.1/thumb/v6-m/nofp/crtbegin.o
 .text.adc_gpio_init
                0x10000308       0x1e CMakeFiles/ErgoMag.dir/main.c.obj
 *fill*         0x10000326        0x2 
 .text.readChannel
                0x10000328       0xa4 CMakeFiles/ErgoMag.dir/main.c.obj
                0x10000328                readChannel
 .text.setMaxTravel
                0x100003cc       0x34 CMakeFiles/ErgoMag.dir/main.c.obj
                0x100003cc                setMaxTravel
 .text.main     0x10000400      0x1c4 CMakeFiles/ErgoMag.dir/main.c.obj
                0x10000400                main
 .text.gpio_set_function
                0x100005c4       0x30 CMakeFiles/ErgoMag.dir/C_/VSARM/sdk/pico/pico-sdk/src/rp2_common/hardware_gpio/gpio.c.obj
                0x100005c4                gpio_set_function
 .text.gpio_set_pulls
                0x100005f4       0x34 CMakeFiles/ErgoMag.dir/C_/VSARM/sdk/pico/pico-sdk/src/rp2_common/hardware_gpio/gpio.c.obj
                0x100005f4                gpio_set_pulls
 .text.gpio_set_input_enabled
                0x10000628       0x30 CMakeFiles/ErgoMag.dir/C_/VSARM/sdk/pico/pico-sdk/src/rp2_common/hardware_gpio/gpio.c.obj
                0x10000628                gpio_set_input_enabled
 .text.gpio_init
                0x10000658       0x16 CMakeFiles/ErgoMag.dir/C_/VSARM/sdk/pico/pico-sdk/src/rp2_common/hardware_gpio/gpio.c.obj
                0x10000658                gpio_init
 *fill*         0x1000066e        0x2 
 .text.running_on_fpga
                0x10000670       0x14 CMakeFiles/ErgoMag.dir/C_/VSARM/sdk/pico/pico-sdk/src/rp2_common/pico_platform/platform.c.obj
                0x10000670                running_on_fpga
 .text.hw_claim_lock
                0x10000684       0x18 CMakeFiles/ErgoMag.dir/C_/VSARM/sdk/pico/pico-sdk/src/rp2_common/hardware_claim/claim.c.obj
                0x10000684                hw_claim_lock
 .text.hw_claim_unlock
                0x1000069c       0x14 CMakeFiles/ErgoMag.dir/C_/VSARM/sdk/pico/pico-sdk/src/rp2_common/hardware_claim/claim.c.obj
                0x1000069c                hw_claim_unlock
 .text.hw_claim_or_assert
                0x100006b0       0x32 CMakeFiles/ErgoMag.dir/C_/VSARM/sdk/pico/pico-sdk/src/rp2_common/hardware_claim/claim.c.obj
                0x100006b0                hw_claim_or_assert
 .text.hw_claim_unused_from_range
                0x100006e2       0x50 CMakeFiles/ErgoMag.dir/C_/VSARM/sdk/pico/pico-sdk/src/rp2_common/hardware_claim/claim.c.obj
                0x100006e2                hw_claim_unused_from_range
 *fill*         0x10000732        0x2 
 .text.spin_locks_reset
                0x10000734       0x20 CMakeFiles/ErgoMag.dir/C_/VSARM/sdk/pico/pico-sdk/src/rp2_common/hardware_sync/sync.c.obj
                0x10000734                spin_locks_reset
 .text.next_striped_spin_lock_num
                0x10000754       0x1c CMakeFiles/ErgoMag.dir/C_/VSARM/sdk/pico/pico-sdk/src/rp2_common/hardware_sync/sync.c.obj
                0x10000754                next_striped_spin_lock_num
 .text.spin_lock_claim_unused
                0x10000770       0x24 CMakeFiles/ErgoMag.dir/C_/VSARM/sdk/pico/pico-sdk/src/rp2_common/hardware_sync/sync.c.obj
                0x10000770                spin_lock_claim_unused
 .text.set_raw_irq_handler_and_unlock
                0x10000794       0x28 CMakeFiles/ErgoMag.dir/C_/VSARM/sdk/pico/pico-sdk/src/rp2_common/hardware_irq/irq.c.obj
 .text.resolve_branch
                0x100007bc       0x30 CMakeFiles/ErgoMag.dir/C_/VSARM/sdk/pico/pico-sdk/src/rp2_common/hardware_irq/irq.c.obj
 .text.make_branch
                0x100007ec       0x48 CMakeFiles/ErgoMag.dir/C_/VSARM/sdk/pico/pico-sdk/src/rp2_common/hardware_irq/irq.c.obj
 .text.insert_branch_and_link
                0x10000834       0x40 CMakeFiles/ErgoMag.dir/C_/VSARM/sdk/pico/pico-sdk/src/rp2_common/hardware_irq/irq.c.obj
 .text.irq_is_enabled
                0x10000874       0x18 CMakeFiles/ErgoMag.dir/C_/VSARM/sdk/pico/pico-sdk/src/rp2_common/hardware_irq/irq.c.obj
                0x10000874                irq_is_enabled
 .text.irq_set_mask_enabled
                0x1000088c       0x20 CMakeFiles/ErgoMag.dir/C_/VSARM/sdk/pico/pico-sdk/src/rp2_common/hardware_irq/irq.c.obj
                0x1000088c                irq_set_mask_enabled
 .text.irq_set_enabled
                0x100008ac        0xe CMakeFiles/ErgoMag.dir/C_/VSARM/sdk/pico/pico-sdk/src/rp2_common/hardware_irq/irq.c.obj
                0x100008ac                irq_set_enabled
 *fill*         0x100008ba        0x2 
 .text.irq_set_pending
                0x100008bc       0x10 CMakeFiles/ErgoMag.dir/C_/VSARM/sdk/pico/pico-sdk/src/rp2_common/hardware_irq/irq.c.obj
                0x100008bc                irq_set_pending
 .text.irq_get_vtable_handler
                0x100008cc       0x10 CMakeFiles/ErgoMag.dir/C_/VSARM/sdk/pico/pico-sdk/src/rp2_common/hardware_irq/irq.c.obj
                0x100008cc                irq_get_vtable_handler
 .text.irq_has_shared_handler
                0x100008dc       0x24 CMakeFiles/ErgoMag.dir/C_/VSARM/sdk/pico/pico-sdk/src/rp2_common/hardware_irq/irq.c.obj
                0x100008dc                irq_has_shared_handler
 .text.irq_set_exclusive_handler
                0x10000900       0x54 CMakeFiles/ErgoMag.dir/C_/VSARM/sdk/pico/pico-sdk/src/rp2_common/hardware_irq/irq.c.obj
                0x10000900                irq_set_exclusive_handler
 .text.irq_add_shared_handler
                0x10000954      0x210 CMakeFiles/ErgoMag.dir/C_/VSARM/sdk/pico/pico-sdk/src/rp2_common/hardware_irq/irq.c.obj
                0x10000954                irq_add_shared_handler
 .text.irq_remove_handler
                0x10000b64      0x188 CMakeFiles/ErgoMag.dir/C_/VSARM/sdk/pico/pico-sdk/src/rp2_common/hardware_irq/irq.c.obj
                0x10000b64                irq_remove_handler
 .text.irq_add_tail_to_free_list
                0x10000cec       0xf0 CMakeFiles/ErgoMag.dir/C_/VSARM/sdk/pico/pico-sdk/src/rp2_common/hardware_irq/irq.c.obj
                0x10000cec                irq_add_tail_to_free_list
 .text.irq_init_priorities
                0x10000ddc       0x1c CMakeFiles/ErgoMag.dir/C_/VSARM/sdk/pico/pico-sdk/src/rp2_common/hardware_irq/irq.c.obj
                0x10000ddc                irq_init_priorities
 .text.user_irq_claim_unused
                0x10000df8       0x2c CMakeFiles/ErgoMag.dir/C_/VSARM/sdk/pico/pico-sdk/src/rp2_common/hardware_irq/irq.c.obj
                0x10000df8                user_irq_claim_unused
 .text.lock_init
                0x10000e24       0x10 CMakeFiles/ErgoMag.dir/C_/VSARM/sdk/pico/pico-sdk/src/common/pico_sync/lock_core.c.obj
                0x10000e24                lock_init
 .text.update_us_since_boot
                0x10000e34       0x24 CMakeFiles/ErgoMag.dir/C_/VSARM/sdk/pico/pico-sdk/src/common/pico_sync/mutex.c.obj
 .text.delayed_by_ms
                0x10000e58       0x44 CMakeFiles/ErgoMag.dir/C_/VSARM/sdk/pico/pico-sdk/src/common/pico_sync/mutex.c.obj
 .text.get_absolute_time
                0x10000e9c       0x22 CMakeFiles/ErgoMag.dir/C_/VSARM/sdk/pico/pico-sdk/src/common/pico_sync/mutex.c.obj
 .text.make_timeout_time_ms
                0x10000ebe       0x20 CMakeFiles/ErgoMag.dir/C_/VSARM/sdk/pico/pico-sdk/src/common/pico_sync/mutex.c.obj
 .text.mutex_init
                0x10000ede       0x1a CMakeFiles/ErgoMag.dir/C_/VSARM/sdk/pico/pico-sdk/src/common/pico_sync/mutex.c.obj
                0x10000ede                mutex_init
 .text.recursive_mutex_init
                0x10000ef8       0x1e CMakeFiles/ErgoMag.dir/C_/VSARM/sdk/pico/pico-sdk/src/common/pico_sync/mutex.c.obj
                0x10000ef8                recursive_mutex_init
 *fill*         0x10000f16        0x2 
 .text.critical_section_init_with_lock_num
                0x10000f18       0x14 CMakeFiles/ErgoMag.dir/C_/VSARM/sdk/pico/pico-sdk/src/common/pico_sync/critical_section.c.obj
                0x10000f18                critical_section_init_with_lock_num
 .text.critical_section_init
                0x10000f2c       0x14 CMakeFiles/ErgoMag.dir/C_/VSARM/sdk/pico/pico-sdk/src/common/pico_sync/critical_section.c.obj
                0x10000f2c                critical_section_init
 .text.time_reached
                0x10000f40       0x28 CMakeFiles/ErgoMag.dir/C_/VSARM/sdk/pico/pico-sdk/src/common/pico_time/time.c.obj
 .text.get_entry
                0x10000f68       0x38 CMakeFiles/ErgoMag.dir/C_/VSARM/sdk/pico/pico-sdk/src/common/pico_time/time.c.obj
 .text.timer_pool_entry_comparator
                0x10000fa0       0x2e CMakeFiles/ErgoMag.dir/C_/VSARM/sdk/pico/pico-sdk/src/common/pico_time/time.c.obj
                0x10000fa0                timer_pool_entry_comparator
 *fill*         0x10000fce        0x2 
 .text.update_us_since_boot
                0x10000fd0       0x24 CMakeFiles/ErgoMag.dir/C_/VSARM/sdk/pico/pico-sdk/src/common/pico_time/time.c.obj
 .text.delayed_by_us
                0x10000ff4       0x34 CMakeFiles/ErgoMag.dir/C_/VSARM/sdk/pico/pico-sdk/src/common/pico_time/time.c.obj
 .text.ph_get_node
                0x10001028       0x30 CMakeFiles/ErgoMag.dir/C_/VSARM/sdk/pico/pico-sdk/src/common/pico_time/time.c.obj
 .text.ph_contains_node
                0x10001058       0x1e CMakeFiles/ErgoMag.dir/C_/VSARM/sdk/pico/pico-sdk/src/common/pico_time/time.c.obj
 .text.ph_new_node
                0x10001076       0x28 CMakeFiles/ErgoMag.dir/C_/VSARM/sdk/pico/pico-sdk/src/common/pico_time/time.c.obj
 *fill*         0x1000109e        0x2 
 .text.ph_add_child_node
                0x100010a0       0x6c CMakeFiles/ErgoMag.dir/C_/VSARM/sdk/pico/pico-sdk/src/common/pico_time/time.c.obj
 .text.ph_merge_nodes
                0x1000110c       0x3e CMakeFiles/ErgoMag.dir/C_/VSARM/sdk/pico/pico-sdk/src/common/pico_time/time.c.obj
 *fill*         0x1000114a        0x2 
 .text.ph_insert_node
                0x1000114c       0x3c CMakeFiles/ErgoMag.dir/C_/VSARM/sdk/pico/pico-sdk/src/common/pico_time/time.c.obj
 .text.ph_free_node
                0x10001188       0x5c CMakeFiles/ErgoMag.dir/C_/VSARM/sdk/pico/pico-sdk/src/common/pico_time/time.c.obj
 .text.get_entry_id_high
                0x100011e4       0x30 CMakeFiles/ErgoMag.dir/C_/VSARM/sdk/pico/pico-sdk/src/common/pico_time/time.c.obj
 .text.alarm_pool_post_alloc_init
                0x10001214       0x40 CMakeFiles/ErgoMag.dir/C_/VSARM/sdk/pico/pico-sdk/src/common/pico_time/time.c.obj
 .text.sleep_until_callback
                0x10001254       0x30 CMakeFiles/ErgoMag.dir/C_/VSARM/sdk/pico/pico-sdk/src/common/pico_time/time.c.obj
 .text.get_absolute_time
                0x10001284       0x22 CMakeFiles/ErgoMag.dir/C_/VSARM/sdk/pico/pico-sdk/src/common/pico_time/time.c.obj
 .text.make_timeout_time_us
                0x100012a6       0x24 CMakeFiles/ErgoMag.dir/C_/VSARM/sdk/pico/pico-sdk/src/common/pico_time/time.c.obj
 *fill*         0x100012ca        0x2 
 .text.add_alarm_under_lock
                0x100012cc       0x94 CMakeFiles/ErgoMag.dir/C_/VSARM/sdk/pico/pico-sdk/src/common/pico_time/time.c.obj
 .text.alarm_pool_alarm_callback
                0x10001360      0x210 CMakeFiles/ErgoMag.dir/C_/VSARM/sdk/pico/pico-sdk/src/common/pico_time/time.c.obj
 .text.alarm_pool_init_default
                0x10001570       0x40 CMakeFiles/ErgoMag.dir/C_/VSARM/sdk/pico/pico-sdk/src/common/pico_time/time.c.obj
                0x10001570                alarm_pool_init_default
 .text.alarm_pool_get_default
                0x100015b0       0x2c CMakeFiles/ErgoMag.dir/C_/VSARM/sdk/pico/pico-sdk/src/common/pico_time/time.c.obj
                0x100015b0                alarm_pool_get_default
 .text.alarm_pool_add_alarm_at
                0x100015dc      0x10e CMakeFiles/ErgoMag.dir/C_/VSARM/sdk/pico/pico-sdk/src/common/pico_time/time.c.obj
                0x100015dc                alarm_pool_add_alarm_at
 .text.add_alarm_at
                0x100016ea       0x2e CMakeFiles/ErgoMag.dir/C_/VSARM/sdk/pico/pico-sdk/src/common/pico_time/time.c.obj
 .text.alarm_pool_cancel_alarm
                0x10001718       0xa8 CMakeFiles/ErgoMag.dir/C_/VSARM/sdk/pico/pico-sdk/src/common/pico_time/time.c.obj
                0x10001718                alarm_pool_cancel_alarm
 .text.cancel_alarm
                0x100017c0       0x10 CMakeFiles/ErgoMag.dir/C_/VSARM/sdk/pico/pico-sdk/src/common/pico_time/time.c.obj
 .text.alarm_pool_core_num
                0x100017d0        0x4 CMakeFiles/ErgoMag.dir/C_/VSARM/sdk/pico/pico-sdk/src/common/pico_time/time.c.obj
                0x100017d0                alarm_pool_core_num
 .text.sleep_until
                0x100017d4       0xb0 CMakeFiles/ErgoMag.dir/C_/VSARM/sdk/pico/pico-sdk/src/common/pico_time/time.c.obj
                0x100017d4                sleep_until
 .text.sleep_us
                0x10001884       0x1a CMakeFiles/ErgoMag.dir/C_/VSARM/sdk/pico/pico-sdk/src/common/pico_time/time.c.obj
                0x10001884                sleep_us
 .text.sleep_ms
                0x1000189e       0x14 CMakeFiles/ErgoMag.dir/C_/VSARM/sdk/pico/pico-sdk/src/common/pico_time/time.c.obj
                0x1000189e                sleep_ms
 *fill*         0x100018b2        0x2 
 .text.best_effort_wfe_or_timeout
                0x100018b4       0x44 CMakeFiles/ErgoMag.dir/C_/VSARM/sdk/pico/pico-sdk/src/common/pico_time/time.c.obj
                0x100018b4                best_effort_wfe_or_timeout
 .text.hardware_alarm_irq_handler
                0x100018f8       0x8c CMakeFiles/ErgoMag.dir/C_/VSARM/sdk/pico/pico-sdk/src/rp2_common/hardware_timer/timer.c.obj
 .text.hardware_alarm_claim
                0x10001984       0x18 CMakeFiles/ErgoMag.dir/C_/VSARM/sdk/pico/pico-sdk/src/rp2_common/hardware_timer/timer.c.obj
                0x10001984                hardware_alarm_claim
 .text.time_us_64
                0x1000199c       0x18 CMakeFiles/ErgoMag.dir/C_/VSARM/sdk/pico/pico-sdk/src/rp2_common/hardware_timer/timer.c.obj
                0x1000199c                time_us_64
 .text.busy_wait_until
                0x100019b4       0x28 CMakeFiles/ErgoMag.dir/C_/VSARM/sdk/pico/pico-sdk/src/rp2_common/hardware_timer/timer.c.obj
                0x100019b4                busy_wait_until
 .text.hardware_alarm_set_callback
                0x100019dc       0x90 CMakeFiles/ErgoMag.dir/C_/VSARM/sdk/pico/pico-sdk/src/rp2_common/hardware_timer/timer.c.obj
                0x100019dc                hardware_alarm_set_callback
 .text.hardware_alarm_set_target
                0x10001a6c       0xe8 CMakeFiles/ErgoMag.dir/C_/VSARM/sdk/pico/pico-sdk/src/rp2_common/hardware_timer/timer.c.obj
                0x10001a6c                hardware_alarm_set_target
 .text.hardware_alarm_cancel
                0x10001b54       0x40 CMakeFiles/ErgoMag.dir/C_/VSARM/sdk/pico/pico-sdk/src/rp2_common/hardware_timer/timer.c.obj
                0x10001b54                hardware_alarm_cancel
 .text.ph_get_node
                0x10001b94       0x30 CMakeFiles/ErgoMag.dir/C_/VSARM/sdk/pico/pico-sdk/src/common/pico_util/pheap.c.obj
 .text.ph_add_child_node
                0x10001bc4       0x6c CMakeFiles/ErgoMag.dir/C_/VSARM/sdk/pico/pico-sdk/src/common/pico_util/pheap.c.obj
 .text.ph_merge_nodes
                0x10001c30       0x3e CMakeFiles/ErgoMag.dir/C_/VSARM/sdk/pico/pico-sdk/src/common/pico_util/pheap.c.obj
 .text.ph_clear
                0x10001c6e       0x34 CMakeFiles/ErgoMag.dir/C_/VSARM/sdk/pico/pico-sdk/src/common/pico_util/pheap.c.obj
                0x10001c6e                ph_clear
 .text.ph_post_alloc_init
                0x10001ca2        0xe CMakeFiles/ErgoMag.dir/C_/VSARM/sdk/pico/pico-sdk/src/common/pico_util/pheap.c.obj
                0x10001ca2                ph_post_alloc_init
 .text.ph_merge_two_pass
                0x10001cb0       0x5c CMakeFiles/ErgoMag.dir/C_/VSARM/sdk/pico/pico-sdk/src/common/pico_util/pheap.c.obj
                0x10001cb0                ph_merge_two_pass
 .text.ph_remove_any_head
                0x10001d0c       0xc0 CMakeFiles/ErgoMag.dir/C_/VSARM/sdk/pico/pico-sdk/src/common/pico_util/pheap.c.obj
 .text.ph_remove_head
                0x10001dcc       0x14 CMakeFiles/ErgoMag.dir/C_/VSARM/sdk/pico/pico-sdk/src/common/pico_util/pheap.c.obj
                0x10001dcc                ph_remove_head
 .text.ph_remove_and_free_node
                0x10001de0       0xa0 CMakeFiles/ErgoMag.dir/C_/VSARM/sdk/pico/pico-sdk/src/common/pico_util/pheap.c.obj
                0x10001de0                ph_remove_and_free_node
 .text.clock_configure
                0x10001e80      0x108 CMakeFiles/ErgoMag.dir/C_/VSARM/sdk/pico/pico-sdk/src/rp2_common/hardware_clocks/clocks.c.obj
                0x10001e80                clock_configure
 .text.clocks_init
                0x10001f88      0x100 CMakeFiles/ErgoMag.dir/C_/VSARM/sdk/pico/pico-sdk/src/rp2_common/hardware_clocks/clocks.c.obj
                0x10001f88                clocks_init
 .text.pll_init
                0x10002088      0x120 CMakeFiles/ErgoMag.dir/C_/VSARM/sdk/pico/pico-sdk/src/rp2_common/hardware_pll/pll.c.obj
                0x10002088                pll_init
 .text.watchdog_start_tick
                0x100021a8       0x10 CMakeFiles/ErgoMag.dir/C_/VSARM/sdk/pico/pico-sdk/src/rp2_common/hardware_watchdog/watchdog.c.obj
                0x100021a8                watchdog_start_tick
 .text.watchdog_update
                0x100021b8       0x14 CMakeFiles/ErgoMag.dir/C_/VSARM/sdk/pico/pico-sdk/src/rp2_common/hardware_watchdog/watchdog.c.obj
                0x100021b8                watchdog_update
 .text._watchdog_enable
                0x100021cc       0x78 CMakeFiles/ErgoMag.dir/C_/VSARM/sdk/pico/pico-sdk/src/rp2_common/hardware_watchdog/watchdog.c.obj
                0x100021cc                _watchdog_enable
 .text.watchdog_reboot
                0x10002244       0x48 CMakeFiles/ErgoMag.dir/C_/VSARM/sdk/pico/pico-sdk/src/rp2_common/hardware_watchdog/watchdog.c.obj
                0x10002244                watchdog_reboot
 .text.xosc_init
                0x1000228c       0x28 CMakeFiles/ErgoMag.dir/C_/VSARM/sdk/pico/pico-sdk/src/rp2_common/hardware_xosc/xosc.c.obj
                0x1000228c                xosc_init
 .text._exit    0x100022b4        0x4 CMakeFiles/ErgoMag.dir/C_/VSARM/sdk/pico/pico-sdk/src/rp2_common/pico_runtime/runtime.c.obj
                0x100022b4                _exit
 .text.exit     0x100022b8        0x6 CMakeFiles/ErgoMag.dir/C_/VSARM/sdk/pico/pico-sdk/src/rp2_common/pico_runtime/runtime.c.obj
                0x100022b8                exit
 *fill*         0x100022be        0x2 
 .text.__assert_func
                0x100022c0       0x38 CMakeFiles/ErgoMag.dir/C_/VSARM/sdk/pico/pico-sdk/src/rp2_common/pico_runtime/runtime.c.obj
                0x100022c0                __assert_func
 .text.runtime_init
                0x100022f8       0xf8 CMakeFiles/ErgoMag.dir/C_/VSARM/sdk/pico/pico-sdk/src/rp2_common/pico_runtime/runtime.c.obj
                0x100022f8                runtime_init
 .text.panic    0x100023f0       0x30 CMakeFiles/ErgoMag.dir/C_/VSARM/sdk/pico/pico-sdk/src/rp2_common/pico_runtime/runtime.c.obj
                0x100023f0                panic
 .text._out_null
                0x10002420        0x2 CMakeFiles/ErgoMag.dir/C_/VSARM/sdk/pico/pico-sdk/src/rp2_common/pico_printf/printf.c.obj
 .text._out_fct
                0x10002422        0xe CMakeFiles/ErgoMag.dir/C_/VSARM/sdk/pico/pico-sdk/src/rp2_common/pico_printf/printf.c.obj
 .text._atoi    0x10002430       0x24 CMakeFiles/ErgoMag.dir/C_/VSARM/sdk/pico/pico-sdk/src/rp2_common/pico_printf/printf.c.obj
 .text._out_rev
                0x10002454       0xae CMakeFiles/ErgoMag.dir/C_/VSARM/sdk/pico/pico-sdk/src/rp2_common/pico_printf/printf.c.obj
 .text._ntoa_format
                0x10002502      0x110 CMakeFiles/ErgoMag.dir/C_/VSARM/sdk/pico/pico-sdk/src/rp2_common/pico_printf/printf.c.obj
 .text._ntoa_long
                0x10002612       0xbc CMakeFiles/ErgoMag.dir/C_/VSARM/sdk/pico/pico-sdk/src/rp2_common/pico_printf/printf.c.obj
 .text._ntoa_long_long
                0x100026ce      0x10e CMakeFiles/ErgoMag.dir/C_/VSARM/sdk/pico/pico-sdk/src/rp2_common/pico_printf/printf.c.obj
 .text._etoa    0x100027dc      0x420 CMakeFiles/ErgoMag.dir/C_/VSARM/sdk/pico/pico-sdk/src/rp2_common/pico_printf/printf.c.obj
 .text._ftoa    0x10002bfc      0x354 CMakeFiles/ErgoMag.dir/C_/VSARM/sdk/pico/pico-sdk/src/rp2_common/pico_printf/printf.c.obj
 .text._vsnprintf
                0x10002f50      0x668 CMakeFiles/ErgoMag.dir/C_/VSARM/sdk/pico/pico-sdk/src/rp2_common/pico_printf/printf.c.obj
 .text.vfctprintf
                0x100035b8       0x20 CMakeFiles/ErgoMag.dir/C_/VSARM/sdk/pico/pico-sdk/src/rp2_common/pico_printf/printf.c.obj
                0x100035b8                vfctprintf
 .text          0x100035d8       0x10 CMakeFiles/ErgoMag.dir/C_/VSARM/sdk/pico/pico-sdk/src/rp2_common/pico_bit_ops/bit_ops_aeabi.S.obj
 .text.rom_func_lookup
                0x100035e8       0x10 CMakeFiles/ErgoMag.dir/C_/VSARM/sdk/pico/pico-sdk/src/rp2_common/pico_bootrom/bootrom.c.obj
                0x100035e8                rom_func_lookup
 .text.rom_data_lookup
                0x100035f8       0x10 CMakeFiles/ErgoMag.dir/C_/VSARM/sdk/pico/pico-sdk/src/rp2_common/pico_bootrom/bootrom.c.obj
                0x100035f8                rom_data_lookup
 .text.rom_funcs_lookup
                0x10003608       0x36 CMakeFiles/ErgoMag.dir/C_/VSARM/sdk/pico/pico-sdk/src/rp2_common/pico_bootrom/bootrom.c.obj
                0x10003608                rom_funcs_lookup
 *fill*         0x1000363e        0x2 
 .text.__wrap___aeabi_idiv
                0x10003640       0x50 CMakeFiles/ErgoMag.dir/C_/VSARM/sdk/pico/pico-sdk/src/rp2_common/pico_divider/divider.S.obj
                0x10003640                __wrap___aeabi_idivmod
                0x10003640                divmod_s32s32
                0x10003640                div_s32s32
                0x10003640                __wrap___aeabi_idiv
                0x10003648                divmod_s32s32_unsafe
                0x10003674                divmod_s32s32_savestate
 .text.__wrap___aeabi_uidiv
                0x10003690       0x4c CMakeFiles/ErgoMag.dir/C_/VSARM/sdk/pico/pico-sdk/src/rp2_common/pico_divider/divider.S.obj
                0x10003690                __wrap___aeabi_uidiv
                0x10003690                __wrap___aeabi_uidivmod
                0x10003690                div_u32u32
                0x10003690                divmod_u32u32
                0x10003698                divmod_u32u32_unsafe
                0x100036c0                divmod_u32u32_savestate
 .text.__wrap___aeabi_ldiv
                0x100036dc      0x424 CMakeFiles/ErgoMag.dir/C_/VSARM/sdk/pico/pico-sdk/src/rp2_common/pico_divider/divider.S.obj
                0x100036dc                div_s64s64
                0x100036dc                divmod_s64s64
                0x100036dc                __wrap___aeabi_ldivmod
                0x1000370c                divmod_u64u64
                0x1000370c                div_u64u64
                0x1000370c                __wrap___aeabi_uldivmod
                0x1000371c                divmod_u64u64_savestate
                0x1000373c                divmod_s64s64_unsafe
                0x100037c4                divmod_u64u64_unsafe
 .text.__wrap___aeabi_darithmetic
                0x10003b00       0x80 CMakeFiles/ErgoMag.dir/C_/VSARM/sdk/pico/pico-sdk/src/rp2_common/pico_double/double_aeabi.S.obj
                0x10003b00                __wrap___aeabi_drsub
                0x10003b06                __wrap___aeabi_dsub
                0x10003b18                __wrap___aeabi_dadd
                0x10003b2a                __wrap___aeabi_ddiv
                0x10003b66                __wrap___aeabi_dmul
 .text.__wrap___aeabi_cdcmple
                0x10003b80       0x6c CMakeFiles/ErgoMag.dir/C_/VSARM/sdk/pico/pico-sdk/src/rp2_common/pico_double/double_aeabi.S.obj
                0x10003b80                __wrap___aeabi_cdrcmple
                0x10003b90                __wrap___aeabi_cdcmpeq
                0x10003b90                __wrap___aeabi_cdcmple
 .text.__wrap___aeabi_dcmplt
                0x10003bec        0xc CMakeFiles/ErgoMag.dir/C_/VSARM/sdk/pico/pico-sdk/src/rp2_common/pico_double/double_aeabi.S.obj
                0x10003bec                __wrap___aeabi_dcmplt
 .text.__wrap___aeabi_dcmple
                0x10003bf8       0x10 CMakeFiles/ErgoMag.dir/C_/VSARM/sdk/pico/pico-sdk/src/rp2_common/pico_double/double_aeabi.S.obj
                0x10003bf8                __wrap___aeabi_dcmple
 .text.__wrap___aeabi_dcmpge
                0x10003c08       0x10 CMakeFiles/ErgoMag.dir/C_/VSARM/sdk/pico/pico-sdk/src/rp2_common/pico_double/double_aeabi.S.obj
                0x10003c08                __wrap___aeabi_dcmpge
 .text.__wrap___aeabi_dcmpgt
                0x10003c18        0xa CMakeFiles/ErgoMag.dir/C_/VSARM/sdk/pico/pico-sdk/src/rp2_common/pico_double/double_aeabi.S.obj
                0x10003c18                __wrap___aeabi_dcmpgt
 .text.__wrap___aeabi_dcmpun
                0x10003c22       0x1c CMakeFiles/ErgoMag.dir/C_/VSARM/sdk/pico/pico-sdk/src/rp2_common/pico_double/double_aeabi.S.obj
                0x10003c22                __wrap___aeabi_dcmpun
 *fill*         0x10003c3e        0x2 
 .text.__wrap___aeabi_i2d
                0x10003c40       0x38 CMakeFiles/ErgoMag.dir/C_/VSARM/sdk/pico/pico-sdk/src/rp2_common/pico_double/double_aeabi.S.obj
                0x10003c40                __wrap___aeabi_ui2d
                0x10003c48                __wrap___aeabi_i2d
 .text.__wrap___aeabi_d2iz
                0x10003c78       0x48 CMakeFiles/ErgoMag.dir/C_/VSARM/sdk/pico/pico-sdk/src/rp2_common/pico_double/double_aeabi.S.obj
                0x10003c78                double2int_z
                0x10003c78                __wrap___aeabi_d2iz
 .text.__wrap___aeabi_d2uiz
                0x10003cc0       0x18 CMakeFiles/ErgoMag.dir/C_/VSARM/sdk/pico/pico-sdk/src/rp2_common/pico_double/double_aeabi.S.obj
                0x10003cc0                __wrap___aeabi_d2uiz
                0x10003cc0                double2uint
 .text.__wrap___aeabi_d2f
                0x10003cd8       0x18 CMakeFiles/ErgoMag.dir/C_/VSARM/sdk/pico/pico-sdk/src/rp2_common/pico_double/double_aeabi.S.obj
                0x10003cd8                __wrap___aeabi_d2f
 .text.__aeabi_double_init
                0x10003cf0       0xcc CMakeFiles/ErgoMag.dir/C_/VSARM/sdk/pico/pico-sdk/src/rp2_common/pico_double/double_init_rom.c.obj
                0x10003cf0                __aeabi_double_init
 .text.double_table_shim_on_use_helper
                0x10003dbc       0x34 CMakeFiles/ErgoMag.dir/C_/VSARM/sdk/pico/pico-sdk/src/rp2_common/pico_double/double_v1_rom_shim.S.obj
                0x10003dbc                double_table_shim_on_use_helper
 .text.__wrap___aeabi_dsub
                0x10003df0       0x10 CMakeFiles/ErgoMag.dir/C_/VSARM/sdk/pico/pico-sdk/src/rp2_common/pico_double/double_v1_rom_shim.S.obj
                0x10003df0                drsub_shim
                0x10003df6                dsub_shim
 .text.dadd_shim
                0x10003e00      0x15c CMakeFiles/ErgoMag.dir/C_/VSARM/sdk/pico/pico-sdk/src/rp2_common/pico_double/double_v1_rom_shim.S.obj
                0x10003e00                dadd_shim
 .text.dmul_shim
                0x10003f5c      0x15c CMakeFiles/ErgoMag.dir/C_/VSARM/sdk/pico/pico-sdk/src/rp2_common/pico_double/double_v1_rom_shim.S.obj
                0x10003f5c                dmul_shim
 .text.ddiv_shim
                0x100040b8      0x1b0 CMakeFiles/ErgoMag.dir/C_/VSARM/sdk/pico/pico-sdk/src/rp2_common/pico_double/double_v1_rom_shim.S.obj
                0x100040b8                ddiv_shim
 .text.double2uint_shim
                0x10004268        0xe CMakeFiles/ErgoMag.dir/C_/VSARM/sdk/pico/pico-sdk/src/rp2_common/pico_double/double_v1_rom_shim.S.obj
                0x10004268                double2uint_shim
                0x1000426a                double2ufix_shim
 *fill*         0x10004276        0x2 
 .text.double2uint64_shim
                0x10004278       0x70 CMakeFiles/ErgoMag.dir/C_/VSARM/sdk/pico/pico-sdk/src/rp2_common/pico_double/double_v1_rom_shim.S.obj
                0x10004278                double2uint64_shim
                0x1000427a                double2ufix64_shim
                0x1000429a                d2fix_a
 .text.double2float_shim
                0x100042e8       0x5c CMakeFiles/ErgoMag.dir/C_/VSARM/sdk/pico/pico-sdk/src/rp2_common/pico_double/double_v1_rom_shim.S.obj
                0x100042e8                double2float_shim
 .text.dunpacks
                0x10004344       0x3c CMakeFiles/ErgoMag.dir/C_/VSARM/sdk/pico/pico-sdk/src/rp2_common/pico_double/double_v1_rom_shim.S.obj
                0x10004344                dunpacks
 .text.__aeabi_lmul
                0x10004380       0x32 CMakeFiles/ErgoMag.dir/C_/VSARM/sdk/pico/pico-sdk/src/rp2_common/pico_int64_ops/pico_int64_ops_aeabi.S.obj
                0x10004380                __wrap___aeabi_lmul
 .text.__wrap___aeabi_ui2f
                0x100043b2        0xa CMakeFiles/ErgoMag.dir/C_/VSARM/sdk/pico/pico-sdk/src/rp2_common/pico_float/float_aeabi.S.obj
                0x100043b2                __wrap___aeabi_ui2f
 .text.__wrap___aeabi_i2f
                0x100043bc       0x44 CMakeFiles/ErgoMag.dir/C_/VSARM/sdk/pico/pico-sdk/src/rp2_common/pico_float/float_aeabi.S.obj
                0x100043bc                __wrap___aeabi_i2f
 .text.__wrap___aeabi_f2d
                0x10004400       0x14 CMakeFiles/ErgoMag.dir/C_/VSARM/sdk/pico/pico-sdk/src/rp2_common/pico_float/float_aeabi.S.obj
                0x10004400                __wrap___aeabi_f2d
 .text.__aeabi_float_init
                0x10004414       0xfc CMakeFiles/ErgoMag.dir/C_/VSARM/sdk/pico/pico-sdk/src/rp2_common/pico_float/float_init_rom.c.obj
                0x10004414                __aeabi_float_init
 .text.float_table_shim_on_use_helper
                0x10004510       0x34 CMakeFiles/ErgoMag.dir/C_/VSARM/sdk/pico/pico-sdk/src/rp2_common/pico_float/float_v1_rom_shim.S.obj
                0x10004510                float_table_shim_on_use_helper
 .text.float2double_shim
                0x10004544       0x30 CMakeFiles/ErgoMag.dir/C_/VSARM/sdk/pico/pico-sdk/src/rp2_common/pico_float/float_v1_rom_shim.S.obj
                0x10004544                float2double_shim
 .text          0x10004574       0x10 CMakeFiles/ErgoMag.dir/C_/VSARM/sdk/pico/pico-sdk/src/rp2_common/pico_mem_ops/mem_ops_aeabi.S.obj
                0x10004574                __aeabi_mem_init
 .text.memset   0x10004584        0xc CMakeFiles/ErgoMag.dir/C_/VSARM/sdk/pico/pico-sdk/src/rp2_common/pico_mem_ops/mem_ops_aeabi.S.obj
                0x10004584                __wrap_memset
 .text.memcpy   0x10004590        0xc CMakeFiles/ErgoMag.dir/C_/VSARM/sdk/pico/pico-sdk/src/rp2_common/pico_mem_ops/mem_ops_aeabi.S.obj
                0x10004590                __wrap_memcpy
                0x10004590                __wrap___aeabi_memcpy
 .text.stdio_out_chars_no_crlf
                0x1000459c        0xe CMakeFiles/ErgoMag.dir/C_/VSARM/sdk/pico/pico-sdk/src/rp2_common/pico_stdio/stdio.c.obj
 *fill*         0x100045aa        0x2 
 .text.stdio_out_chars_crlf
                0x100045ac       0x80 CMakeFiles/ErgoMag.dir/C_/VSARM/sdk/pico/pico-sdk/src/rp2_common/pico_stdio/stdio.c.obj
 .text.stdio_stack_buffer_flush
                0x1000462c       0x44 CMakeFiles/ErgoMag.dir/C_/VSARM/sdk/pico/pico-sdk/src/rp2_common/pico_stdio/stdio.c.obj
 .text.stdio_buffered_printer
                0x10004670       0x20 CMakeFiles/ErgoMag.dir/C_/VSARM/sdk/pico/pico-sdk/src/rp2_common/pico_stdio/stdio.c.obj
 .text.update_us_since_boot
                0x10004690       0x24 CMakeFiles/ErgoMag.dir/C_/VSARM/sdk/pico/pico-sdk/src/rp2_common/pico_stdio/stdio.c.obj
 .text.get_absolute_time
                0x100046b4       0x22 CMakeFiles/ErgoMag.dir/C_/VSARM/sdk/pico/pico-sdk/src/rp2_common/pico_stdio/stdio.c.obj
 *fill*         0x100046d6        0x2 
 .text.delayed_by_ms
                0x100046d8       0x44 CMakeFiles/ErgoMag.dir/C_/VSARM/sdk/pico/pico-sdk/src/rp2_common/pico_stdio/stdio.c.obj
 .text.make_timeout_time_ms
                0x1000471c       0x20 CMakeFiles/ErgoMag.dir/C_/VSARM/sdk/pico/pico-sdk/src/rp2_common/pico_stdio/stdio.c.obj
 .text.stdout_serialize_begin
                0x1000473c       0x20 CMakeFiles/ErgoMag.dir/C_/VSARM/sdk/pico/pico-sdk/src/rp2_common/pico_stdio/stdio.c.obj
                0x1000473c                stdout_serialize_begin
 .text.stdout_serialize_end
                0x1000475c       0x10 CMakeFiles/ErgoMag.dir/C_/VSARM/sdk/pico/pico-sdk/src/rp2_common/pico_stdio/stdio.c.obj
                0x1000475c                stdout_serialize_end
 .text.stdio_put_string
                0x1000476c       0x98 CMakeFiles/ErgoMag.dir/C_/VSARM/sdk/pico/pico-sdk/src/rp2_common/pico_stdio/stdio.c.obj
 .text.stdio_set_driver_enabled
                0x10004804       0x2c CMakeFiles/ErgoMag.dir/C_/VSARM/sdk/pico/pico-sdk/src/rp2_common/pico_stdio/stdio.c.obj
                0x10004804                stdio_set_driver_enabled
 .text.stdio_flush
                0x10004830       0x20 CMakeFiles/ErgoMag.dir/C_/VSARM/sdk/pico/pico-sdk/src/rp2_common/pico_stdio/stdio.c.obj
                0x10004830                stdio_flush
 .text.__wrap_puts
                0x10004850       0x1e CMakeFiles/ErgoMag.dir/C_/VSARM/sdk/pico/pico-sdk/src/rp2_common/pico_stdio/stdio.c.obj
                0x10004850                __wrap_puts
 *fill*         0x1000486e        0x2 
 .text.__wrap_vprintf
                0x10004870       0x40 CMakeFiles/ErgoMag.dir/C_/VSARM/sdk/pico/pico-sdk/src/rp2_common/pico_stdio/stdio.c.obj
                0x10004870                __wrap_vprintf
 .text.__wrap_printf
                0x100048b0       0x18 CMakeFiles/ErgoMag.dir/C_/VSARM/sdk/pico/pico-sdk/src/rp2_common/pico_stdio/stdio.c.obj
                0x100048b0                __wrap_printf
 .text.stdio_init_all
                0x100048c8        0x8 CMakeFiles/ErgoMag.dir/C_/VSARM/sdk/pico/pico-sdk/src/rp2_common/pico_stdio/stdio.c.obj
                0x100048c8                stdio_init_all
 .text.resetd_init
                0x100048d0        0x2 CMakeFiles/ErgoMag.dir/C_/VSARM/sdk/pico/pico-sdk/src/rp2_common/pico_stdio_usb/reset_interface.c.obj
 *fill*         0x100048d2        0x2 
 .text.resetd_reset
                0x100048d4        0xc CMakeFiles/ErgoMag.dir/C_/VSARM/sdk/pico/pico-sdk/src/rp2_common/pico_stdio_usb/reset_interface.c.obj
 .text.resetd_open
                0x100048e0       0x34 CMakeFiles/ErgoMag.dir/C_/VSARM/sdk/pico/pico-sdk/src/rp2_common/pico_stdio_usb/reset_interface.c.obj
 .text.resetd_xfer_cb
                0x10004914        0x4 CMakeFiles/ErgoMag.dir/C_/VSARM/sdk/pico/pico-sdk/src/rp2_common/pico_stdio_usb/reset_interface.c.obj
 .text.reset_usb_boot
                0x10004918       0x18 CMakeFiles/ErgoMag.dir/C_/VSARM/sdk/pico/pico-sdk/src/rp2_common/pico_stdio_usb/reset_interface.c.obj
 .text.resetd_control_xfer_cb
                0x10004930       0x5c CMakeFiles/ErgoMag.dir/C_/VSARM/sdk/pico/pico-sdk/src/rp2_common/pico_stdio_usb/reset_interface.c.obj
 .text.usbd_app_driver_get_cb
                0x1000498c        0xc CMakeFiles/ErgoMag.dir/C_/VSARM/sdk/pico/pico-sdk/src/rp2_common/pico_stdio_usb/reset_interface.c.obj
                0x1000498c                usbd_app_driver_get_cb
 .text.tud_cdc_line_coding_cb
                0x10004998       0x28 CMakeFiles/ErgoMag.dir/C_/VSARM/sdk/pico/pico-sdk/src/rp2_common/pico_stdio_usb/reset_interface.c.obj
                0x10004998                tud_cdc_line_coding_cb
 .text.stdio_usb_set_chars_available_callback
                0x100049c0       0x14 CMakeFiles/ErgoMag.dir/C_/VSARM/sdk/pico/pico-sdk/src/rp2_common/pico_stdio_usb/stdio_usb.c.obj
                0x100049c0                stdio_usb_set_chars_available_callback
 .text.update_us_since_boot
                0x100049d4       0x24 CMakeFiles/ErgoMag.dir/C_/VSARM/sdk/pico/pico-sdk/src/rp2_common/pico_stdio_usb/stdio_usb.c.obj
 .text.get_absolute_time
                0x100049f8       0x22 CMakeFiles/ErgoMag.dir/C_/VSARM/sdk/pico/pico-sdk/src/rp2_common/pico_stdio_usb/stdio_usb.c.obj
 *fill*         0x10004a1a        0x2 
 .text.delayed_by_ms
                0x10004a1c       0x44 CMakeFiles/ErgoMag.dir/C_/VSARM/sdk/pico/pico-sdk/src/rp2_common/pico_stdio_usb/stdio_usb.c.obj
 .text.make_timeout_time_ms
                0x10004a60       0x20 CMakeFiles/ErgoMag.dir/C_/VSARM/sdk/pico/pico-sdk/src/rp2_common/pico_stdio_usb/stdio_usb.c.obj
 .text.delayed_by_us
                0x10004a80       0x34 CMakeFiles/ErgoMag.dir/C_/VSARM/sdk/pico/pico-sdk/src/rp2_common/pico_stdio_usb/stdio_usb.c.obj
 .text.usb_irq  0x10004ab4       0x10 CMakeFiles/ErgoMag.dir/C_/VSARM/sdk/pico/pico-sdk/src/rp2_common/pico_stdio_usb/stdio_usb.c.obj
 .text.critical_section_enter_blocking
                0x10004ac4       0x16 CMakeFiles/ErgoMag.dir/C_/VSARM/sdk/pico/pico-sdk/src/rp2_common/pico_stdio_usb/stdio_usb.c.obj
 *fill*         0x10004ada        0x2 
 .text.timer_task
                0x10004adc       0x4c CMakeFiles/ErgoMag.dir/C_/VSARM/sdk/pico/pico-sdk/src/rp2_common/pico_stdio_usb/stdio_usb.c.obj
 .text.alarm_pool_add_alarm_in_us
                0x10004b28       0x3a CMakeFiles/ErgoMag.dir/C_/VSARM/sdk/pico/pico-sdk/src/rp2_common/pico_stdio_usb/stdio_usb.c.obj
 .text.add_alarm_in_us
                0x10004b62       0x2e CMakeFiles/ErgoMag.dir/C_/VSARM/sdk/pico/pico-sdk/src/rp2_common/pico_stdio_usb/stdio_usb.c.obj
 .text.low_priority_worker_irq
                0x10004b90       0x7c CMakeFiles/ErgoMag.dir/C_/VSARM/sdk/pico/pico-sdk/src/rp2_common/pico_stdio_usb/stdio_usb.c.obj
 .text.tud_cdc_rx_cb
                0x10004c0c       0x20 CMakeFiles/ErgoMag.dir/C_/VSARM/sdk/pico/pico-sdk/src/rp2_common/pico_stdio_usb/stdio_usb.c.obj
                0x10004c0c                tud_cdc_rx_cb
 .text.stdio_usb_init
                0x10004c2c       0xd0 CMakeFiles/ErgoMag.dir/C_/VSARM/sdk/pico/pico-sdk/src/rp2_common/pico_stdio_usb/stdio_usb.c.obj
                0x10004c2c                stdio_usb_init
 .text.stdio_usb_connected
                0x10004cfc        0xa CMakeFiles/ErgoMag.dir/C_/VSARM/sdk/pico/pico-sdk/src/rp2_common/pico_stdio_usb/stdio_usb.c.obj
                0x10004cfc                stdio_usb_connected
 *fill*         0x10004d06        0x2 
 .text.stdio_usb_in_chars
                0x10004d08       0x88 CMakeFiles/ErgoMag.dir/C_/VSARM/sdk/pico/pico-sdk/src/rp2_common/pico_stdio_usb/stdio_usb.c.obj
                0x10004d08                stdio_usb_in_chars
 .text.stdio_usb_out_chars
                0x10004d90       0xd8 CMakeFiles/ErgoMag.dir/C_/VSARM/sdk/pico/pico-sdk/src/rp2_common/pico_stdio_usb/stdio_usb.c.obj
 .text.tud_descriptor_device_cb
                0x10004e68        0x8 CMakeFiles/ErgoMag.dir/C_/VSARM/sdk/pico/pico-sdk/src/rp2_common/pico_stdio_usb/stdio_usb_descriptors.c.obj
                0x10004e68                tud_descriptor_device_cb
 .text.tud_descriptor_configuration_cb
                0x10004e70        0x8 CMakeFiles/ErgoMag.dir/C_/VSARM/sdk/pico/pico-sdk/src/rp2_common/pico_stdio_usb/stdio_usb_descriptors.c.obj
                0x10004e70                tud_descriptor_configuration_cb
 .text.tud_descriptor_string_cb
                0x10004e78       0x6c CMakeFiles/ErgoMag.dir/C_/VSARM/sdk/pico/pico-sdk/src/rp2_common/pico_stdio_usb/stdio_usb_descriptors.c.obj
                0x10004e78                tud_descriptor_string_cb
 .text._retrieve_unique_id_on_boot
                0x10004ee4       0x10 CMakeFiles/ErgoMag.dir/C_/VSARM/sdk/pico/pico-sdk/src/rp2_common/pico_unique_id/unique_id.c.obj
 .text.pico_get_unique_board_id_string
                0x10004ef4       0x5c CMakeFiles/ErgoMag.dir/C_/VSARM/sdk/pico/pico-sdk/src/rp2_common/pico_unique_id/unique_id.c.obj
                0x10004ef4                pico_get_unique_board_id_string
 .text.flash_get_unique_id
                0x10004f50       0x40 CMakeFiles/ErgoMag.dir/C_/VSARM/sdk/pico/pico-sdk/src/rp2_common/hardware_flash/flash.c.obj
                0x10004f50                flash_get_unique_id
 .text.hw_endpoint_get_by_addr
                0x10004f90       0x18 CMakeFiles/ErgoMag.dir/C_/VSARM/sdk/pico/pico-sdk/lib/tinyusb/src/portable/raspberrypi/rp2040/dcd_rp2040.c.obj
 .text._hw_endpoint_alloc
                0x10004fa8       0x70 CMakeFiles/ErgoMag.dir/C_/VSARM/sdk/pico/pico-sdk/lib/tinyusb/src/portable/raspberrypi/rp2040/dcd_rp2040.c.obj
 .text.hw_endpoint_init
                0x10005018       0x88 CMakeFiles/ErgoMag.dir/C_/VSARM/sdk/pico/pico-sdk/lib/tinyusb/src/portable/raspberrypi/rp2040/dcd_rp2040.c.obj
 .text.dcd_event_sof
                0x100050a0       0x2c CMakeFiles/ErgoMag.dir/C_/VSARM/sdk/pico/pico-sdk/lib/tinyusb/src/portable/raspberrypi/rp2040/dcd_rp2040.c.obj
 .text.hw_endpoint_xfer
                0x100050cc       0x14 CMakeFiles/ErgoMag.dir/C_/VSARM/sdk/pico/pico-sdk/lib/tinyusb/src/portable/raspberrypi/rp2040/dcd_rp2040.c.obj
 .text.dcd_int_enable
                0x100050e0       0x2c CMakeFiles/ErgoMag.dir/C_/VSARM/sdk/pico/pico-sdk/lib/tinyusb/src/portable/raspberrypi/rp2040/dcd_rp2040.c.obj
                0x100050e0                dcd_int_enable
 .text.dcd_set_address
                0x1000510c       0x2c CMakeFiles/ErgoMag.dir/C_/VSARM/sdk/pico/pico-sdk/lib/tinyusb/src/portable/raspberrypi/rp2040/dcd_rp2040.c.obj
                0x1000510c                dcd_set_address
 .text.dcd_connect
                0x10005138       0x10 CMakeFiles/ErgoMag.dir/C_/VSARM/sdk/pico/pico-sdk/lib/tinyusb/src/portable/raspberrypi/rp2040/dcd_rp2040.c.obj
                0x10005138                dcd_connect
 .text.dcd_init
                0x10005148       0x80 CMakeFiles/ErgoMag.dir/C_/VSARM/sdk/pico/pico-sdk/lib/tinyusb/src/portable/raspberrypi/rp2040/dcd_rp2040.c.obj
                0x10005148                dcd_init
 .text.dcd_edpt0_status_complete
                0x100051c8       0x1c CMakeFiles/ErgoMag.dir/C_/VSARM/sdk/pico/pico-sdk/lib/tinyusb/src/portable/raspberrypi/rp2040/dcd_rp2040.c.obj
                0x100051c8                dcd_edpt0_status_complete
 .text.dcd_edpt_open
                0x100051e4       0x40 CMakeFiles/ErgoMag.dir/C_/VSARM/sdk/pico/pico-sdk/lib/tinyusb/src/portable/raspberrypi/rp2040/dcd_rp2040.c.obj
                0x100051e4                dcd_edpt_open
 .text.dcd_edpt_close_all
                0x10005224        0x8 CMakeFiles/ErgoMag.dir/C_/VSARM/sdk/pico/pico-sdk/lib/tinyusb/src/portable/raspberrypi/rp2040/dcd_rp2040.c.obj
                0x10005224                dcd_edpt_close_all
 .text.dcd_edpt_xfer
                0x1000522c       0x34 CMakeFiles/ErgoMag.dir/C_/VSARM/sdk/pico/pico-sdk/lib/tinyusb/src/portable/raspberrypi/rp2040/dcd_rp2040.c.obj
                0x1000522c                dcd_edpt_xfer
 .text.dcd_edpt_stall
                0x10005260       0x2c CMakeFiles/ErgoMag.dir/C_/VSARM/sdk/pico/pico-sdk/lib/tinyusb/src/portable/raspberrypi/rp2040/dcd_rp2040.c.obj
                0x10005260                dcd_edpt_stall
 .text.dcd_edpt_clear_stall
                0x1000528c       0x20 CMakeFiles/ErgoMag.dir/C_/VSARM/sdk/pico/pico-sdk/lib/tinyusb/src/portable/raspberrypi/rp2040/dcd_rp2040.c.obj
                0x1000528c                dcd_edpt_clear_stall
 .text.rp2040_usb_init
                0x100052ac       0x4c CMakeFiles/ErgoMag.dir/C_/VSARM/sdk/pico/pico-sdk/lib/tinyusb/src/portable/raspberrypi/rp2040/rp2040_usb.c.obj
                0x100052ac                rp2040_usb_init
 .text.hw_endpoint_xfer_start
                0x100052f8       0x50 CMakeFiles/ErgoMag.dir/C_/VSARM/sdk/pico/pico-sdk/lib/tinyusb/src/portable/raspberrypi/rp2040/rp2040_usb.c.obj
                0x100052f8                hw_endpoint_xfer_start
 .text.configuration_reset
                0x10005348       0x84 CMakeFiles/ErgoMag.dir/C_/VSARM/sdk/pico/pico-sdk/lib/tinyusb/src/device/usbd.c.obj
 .text.critical_section_enter_blocking
                0x100053cc       0x16 CMakeFiles/ErgoMag.dir/C_/VSARM/sdk/pico/pico-sdk/lib/tinyusb/src/device/usbd.c.obj
 .text.usbd_reset
                0x100053e2        0xc CMakeFiles/ErgoMag.dir/C_/VSARM/sdk/pico/pico-sdk/lib/tinyusb/src/device/usbd.c.obj
 .text.invoke_class_control
                0x100053ee       0x1a CMakeFiles/ErgoMag.dir/C_/VSARM/sdk/pico/pico-sdk/lib/tinyusb/src/device/usbd.c.obj
 .text.process_set_config
                0x10005408      0x178 CMakeFiles/ErgoMag.dir/C_/VSARM/sdk/pico/pico-sdk/lib/tinyusb/src/device/usbd.c.obj
 .text.process_get_descriptor
                0x10005580       0xdc CMakeFiles/ErgoMag.dir/C_/VSARM/sdk/pico/pico-sdk/lib/tinyusb/src/device/usbd.c.obj
 .text.tud_mounted
                0x1000565c       0x10 CMakeFiles/ErgoMag.dir/C_/VSARM/sdk/pico/pico-sdk/lib/tinyusb/src/device/usbd.c.obj
                0x1000565c                tud_mounted
 .text.tud_suspended
                0x1000566c       0x10 CMakeFiles/ErgoMag.dir/C_/VSARM/sdk/pico/pico-sdk/lib/tinyusb/src/device/usbd.c.obj
                0x1000566c                tud_suspended
 .text.tud_inited
                0x1000567c       0x14 CMakeFiles/ErgoMag.dir/C_/VSARM/sdk/pico/pico-sdk/lib/tinyusb/src/device/usbd.c.obj
                0x1000567c                tud_inited
 .text.tud_init
                0x10005690       0xcc CMakeFiles/ErgoMag.dir/C_/VSARM/sdk/pico/pico-sdk/lib/tinyusb/src/device/usbd.c.obj
                0x10005690                tud_init
 .text.usbd_defer_func
                0x1000575c       0x2a CMakeFiles/ErgoMag.dir/C_/VSARM/sdk/pico/pico-sdk/lib/tinyusb/src/device/usbd.c.obj
                0x1000575c                usbd_defer_func
 *fill*         0x10005786        0x2 
 .text.usbd_edpt_open
                0x10005788       0x34 CMakeFiles/ErgoMag.dir/C_/VSARM/sdk/pico/pico-sdk/lib/tinyusb/src/device/usbd.c.obj
                0x10005788                usbd_edpt_open
 .text.usbd_open_edpt_pair
                0x100057bc       0x62 CMakeFiles/ErgoMag.dir/C_/VSARM/sdk/pico/pico-sdk/lib/tinyusb/src/device/usbd.c.obj
                0x100057bc                usbd_open_edpt_pair
 *fill*         0x1000581e        0x2 
 .text.usbd_edpt_claim
                0x10005820       0x28 CMakeFiles/ErgoMag.dir/C_/VSARM/sdk/pico/pico-sdk/lib/tinyusb/src/device/usbd.c.obj
                0x10005820                usbd_edpt_claim
 .text.usbd_edpt_release
                0x10005848       0x28 CMakeFiles/ErgoMag.dir/C_/VSARM/sdk/pico/pico-sdk/lib/tinyusb/src/device/usbd.c.obj
                0x10005848                usbd_edpt_release
 .text.usbd_edpt_xfer
                0x10005870       0x78 CMakeFiles/ErgoMag.dir/C_/VSARM/sdk/pico/pico-sdk/lib/tinyusb/src/device/usbd.c.obj
                0x10005870                usbd_edpt_xfer
 .text.usbd_edpt_stall
                0x100058e8       0x48 CMakeFiles/ErgoMag.dir/C_/VSARM/sdk/pico/pico-sdk/lib/tinyusb/src/device/usbd.c.obj
                0x100058e8                usbd_edpt_stall
 .text.usbd_edpt_clear_stall
                0x10005930       0x48 CMakeFiles/ErgoMag.dir/C_/VSARM/sdk/pico/pico-sdk/lib/tinyusb/src/device/usbd.c.obj
                0x10005930                usbd_edpt_clear_stall
 .text.usbd_edpt_stalled
                0x10005978       0x1c CMakeFiles/ErgoMag.dir/C_/VSARM/sdk/pico/pico-sdk/lib/tinyusb/src/device/usbd.c.obj
                0x10005978                usbd_edpt_stalled
 .text.process_control_request
                0x10005994      0x374 CMakeFiles/ErgoMag.dir/C_/VSARM/sdk/pico/pico-sdk/lib/tinyusb/src/device/usbd.c.obj
 .text.tud_task_ext
                0x10005d08      0x1a8 CMakeFiles/ErgoMag.dir/C_/VSARM/sdk/pico/pico-sdk/lib/tinyusb/src/device/usbd.c.obj
                0x10005d08                tud_task_ext
 .text._status_stage_xact
                0x10005eb0       0x1a CMakeFiles/ErgoMag.dir/C_/VSARM/sdk/pico/pico-sdk/lib/tinyusb/src/device/usbd_control.c.obj
 *fill*         0x10005eca        0x2 
 .text._data_stage_xact
                0x10005ecc       0x58 CMakeFiles/ErgoMag.dir/C_/VSARM/sdk/pico/pico-sdk/lib/tinyusb/src/device/usbd_control.c.obj
 .text.tud_control_status
                0x10005f24       0x28 CMakeFiles/ErgoMag.dir/C_/VSARM/sdk/pico/pico-sdk/lib/tinyusb/src/device/usbd_control.c.obj
                0x10005f24                tud_control_status
 .text.tud_control_xfer
                0x10005f4c       0x68 CMakeFiles/ErgoMag.dir/C_/VSARM/sdk/pico/pico-sdk/lib/tinyusb/src/device/usbd_control.c.obj
                0x10005f4c                tud_control_xfer
 .text.usbd_control_reset
                0x10005fb4       0x14 CMakeFiles/ErgoMag.dir/C_/VSARM/sdk/pico/pico-sdk/lib/tinyusb/src/device/usbd_control.c.obj
                0x10005fb4                usbd_control_reset
 .text.usbd_control_set_complete_callback
                0x10005fc8        0xc CMakeFiles/ErgoMag.dir/C_/VSARM/sdk/pico/pico-sdk/lib/tinyusb/src/device/usbd_control.c.obj
                0x10005fc8                usbd_control_set_complete_callback
 .text.usbd_control_set_request
                0x10005fd4       0x1c CMakeFiles/ErgoMag.dir/C_/VSARM/sdk/pico/pico-sdk/lib/tinyusb/src/device/usbd_control.c.obj
                0x10005fd4                usbd_control_set_request
 .text.usbd_control_xfer_cb
                0x10005ff0       0xbc CMakeFiles/ErgoMag.dir/C_/VSARM/sdk/pico/pico-sdk/lib/tinyusb/src/device/usbd_control.c.obj
                0x10005ff0                usbd_control_xfer_cb
 .text._prep_out_transaction
                0x100060ac       0x4a CMakeFiles/ErgoMag.dir/C_/VSARM/sdk/pico/pico-sdk/lib/tinyusb/src/class/cdc/cdc_device.c.obj
 *fill*         0x100060f6        0x2 
 .text.tud_cdc_n_connected
                0x100060f8       0x38 CMakeFiles/ErgoMag.dir/C_/VSARM/sdk/pico/pico-sdk/lib/tinyusb/src/class/cdc/cdc_device.c.obj
                0x100060f8                tud_cdc_n_connected
 .text.tud_cdc_n_available
                0x10006130       0x18 CMakeFiles/ErgoMag.dir/C_/VSARM/sdk/pico/pico-sdk/lib/tinyusb/src/class/cdc/cdc_device.c.obj
                0x10006130                tud_cdc_n_available
 .text.tud_cdc_n_read
                0x10006148       0x28 CMakeFiles/ErgoMag.dir/C_/VSARM/sdk/pico/pico-sdk/lib/tinyusb/src/class/cdc/cdc_device.c.obj
                0x10006148                tud_cdc_n_read
 .text.tud_cdc_n_write_flush
                0x10006170       0xb8 CMakeFiles/ErgoMag.dir/C_/VSARM/sdk/pico/pico-sdk/lib/tinyusb/src/class/cdc/cdc_device.c.obj
                0x10006170                tud_cdc_n_write_flush
 .text.tud_cdc_n_write
                0x10006228       0x38 CMakeFiles/ErgoMag.dir/C_/VSARM/sdk/pico/pico-sdk/lib/tinyusb/src/class/cdc/cdc_device.c.obj
                0x10006228                tud_cdc_n_write
 .text.tud_cdc_n_write_available
                0x10006260       0x1c CMakeFiles/ErgoMag.dir/C_/VSARM/sdk/pico/pico-sdk/lib/tinyusb/src/class/cdc/cdc_device.c.obj
                0x10006260                tud_cdc_n_write_available
 .text.cdcd_init
                0x1000627c       0xbc CMakeFiles/ErgoMag.dir/C_/VSARM/sdk/pico/pico-sdk/lib/tinyusb/src/class/cdc/cdc_device.c.obj
                0x1000627c                cdcd_init
 .text.cdcd_reset
                0x10006338       0x44 CMakeFiles/ErgoMag.dir/C_/VSARM/sdk/pico/pico-sdk/lib/tinyusb/src/class/cdc/cdc_device.c.obj
                0x10006338                cdcd_reset
 .text.cdcd_open
                0x1000637c       0xc4 CMakeFiles/ErgoMag.dir/C_/VSARM/sdk/pico/pico-sdk/lib/tinyusb/src/class/cdc/cdc_device.c.obj
                0x1000637c                cdcd_open
 .text.cdcd_control_xfer_cb
                0x10006440      0x134 CMakeFiles/ErgoMag.dir/C_/VSARM/sdk/pico/pico-sdk/lib/tinyusb/src/class/cdc/cdc_device.c.obj
                0x10006440                cdcd_control_xfer_cb
 .text.cdcd_xfer_cb
                0x10006574      0x130 CMakeFiles/ErgoMag.dir/C_/VSARM/sdk/pico/pico-sdk/lib/tinyusb/src/class/cdc/cdc_device.c.obj
                0x10006574                cdcd_xfer_cb
 .text.tusb_init
                0x100066a4        0xa CMakeFiles/ErgoMag.dir/C_/VSARM/sdk/pico/pico-sdk/lib/tinyusb/src/tusb.c.obj
                0x100066a4                tusb_init
 .text.tusb_inited
                0x100066ae        0xe CMakeFiles/ErgoMag.dir/C_/VSARM/sdk/pico/pico-sdk/lib/tinyusb/src/tusb.c.obj
                0x100066ae                tusb_inited
 .text.tu_edpt_claim
                0x100066bc       0x50 CMakeFiles/ErgoMag.dir/C_/VSARM/sdk/pico/pico-sdk/lib/tinyusb/src/tusb.c.obj
                0x100066bc                tu_edpt_claim
 .text.tu_edpt_release
                0x1000670c       0x38 CMakeFiles/ErgoMag.dir/C_/VSARM/sdk/pico/pico-sdk/lib/tinyusb/src/tusb.c.obj
                0x1000670c                tu_edpt_release
 .text.tu_edpt_validate
                0x10006744       0x78 CMakeFiles/ErgoMag.dir/C_/VSARM/sdk/pico/pico-sdk/lib/tinyusb/src/tusb.c.obj
                0x10006744                tu_edpt_validate
 .text.tu_edpt_bind_driver
                0x100067bc       0x26 CMakeFiles/ErgoMag.dir/C_/VSARM/sdk/pico/pico-sdk/lib/tinyusb/src/tusb.c.obj
                0x100067bc                tu_edpt_bind_driver
 .text.advance_index
                0x100067e2       0x1a CMakeFiles/ErgoMag.dir/C_/VSARM/sdk/pico/pico-sdk/lib/tinyusb/src/common/tusb_fifo.c.obj
 .text._tu_fifo_peek
                0x100067fc       0x56 CMakeFiles/ErgoMag.dir/C_/VSARM/sdk/pico/pico-sdk/lib/tinyusb/src/common/tusb_fifo.c.obj
 .text._ff_pull_const_addr
                0x10006852       0x4c CMakeFiles/ErgoMag.dir/C_/VSARM/sdk/pico/pico-sdk/lib/tinyusb/src/common/tusb_fifo.c.obj
 .text._ff_pull_n
                0x1000689e      0x110 CMakeFiles/ErgoMag.dir/C_/VSARM/sdk/pico/pico-sdk/lib/tinyusb/src/common/tusb_fifo.c.obj
 .text._tu_fifo_peek_n
                0x100069ae       0x6a CMakeFiles/ErgoMag.dir/C_/VSARM/sdk/pico/pico-sdk/lib/tinyusb/src/common/tusb_fifo.c.obj
 .text._tu_fifo_read_n
                0x10006a18       0x4e CMakeFiles/ErgoMag.dir/C_/VSARM/sdk/pico/pico-sdk/lib/tinyusb/src/common/tusb_fifo.c.obj
 .text._ff_push_const_addr
                0x10006a66       0x40 CMakeFiles/ErgoMag.dir/C_/VSARM/sdk/pico/pico-sdk/lib/tinyusb/src/common/tusb_fifo.c.obj
 .text._ff_push_n
                0x10006aa6      0x10c CMakeFiles/ErgoMag.dir/C_/VSARM/sdk/pico/pico-sdk/lib/tinyusb/src/common/tusb_fifo.c.obj
 .text._tu_fifo_write_n
                0x10006bb2       0xf0 CMakeFiles/ErgoMag.dir/C_/VSARM/sdk/pico/pico-sdk/lib/tinyusb/src/common/tusb_fifo.c.obj
 .text.tu_fifo_config
                0x10006ca2       0x7c CMakeFiles/ErgoMag.dir/C_/VSARM/sdk/pico/pico-sdk/lib/tinyusb/src/common/tusb_fifo.c.obj
                0x10006ca2                tu_fifo_config
 .text.tu_fifo_count
                0x10006d1e       0x2a CMakeFiles/ErgoMag.dir/C_/VSARM/sdk/pico/pico-sdk/lib/tinyusb/src/common/tusb_fifo.c.obj
                0x10006d1e                tu_fifo_count
 .text.tu_fifo_empty
                0x10006d48        0xe CMakeFiles/ErgoMag.dir/C_/VSARM/sdk/pico/pico-sdk/lib/tinyusb/src/common/tusb_fifo.c.obj
                0x10006d48                tu_fifo_empty
 .text.tu_fifo_full
                0x10006d56       0x28 CMakeFiles/ErgoMag.dir/C_/VSARM/sdk/pico/pico-sdk/lib/tinyusb/src/common/tusb_fifo.c.obj
                0x10006d56                tu_fifo_full
 .text.tu_fifo_remaining
                0x10006d7e       0x2c CMakeFiles/ErgoMag.dir/C_/VSARM/sdk/pico/pico-sdk/lib/tinyusb/src/common/tusb_fifo.c.obj
                0x10006d7e                tu_fifo_remaining
 .text.tu_fifo_read
                0x10006daa       0x42 CMakeFiles/ErgoMag.dir/C_/VSARM/sdk/pico/pico-sdk/lib/tinyusb/src/common/tusb_fifo.c.obj
                0x10006daa                tu_fifo_read
 .text.tu_fifo_read_n
                0x10006dec        0xa CMakeFiles/ErgoMag.dir/C_/VSARM/sdk/pico/pico-sdk/lib/tinyusb/src/common/tusb_fifo.c.obj
                0x10006dec                tu_fifo_read_n
 .text.tu_fifo_write
                0x10006df6       0x64 CMakeFiles/ErgoMag.dir/C_/VSARM/sdk/pico/pico-sdk/lib/tinyusb/src/common/tusb_fifo.c.obj
                0x10006df6                tu_fifo_write
 .text.tu_fifo_write_n
                0x10006e5a        0xa CMakeFiles/ErgoMag.dir/C_/VSARM/sdk/pico/pico-sdk/lib/tinyusb/src/common/tusb_fifo.c.obj
                0x10006e5a                tu_fifo_write_n
 .text.tu_fifo_clear
                0x10006e64       0x3e CMakeFiles/ErgoMag.dir/C_/VSARM/sdk/pico/pico-sdk/lib/tinyusb/src/common/tusb_fifo.c.obj
                0x10006e64                tu_fifo_clear
 .text.tu_fifo_set_overwritable
                0x10006ea2       0x46 CMakeFiles/ErgoMag.dir/C_/VSARM/sdk/pico/pico-sdk/lib/tinyusb/src/common/tusb_fifo.c.obj
                0x10006ea2                tu_fifo_set_overwritable
 .text.adc_init
                0x10006ee8       0x34 CMakeFiles/ErgoMag.dir/C_/VSARM/sdk/pico/pico-sdk/src/rp2_common/hardware_adc/adc.c.obj
                0x10006ee8                adc_init
 .text.strlen   0x10006f1c       0x5c C:/VSARM/armcc/13C7F1~1.2RE/bin/../lib/gcc/arm-none-eabi/13.2.1/thumb/v6-m/nofp\libg.a(libc_a-strlen-stub.o)
                0x10006f1c                strlen
 *(.fini)
 .fini          0x10006f78        0x4 C:/VSARM/armcc/13C7F1~1.2RE/bin/../lib/gcc/arm-none-eabi/13.2.1/thumb/v6-m/nofp/crti.o
                0x10006f78                _fini
 *fill*         0x10006f7c        0x4 
 .fini.__stub   0x10006f80       0xe0 linker stubs
 *crtbegin.o(.ctors)
 *crtbegin?.o(.ctors)
 *(EXCLUDE_FILE(*crtend.o *crtend?.o) .ctors)
 *(SORT_BY_NAME(.ctors.*))
 *(.ctors)
 *crtbegin.o(.dtors)
 *crtbegin?.o(.dtors)
 *(EXCLUDE_FILE(*crtend.o *crtend?.o) .dtors)
 *(SORT_BY_NAME(.dtors.*))
 *(.dtors)
 *(.eh_frame*)
 .eh_frame      0x10007060        0x0 C:/VSARM/armcc/13C7F1~1.2RE/bin/../lib/gcc/arm-none-eabi/13.2.1/thumb/v6-m/nofp/crtbegin.o
                0x10007060                        . = ALIGN (0x4)

.glue_7         0x10007060        0x0
 .glue_7        0x10007060        0x0 linker stubs

.glue_7t        0x10007060        0x0
 .glue_7t       0x10007060        0x0 linker stubs

.vfp11_veneer   0x10007060        0x0
 .vfp11_veneer  0x10007060        0x0 linker stubs

.v4_bx          0x10007060        0x0
 .v4_bx         0x10007060        0x0 linker stubs

.iplt           0x10007060        0x0
 .iplt          0x10007060        0x0 C:/VSARM/armcc/13C7F1~1.2RE/bin/../lib/gcc/arm-none-eabi/13.2.1/thumb/v6-m/nofp/crtbegin.o

.rodata         0x10007060     0x15e0
 *(EXCLUDE_FILE(*libm.a: *libc.a:*lib_a-mem*.o *libgcc.a:) .rodata*)
 .rodata.main.str1.4
                0x10007060      0xed3 CMakeFiles/ErgoMag.dir/main.c.obj
                                 0x7d (size before relaxing)
 *fill*         0x10007f33        0x1 
 .rodata.multiplexer_input_addresses
                0x10007f34       0x10 CMakeFiles/ErgoMag.dir/main.c.obj
                0x10007f34                multiplexer_input_addresses
 .rodata.multiplexer_select_addresses
                0x10007f44       0x10 CMakeFiles/ErgoMag.dir/main.c.obj
                0x10007f44                multiplexer_select_addresses
 .rodata.bit_mask
                0x10007f54       0x40 CMakeFiles/ErgoMag.dir/main.c.obj
                0x10007f54                bit_mask
 .rodata.spin_lock_claim_unused.str1.4
                0x10007f94       0x1b CMakeFiles/ErgoMag.dir/C_/VSARM/sdk/pico/pico-sdk/src/rp2_common/hardware_sync/sync.c.obj
 .rodata.resolve_branch.str1.4
                0x10007f94       0x55 CMakeFiles/ErgoMag.dir/C_/VSARM/sdk/pico/pico-sdk/src/rp2_common/hardware_irq/irq.c.obj
 .rodata.make_branch.str1.4
                0x10007f94       0x30 CMakeFiles/ErgoMag.dir/C_/VSARM/sdk/pico/pico-sdk/src/rp2_common/hardware_irq/irq.c.obj
 .rodata.insert_branch_and_link.str1.4
                0x10007f94       0x10 CMakeFiles/ErgoMag.dir/C_/VSARM/sdk/pico/pico-sdk/src/rp2_common/hardware_irq/irq.c.obj
 .rodata.irq_set_exclusive_handler.str1.4
                0x10007f94       0x36 CMakeFiles/ErgoMag.dir/C_/VSARM/sdk/pico/pico-sdk/src/rp2_common/hardware_irq/irq.c.obj
 .rodata.irq_add_shared_handler.str1.4
                0x10007f94       0xc2 CMakeFiles/ErgoMag.dir/C_/VSARM/sdk/pico/pico-sdk/src/rp2_common/hardware_irq/irq.c.obj
 .rodata.irq_remove_handler.str1.4
                0x10007f94       0x3a CMakeFiles/ErgoMag.dir/C_/VSARM/sdk/pico/pico-sdk/src/rp2_common/hardware_irq/irq.c.obj
 .rodata.irq_add_tail_to_free_list.str1.4
                0x10007f94       0x3a CMakeFiles/ErgoMag.dir/C_/VSARM/sdk/pico/pico-sdk/src/rp2_common/hardware_irq/irq.c.obj
 .rodata.user_irq_claim_unused.str1.4
                0x10007f94       0x1b CMakeFiles/ErgoMag.dir/C_/VSARM/sdk/pico/pico-sdk/src/rp2_common/hardware_irq/irq.c.obj
 .rodata.__func__.0
                0x10007f94       0x1a CMakeFiles/ErgoMag.dir/C_/VSARM/sdk/pico/pico-sdk/src/rp2_common/hardware_irq/irq.c.obj
 *fill*         0x10007fae        0x2 
 .rodata.__func__.1
                0x10007fb0       0x17 CMakeFiles/ErgoMag.dir/C_/VSARM/sdk/pico/pico-sdk/src/rp2_common/hardware_irq/irq.c.obj
 *fill*         0x10007fc7        0x1 
 .rodata.__func__.2
                0x10007fc8       0x13 CMakeFiles/ErgoMag.dir/C_/VSARM/sdk/pico/pico-sdk/src/rp2_common/hardware_irq/irq.c.obj
 *fill*         0x10007fdb        0x1 
 .rodata.__func__.3
                0x10007fdc        0xc CMakeFiles/ErgoMag.dir/C_/VSARM/sdk/pico/pico-sdk/src/rp2_common/hardware_irq/irq.c.obj
 .rodata.__func__.4
                0x10007fe8        0xf CMakeFiles/ErgoMag.dir/C_/VSARM/sdk/pico/pico-sdk/src/rp2_common/hardware_irq/irq.c.obj
 *fill*         0x10007ff7        0x1 
 .rodata.__func__.5
                0x10007ff8       0x17 CMakeFiles/ErgoMag.dir/C_/VSARM/sdk/pico/pico-sdk/src/rp2_common/hardware_irq/irq.c.obj
 *fill*         0x1000800f        0x1 
 .rodata.__func__.6
                0x10008010       0x1a CMakeFiles/ErgoMag.dir/C_/VSARM/sdk/pico/pico-sdk/src/rp2_common/hardware_irq/irq.c.obj
 .rodata.update_us_since_boot.str1.4
                0x1000802a       0x61 CMakeFiles/ErgoMag.dir/C_/VSARM/sdk/pico/pico-sdk/src/common/pico_sync/mutex.c.obj
 .rodata.str1.4
                0x1000802a       0x89 CMakeFiles/ErgoMag.dir/C_/VSARM/sdk/pico/pico-sdk/src/common/pico_sync/mutex.c.obj
 *fill*         0x1000802a        0x2 
 .rodata.__func__.1
                0x1000802c        0xb CMakeFiles/ErgoMag.dir/C_/VSARM/sdk/pico/pico-sdk/src/common/pico_sync/mutex.c.obj
 *fill*         0x10008037        0x1 
 .rodata.__func__.3
                0x10008038       0x18 CMakeFiles/ErgoMag.dir/C_/VSARM/sdk/pico/pico-sdk/src/common/pico_sync/mutex.c.obj
 .rodata.__func__.4
                0x10008050       0x15 CMakeFiles/ErgoMag.dir/C_/VSARM/sdk/pico/pico-sdk/src/common/pico_sync/mutex.c.obj
 .rodata.get_entry.str1.4
                0x10008065       0x5b CMakeFiles/ErgoMag.dir/C_/VSARM/sdk/pico/pico-sdk/src/common/pico_time/time.c.obj
 .rodata.update_us_since_boot.str1.4
                0x10008065       0x61 CMakeFiles/ErgoMag.dir/C_/VSARM/sdk/pico/pico-sdk/src/common/pico_time/time.c.obj
 .rodata.ph_get_node.str1.4
                0x10008065       0x66 CMakeFiles/ErgoMag.dir/C_/VSARM/sdk/pico/pico-sdk/src/common/pico_time/time.c.obj
 .rodata.ph_add_child_node.str1.4
                0x10008065       0x2e CMakeFiles/ErgoMag.dir/C_/VSARM/sdk/pico/pico-sdk/src/common/pico_time/time.c.obj
 .rodata.ph_insert_node.str1.4
                0x10008065        0x3 CMakeFiles/ErgoMag.dir/C_/VSARM/sdk/pico/pico-sdk/src/common/pico_time/time.c.obj
 .rodata.ph_free_node.str1.4
                0x10008065       0x38 CMakeFiles/ErgoMag.dir/C_/VSARM/sdk/pico/pico-sdk/src/common/pico_time/time.c.obj
 .rodata.add_alarm_under_lock.str1.4
                0x10008065       0x28 CMakeFiles/ErgoMag.dir/C_/VSARM/sdk/pico/pico-sdk/src/common/pico_time/time.c.obj
 .rodata.alarm_pool_alarm_callback.str1.4
                0x10008065       0x60 CMakeFiles/ErgoMag.dir/C_/VSARM/sdk/pico/pico-sdk/src/common/pico_time/time.c.obj
 .rodata.alarm_pool_get_default.str1.4
                0x10008065       0x21 CMakeFiles/ErgoMag.dir/C_/VSARM/sdk/pico/pico-sdk/src/common/pico_time/time.c.obj
 .rodata.alarm_pool_cancel_alarm.str1.4
                0x10008065       0x27 CMakeFiles/ErgoMag.dir/C_/VSARM/sdk/pico/pico-sdk/src/common/pico_time/time.c.obj
 .rodata.sleep_until.str1.4
                0x10008065       0x4d CMakeFiles/ErgoMag.dir/C_/VSARM/sdk/pico/pico-sdk/src/common/pico_time/time.c.obj
 *fill*         0x10008065        0x3 
 .rodata.__func__.1
                0x10008068       0x18 CMakeFiles/ErgoMag.dir/C_/VSARM/sdk/pico/pico-sdk/src/common/pico_time/time.c.obj
 .rodata.__func__.3
                0x10008080       0x17 CMakeFiles/ErgoMag.dir/C_/VSARM/sdk/pico/pico-sdk/src/common/pico_time/time.c.obj
 *fill*         0x10008097        0x1 
 .rodata.__func__.4
                0x10008098       0x12 CMakeFiles/ErgoMag.dir/C_/VSARM/sdk/pico/pico-sdk/src/common/pico_time/time.c.obj
 *fill*         0x100080aa        0x2 
 .rodata.__func__.5
                0x100080ac        0xd CMakeFiles/ErgoMag.dir/C_/VSARM/sdk/pico/pico-sdk/src/common/pico_time/time.c.obj
 *fill*         0x100080b9        0x3 
 .rodata.__func__.6
                0x100080bc       0x12 CMakeFiles/ErgoMag.dir/C_/VSARM/sdk/pico/pico-sdk/src/common/pico_time/time.c.obj
 *fill*         0x100080ce        0x2 
 .rodata.__func__.7
                0x100080d0        0xf CMakeFiles/ErgoMag.dir/C_/VSARM/sdk/pico/pico-sdk/src/common/pico_time/time.c.obj
 *fill*         0x100080df        0x1 
 .rodata.__func__.8
                0x100080e0        0xc CMakeFiles/ErgoMag.dir/C_/VSARM/sdk/pico/pico-sdk/src/common/pico_time/time.c.obj
 .rodata.__func__.9
                0x100080ec       0x15 CMakeFiles/ErgoMag.dir/C_/VSARM/sdk/pico/pico-sdk/src/common/pico_time/time.c.obj
 *fill*         0x10008101        0x3 
 .rodata.__func__.10
                0x10008104       0x15 CMakeFiles/ErgoMag.dir/C_/VSARM/sdk/pico/pico-sdk/src/common/pico_time/time.c.obj
 *fill*         0x10008119        0x3 
 .rodata.__func__.11
                0x1000811c       0x1a CMakeFiles/ErgoMag.dir/C_/VSARM/sdk/pico/pico-sdk/src/common/pico_time/time.c.obj
 *fill*         0x10008136        0x2 
 .rodata.__func__.12
                0x10008138        0xa CMakeFiles/ErgoMag.dir/C_/VSARM/sdk/pico/pico-sdk/src/common/pico_time/time.c.obj
 .rodata.hardware_alarm_claim.str1.4
                0x10008142       0x22 CMakeFiles/ErgoMag.dir/C_/VSARM/sdk/pico/pico-sdk/src/rp2_common/hardware_timer/timer.c.obj
 .rodata.hardware_alarm_set_target.str1.4
                0x10008142       0x65 CMakeFiles/ErgoMag.dir/C_/VSARM/sdk/pico/pico-sdk/src/rp2_common/hardware_timer/timer.c.obj
 *fill*         0x10008142        0x2 
 .rodata.__func__.0
                0x10008144       0x1a CMakeFiles/ErgoMag.dir/C_/VSARM/sdk/pico/pico-sdk/src/rp2_common/hardware_timer/timer.c.obj
 .rodata.ph_get_node.str1.4
                0x1000815e       0x66 CMakeFiles/ErgoMag.dir/C_/VSARM/sdk/pico/pico-sdk/src/common/pico_util/pheap.c.obj
 .rodata.ph_add_child_node.str1.4
                0x1000815e       0x2e CMakeFiles/ErgoMag.dir/C_/VSARM/sdk/pico/pico-sdk/src/common/pico_util/pheap.c.obj
 .rodata.ph_remove_any_head.str1.4
                0x1000815e       0xa0 CMakeFiles/ErgoMag.dir/C_/VSARM/sdk/pico/pico-sdk/src/common/pico_util/pheap.c.obj
 .rodata.ph_remove_and_free_node.str1.4
                0x1000815e       0x26 CMakeFiles/ErgoMag.dir/C_/VSARM/sdk/pico/pico-sdk/src/common/pico_util/pheap.c.obj
 *fill*         0x1000815e        0x2 
 .rodata.__func__.0
                0x10008160       0x18 CMakeFiles/ErgoMag.dir/C_/VSARM/sdk/pico/pico-sdk/src/common/pico_util/pheap.c.obj
 .rodata.__func__.1
                0x10008178       0x13 CMakeFiles/ErgoMag.dir/C_/VSARM/sdk/pico/pico-sdk/src/common/pico_util/pheap.c.obj
 *fill*         0x1000818b        0x1 
 .rodata.__func__.2
                0x1000818c       0x12 CMakeFiles/ErgoMag.dir/C_/VSARM/sdk/pico/pico-sdk/src/common/pico_util/pheap.c.obj
 *fill*         0x1000819e        0x2 
 .rodata.__func__.3
                0x100081a0        0xc CMakeFiles/ErgoMag.dir/C_/VSARM/sdk/pico/pico-sdk/src/common/pico_util/pheap.c.obj
 .rodata.clock_configure.str1.4
                0x100081ac       0x57 CMakeFiles/ErgoMag.dir/C_/VSARM/sdk/pico/pico-sdk/src/rp2_common/hardware_clocks/clocks.c.obj
 .rodata.__func__.1
                0x100081ac       0x10 CMakeFiles/ErgoMag.dir/C_/VSARM/sdk/pico/pico-sdk/src/rp2_common/hardware_clocks/clocks.c.obj
 .rodata.pll_init.str1.4
                0x100081bc      0x124 CMakeFiles/ErgoMag.dir/C_/VSARM/sdk/pico/pico-sdk/src/rp2_common/hardware_pll/pll.c.obj
 .rodata.__func__.0
                0x100081bc        0x9 CMakeFiles/ErgoMag.dir/C_/VSARM/sdk/pico/pico-sdk/src/rp2_common/hardware_pll/pll.c.obj
 .rodata.__assert_func.str1.4
                0x100081c5       0x43 CMakeFiles/ErgoMag.dir/C_/VSARM/sdk/pico/pico-sdk/src/rp2_common/pico_runtime/runtime.c.obj
 .rodata.runtime_init.str1.4
                0x100081c5       0x61 CMakeFiles/ErgoMag.dir/C_/VSARM/sdk/pico/pico-sdk/src/rp2_common/pico_runtime/runtime.c.obj
 .rodata.panic.str1.4
                0x100081c5       0x12 CMakeFiles/ErgoMag.dir/C_/VSARM/sdk/pico/pico-sdk/src/rp2_common/pico_runtime/runtime.c.obj
 *fill*         0x100081c5        0x3 
 .rodata.__func__.2
                0x100081c8        0xd CMakeFiles/ErgoMag.dir/C_/VSARM/sdk/pico/pico-sdk/src/rp2_common/pico_runtime/runtime.c.obj
 .rodata._ftoa.str1.4
                0x100081d5       0x15 CMakeFiles/ErgoMag.dir/C_/VSARM/sdk/pico/pico-sdk/src/rp2_common/pico_printf/printf.c.obj
 *fill*         0x100081d5        0x3 
 .rodata._vsnprintf
                0x100081d8      0x19c CMakeFiles/ErgoMag.dir/C_/VSARM/sdk/pico/pico-sdk/src/rp2_common/pico_printf/printf.c.obj
 *fill*         0x10008374        0x4 
 .rodata.pow10.0
                0x10008378       0x50 CMakeFiles/ErgoMag.dir/C_/VSARM/sdk/pico/pico-sdk/src/rp2_common/pico_printf/printf.c.obj
 .rodata.__aeabi_double_init.str1.4
                0x100083c8       0x9c CMakeFiles/ErgoMag.dir/C_/VSARM/sdk/pico/pico-sdk/src/rp2_common/pico_double/double_init_rom.c.obj
 .rodata.__func__.0
                0x100083c8       0x14 CMakeFiles/ErgoMag.dir/C_/VSARM/sdk/pico/pico-sdk/src/rp2_common/pico_double/double_init_rom.c.obj
 .rodata.__aeabi_float_init.str1.4
                0x100083dc       0x7e CMakeFiles/ErgoMag.dir/C_/VSARM/sdk/pico/pico-sdk/src/rp2_common/pico_float/float_init_rom.c.obj
 .rodata.__func__.0
                0x100083dc       0x13 CMakeFiles/ErgoMag.dir/C_/VSARM/sdk/pico/pico-sdk/src/rp2_common/pico_float/float_init_rom.c.obj
 .rodata.str1.4
                0x100083ef       0x3c CMakeFiles/ErgoMag.dir/C_/VSARM/sdk/pico/pico-sdk/src/rp2_common/pico_standard_link/binary_info.c.obj
 *fill*         0x100083ef        0x1 
 .rodata.__bi_81
                0x100083f0        0xc CMakeFiles/ErgoMag.dir/C_/VSARM/sdk/pico/pico-sdk/src/rp2_common/pico_standard_link/binary_info.c.obj
 .rodata.__bi_75
                0x100083fc        0xc CMakeFiles/ErgoMag.dir/C_/VSARM/sdk/pico/pico-sdk/src/rp2_common/pico_standard_link/binary_info.c.obj
 .rodata.__bi_44
                0x10008408        0xc CMakeFiles/ErgoMag.dir/C_/VSARM/sdk/pico/pico-sdk/src/rp2_common/pico_standard_link/binary_info.c.obj
 .rodata.update_us_since_boot.str1.4
                0x10008414       0x61 CMakeFiles/ErgoMag.dir/C_/VSARM/sdk/pico/pico-sdk/src/rp2_common/pico_stdio/stdio.c.obj
 .rodata.crlf_str.2
                0x10008414        0x2 CMakeFiles/ErgoMag.dir/C_/VSARM/sdk/pico/pico-sdk/src/rp2_common/pico_stdio/stdio.c.obj
 *fill*         0x10008416        0x2 
 .rodata.__func__.3
                0x10008418       0x15 CMakeFiles/ErgoMag.dir/C_/VSARM/sdk/pico/pico-sdk/src/rp2_common/pico_stdio/stdio.c.obj
 *fill*         0x1000842d        0x3 
 .rodata._resetd_driver
                0x10008430       0x18 CMakeFiles/ErgoMag.dir/C_/VSARM/sdk/pico/pico-sdk/src/rp2_common/pico_stdio_usb/reset_interface.c.obj
 .rodata.update_us_since_boot.str1.4
                0x10008448       0x61 CMakeFiles/ErgoMag.dir/C_/VSARM/sdk/pico/pico-sdk/src/rp2_common/pico_stdio_usb/stdio_usb.c.obj
 .rodata.stdio_usb_init.str1.4
                0x10008448       0x4d CMakeFiles/ErgoMag.dir/C_/VSARM/sdk/pico/pico-sdk/src/rp2_common/pico_stdio_usb/stdio_usb.c.obj
 .rodata.str1.4
                0x10008448       0x13 CMakeFiles/ErgoMag.dir/C_/VSARM/sdk/pico/pico-sdk/src/rp2_common/pico_stdio_usb/stdio_usb.c.obj
 .rodata.__bi_182.0
                0x10008448        0xc CMakeFiles/ErgoMag.dir/C_/VSARM/sdk/pico/pico-sdk/src/rp2_common/pico_stdio_usb/stdio_usb.c.obj
 .rodata.__func__.1
                0x10008454        0xf CMakeFiles/ErgoMag.dir/C_/VSARM/sdk/pico/pico-sdk/src/rp2_common/pico_stdio_usb/stdio_usb.c.obj
 *fill*         0x10008463        0x1 
 .rodata.__func__.3
                0x10008464       0x15 CMakeFiles/ErgoMag.dir/C_/VSARM/sdk/pico/pico-sdk/src/rp2_common/pico_stdio_usb/stdio_usb.c.obj
 .rodata.str1.4
                0x10008479       0x2a CMakeFiles/ErgoMag.dir/C_/VSARM/sdk/pico/pico-sdk/src/rp2_common/pico_stdio_usb/stdio_usb_descriptors.c.obj
 *fill*         0x10008479        0x3 
 .rodata.usbd_desc_str
                0x1000847c       0x18 CMakeFiles/ErgoMag.dir/C_/VSARM/sdk/pico/pico-sdk/src/rp2_common/pico_stdio_usb/stdio_usb_descriptors.c.obj
 .rodata.usbd_desc_cfg
                0x10008494       0x54 CMakeFiles/ErgoMag.dir/C_/VSARM/sdk/pico/pico-sdk/src/rp2_common/pico_stdio_usb/stdio_usb_descriptors.c.obj
 .rodata.usbd_desc_device
                0x100084e8       0x12 CMakeFiles/ErgoMag.dir/C_/VSARM/sdk/pico/pico-sdk/src/rp2_common/pico_stdio_usb/stdio_usb_descriptors.c.obj
 .rodata.pico_get_unique_board_id_string.str1.4
                0x100084fa       0x4d CMakeFiles/ErgoMag.dir/C_/VSARM/sdk/pico/pico-sdk/src/rp2_common/pico_unique_id/unique_id.c.obj
 *fill*         0x100084fa        0x2 
 .rodata.__func__.0
                0x100084fc       0x20 CMakeFiles/ErgoMag.dir/C_/VSARM/sdk/pico/pico-sdk/src/rp2_common/pico_unique_id/unique_id.c.obj
 .rodata.str1.4
                0x1000851c      0x15a CMakeFiles/ErgoMag.dir/C_/VSARM/sdk/pico/pico-sdk/src/rp2_common/hardware_flash/flash.c.obj
 .rodata.__func__.0
                0x1000851c        0xd CMakeFiles/ErgoMag.dir/C_/VSARM/sdk/pico/pico-sdk/src/rp2_common/hardware_flash/flash.c.obj
 .rodata._hw_endpoint_alloc.str1.4
                0x10008529       0xb5 CMakeFiles/ErgoMag.dir/C_/VSARM/sdk/pico/pico-sdk/lib/tinyusb/src/portable/raspberrypi/rp2040/dcd_rp2040.c.obj
 .rodata.str1.4
                0x10008529       0x14 CMakeFiles/ErgoMag.dir/C_/VSARM/sdk/pico/pico-sdk/lib/tinyusb/src/portable/raspberrypi/rp2040/dcd_rp2040.c.obj
 .rodata.dcd_int_enable.str1.4
                0x10008529        0xc CMakeFiles/ErgoMag.dir/C_/VSARM/sdk/pico/pico-sdk/lib/tinyusb/src/portable/raspberrypi/rp2040/dcd_rp2040.c.obj
 *fill*         0x10008529        0x3 
 .rodata.__func__.0
                0x1000852c        0xe CMakeFiles/ErgoMag.dir/C_/VSARM/sdk/pico/pico-sdk/lib/tinyusb/src/portable/raspberrypi/rp2040/dcd_rp2040.c.obj
 *fill*         0x1000853a        0x2 
 .rodata.__func__.1
                0x1000853c        0xe CMakeFiles/ErgoMag.dir/C_/VSARM/sdk/pico/pico-sdk/lib/tinyusb/src/portable/raspberrypi/rp2040/dcd_rp2040.c.obj
 *fill*         0x1000854a        0x2 
 .rodata.__func__.3
                0x1000854c       0x10 CMakeFiles/ErgoMag.dir/C_/VSARM/sdk/pico/pico-sdk/lib/tinyusb/src/portable/raspberrypi/rp2040/dcd_rp2040.c.obj
 .rodata.__func__.5
                0x1000855c        0xf CMakeFiles/ErgoMag.dir/C_/VSARM/sdk/pico/pico-sdk/lib/tinyusb/src/portable/raspberrypi/rp2040/dcd_rp2040.c.obj
 *fill*         0x1000856b        0x1 
 .rodata.__func__.6
                0x1000856c       0x13 CMakeFiles/ErgoMag.dir/C_/VSARM/sdk/pico/pico-sdk/lib/tinyusb/src/portable/raspberrypi/rp2040/dcd_rp2040.c.obj
 *fill*         0x1000857f        0x1 
 .rodata.__func__.7
                0x10008580        0x9 CMakeFiles/ErgoMag.dir/C_/VSARM/sdk/pico/pico-sdk/lib/tinyusb/src/portable/raspberrypi/rp2040/dcd_rp2040.c.obj
 .rodata.str1.4
                0x10008589       0xe7 CMakeFiles/ErgoMag.dir/C_/VSARM/sdk/pico/pico-sdk/lib/tinyusb/src/portable/raspberrypi/rp2040/rp2040_usb.c.obj
 *fill*         0x10008589        0x3 
 .rodata.__func__.0
                0x1000858c        0xf CMakeFiles/ErgoMag.dir/C_/VSARM/sdk/pico/pico-sdk/lib/tinyusb/src/portable/raspberrypi/rp2040/rp2040_usb.c.obj
 *fill*         0x1000859b        0x1 
 .rodata.process_get_descriptor
                0x1000859c       0x40 CMakeFiles/ErgoMag.dir/C_/VSARM/sdk/pico/pico-sdk/lib/tinyusb/src/device/usbd.c.obj
 .rodata.process_control_request
                0x100085dc       0x28 CMakeFiles/ErgoMag.dir/C_/VSARM/sdk/pico/pico-sdk/lib/tinyusb/src/device/usbd.c.obj
 .rodata.tud_task_ext
                0x10008604       0x24 CMakeFiles/ErgoMag.dir/C_/VSARM/sdk/pico/pico-sdk/lib/tinyusb/src/device/usbd.c.obj
 .rodata._usbd_driver
                0x10008628       0x18 CMakeFiles/ErgoMag.dir/C_/VSARM/sdk/pico/pico-sdk/lib/tinyusb/src/device/usbd.c.obj
                0x10008640                        . = ALIGN (0x4)
 *(SORT_BY_ALIGNMENT(SORT_BY_NAME(.flashdata*)))
                0x10008640                        . = ALIGN (0x4)

.ARM.extab
 *(.ARM.extab* .gnu.linkonce.armextab.*)
                0x10008640                        __exidx_start = .

.ARM.exidx
 *(.ARM.exidx* .gnu.linkonce.armexidx.*)
                0x10008640                        __exidx_end = .
                0x10008640                        . = ALIGN (0x4)
                0x10008640                        __binary_info_start = .

.binary_info    0x10008640       0x20
 *(.binary_info.keep.*)
 .binary_info.keep.__bi_ptr81
                0x10008640        0x4 CMakeFiles/ErgoMag.dir/C_/VSARM/sdk/pico/pico-sdk/src/rp2_common/pico_standard_link/binary_info.c.obj
 .binary_info.keep.__bi_ptr75
                0x10008644        0x4 CMakeFiles/ErgoMag.dir/C_/VSARM/sdk/pico/pico-sdk/src/rp2_common/pico_standard_link/binary_info.c.obj
 .binary_info.keep.__bi_ptr50
                0x10008648        0x4 CMakeFiles/ErgoMag.dir/C_/VSARM/sdk/pico/pico-sdk/src/rp2_common/pico_standard_link/binary_info.c.obj
 .binary_info.keep.__bi_ptr44
                0x1000864c        0x4 CMakeFiles/ErgoMag.dir/C_/VSARM/sdk/pico/pico-sdk/src/rp2_common/pico_standard_link/binary_info.c.obj
 .binary_info.keep.__bi_ptr38
                0x10008650        0x4 CMakeFiles/ErgoMag.dir/C_/VSARM/sdk/pico/pico-sdk/src/rp2_common/pico_standard_link/binary_info.c.obj
 .binary_info.keep.__bi_ptr30
                0x10008654        0x4 CMakeFiles/ErgoMag.dir/C_/VSARM/sdk/pico/pico-sdk/src/rp2_common/pico_standard_link/binary_info.c.obj
 .binary_info.keep.__bi_ptr22
                0x10008658        0x4 CMakeFiles/ErgoMag.dir/C_/VSARM/sdk/pico/pico-sdk/src/rp2_common/pico_standard_link/binary_info.c.obj
 *(.binary_info.*)
 .binary_info.__bi_ptr182
                0x1000865c        0x4 CMakeFiles/ErgoMag.dir/C_/VSARM/sdk/pico/pico-sdk/src/rp2_common/pico_stdio_usb/stdio_usb.c.obj
                0x10008660                        __binary_info_end = .

.rel.dyn        0x10008660        0x0
 .rel.iplt      0x10008660        0x0 C:/VSARM/armcc/13C7F1~1.2RE/bin/../lib/gcc/arm-none-eabi/13.2.1/thumb/v6-m/nofp/crtbegin.o
                0x10008660                        . = ALIGN (0x4)

.ram_vector_table
                0x20000000       0xc0
 *(.ram_vector_table)
 .ram_vector_table
                0x20000000       0xc0 CMakeFiles/ErgoMag.dir/C_/VSARM/sdk/pico/pico-sdk/src/rp2_common/pico_runtime/runtime.c.obj
                0x20000000                ram_vector_table

.data           0x200000c0      0xb40 load address 0x10008660
                0x200000c0                        __data_start__ = .
 *(vtable)
 *(.time_critical*)
 .time_critical.mutex_try_enter
                0x200000c0       0x46 CMakeFiles/ErgoMag.dir/C_/VSARM/sdk/pico/pico-sdk/src/common/pico_sync/mutex.c.obj
                0x200000c0                mutex_try_enter
 *fill*         0x20000106        0x2 
 .time_critical.mutex_enter_block_until
                0x20000108       0x8c CMakeFiles/ErgoMag.dir/C_/VSARM/sdk/pico/pico-sdk/src/common/pico_sync/mutex.c.obj
                0x20000108                mutex_enter_block_until
 .time_critical.mutex_try_enter_block_until
                0x20000194       0x34 CMakeFiles/ErgoMag.dir/C_/VSARM/sdk/pico/pico-sdk/src/common/pico_sync/mutex.c.obj
                0x20000194                mutex_try_enter_block_until
 .time_critical.mutex_enter_timeout_ms
                0x200001c8       0x1a CMakeFiles/ErgoMag.dir/C_/VSARM/sdk/pico/pico-sdk/src/common/pico_sync/mutex.c.obj
                0x200001c8                mutex_enter_timeout_ms
 *fill*         0x200001e2        0x2 
 .time_critical.mutex_exit
                0x200001e4       0x4c CMakeFiles/ErgoMag.dir/C_/VSARM/sdk/pico/pico-sdk/src/common/pico_sync/mutex.c.obj
                0x200001e4                mutex_exit
 .time_critical.flash_init_boot2_copyout
                0x20000230       0x30 CMakeFiles/ErgoMag.dir/C_/VSARM/sdk/pico/pico-sdk/src/rp2_common/hardware_flash/flash.c.obj
 .time_critical.flash_enable_xip_via_boot2
                0x20000260        0xc CMakeFiles/ErgoMag.dir/C_/VSARM/sdk/pico/pico-sdk/src/rp2_common/hardware_flash/flash.c.obj
 .time_critical.flash_cs_force
                0x2000026c       0x28 CMakeFiles/ErgoMag.dir/C_/VSARM/sdk/pico/pico-sdk/src/rp2_common/hardware_flash/flash.c.obj
 .time_critical.flash_do_cmd
                0x20000294       0xd8 CMakeFiles/ErgoMag.dir/C_/VSARM/sdk/pico/pico-sdk/src/rp2_common/hardware_flash/flash.c.obj
                0x20000294                flash_do_cmd
 .time_critical.reset_non_control_endpoints
                0x2000036c       0x40 CMakeFiles/ErgoMag.dir/C_/VSARM/sdk/pico/pico-sdk/lib/tinyusb/src/portable/raspberrypi/rp2040/dcd_rp2040.c.obj
 .time_critical.hw_handle_buff_status
                0x200003ac       0xa4 CMakeFiles/ErgoMag.dir/C_/VSARM/sdk/pico/pico-sdk/lib/tinyusb/src/portable/raspberrypi/rp2040/dcd_rp2040.c.obj
 .time_critical.dcd_rp2040_irq
                0x20000450      0x1b8 CMakeFiles/ErgoMag.dir/C_/VSARM/sdk/pico/pico-sdk/lib/tinyusb/src/portable/raspberrypi/rp2040/dcd_rp2040.c.obj
 .time_critical.e15_is_bulkin_ep
                0x20000608       0x2c CMakeFiles/ErgoMag.dir/C_/VSARM/sdk/pico/pico-sdk/lib/tinyusb/src/portable/raspberrypi/rp2040/rp2040_usb.c.obj
 .time_critical.e15_is_critical_frame_period
                0x20000634       0x30 CMakeFiles/ErgoMag.dir/C_/VSARM/sdk/pico/pico-sdk/lib/tinyusb/src/portable/raspberrypi/rp2040/rp2040_usb.c.obj
 .time_critical.prepare_ep_buffer
                0x20000664       0x6c CMakeFiles/ErgoMag.dir/C_/VSARM/sdk/pico/pico-sdk/lib/tinyusb/src/portable/raspberrypi/rp2040/rp2040_usb.c.obj
 .time_critical.sync_ep_buffer
                0x200006d0       0x7c CMakeFiles/ErgoMag.dir/C_/VSARM/sdk/pico/pico-sdk/lib/tinyusb/src/portable/raspberrypi/rp2040/rp2040_usb.c.obj
 .time_critical._hw_endpoint_xfer_sync
                0x2000074c       0x28 CMakeFiles/ErgoMag.dir/C_/VSARM/sdk/pico/pico-sdk/lib/tinyusb/src/portable/raspberrypi/rp2040/rp2040_usb.c.obj
 .time_critical.hw_endpoint_reset_transfer
                0x20000774        0xc CMakeFiles/ErgoMag.dir/C_/VSARM/sdk/pico/pico-sdk/lib/tinyusb/src/portable/raspberrypi/rp2040/rp2040_usb.c.obj
                0x20000774                hw_endpoint_reset_transfer
 .time_critical._hw_endpoint_buffer_control_update32
                0x20000780       0x58 CMakeFiles/ErgoMag.dir/C_/VSARM/sdk/pico/pico-sdk/lib/tinyusb/src/portable/raspberrypi/rp2040/rp2040_usb.c.obj
                0x20000780                _hw_endpoint_buffer_control_update32
 .time_critical.hw_endpoint_start_next_buffer
                0x200007d8       0x88 CMakeFiles/ErgoMag.dir/C_/VSARM/sdk/pico/pico-sdk/lib/tinyusb/src/portable/raspberrypi/rp2040/rp2040_usb.c.obj
                0x200007d8                hw_endpoint_start_next_buffer
 .time_critical.hw_endpoint_xfer_continue
                0x20000860       0x50 CMakeFiles/ErgoMag.dir/C_/VSARM/sdk/pico/pico-sdk/lib/tinyusb/src/portable/raspberrypi/rp2040/rp2040_usb.c.obj
                0x20000860                hw_endpoint_xfer_continue
 .time_critical.tinyusb
                0x200008b0      0x1ac CMakeFiles/ErgoMag.dir/C_/VSARM/sdk/pico/pico-sdk/lib/tinyusb/src/device/usbd.c.obj
                0x200008b0                dcd_event_handler
 *(.text*)
 .text          0x20000a5c        0x4 C:/VSARM/armcc/13C7F1~1.2RE/bin/../lib/gcc/arm-none-eabi/13.2.1/thumb/v6-m/nofp\libgcc.a(_dvmd_tls.o)
                0x20000a5c                __aeabi_idiv0
                0x20000a5c                __aeabi_ldiv0
 .text.__stub   0x20000a60       0xa0 linker stubs
                0x20000b00                        . = ALIGN (0x4)
 *(.rodata*)
                0x20000b00                        . = ALIGN (0x4)
 *(.data*)
 .data.striped_spin_lock_num
                0x20000b00        0x1 CMakeFiles/ErgoMag.dir/C_/VSARM/sdk/pico/pico-sdk/src/rp2_common/hardware_sync/sync.c.obj
 *fill*         0x20000b01        0x3 
 .data          0x20000b04       0x48 CMakeFiles/ErgoMag.dir/C_/VSARM/sdk/pico/pico-sdk/src/rp2_common/hardware_irq/irq_handler_chain.S.obj
                0x20000b04                irq_handler_chain_slots
                0x20000b34                irq_handler_chain_first_slot
                0x20000b3e                irq_handler_chain_remove_tail
 .data.default_alarm_pool
                0x20000b4c       0x18 CMakeFiles/ErgoMag.dir/C_/VSARM/sdk/pico/pico-sdk/src/common/pico_time/time.c.obj
 .data.default_alarm_pool_heap
                0x20000b64       0x10 CMakeFiles/ErgoMag.dir/C_/VSARM/sdk/pico/pico-sdk/src/common/pico_time/time.c.obj
 *fill*         0x20000b74        0xc 
 .data.aeabi_bits_funcs
                0x20000b80       0x10 CMakeFiles/ErgoMag.dir/C_/VSARM/sdk/pico/pico-sdk/src/rp2_common/pico_bit_ops/bit_ops_aeabi.S.obj
                0x20000b80                aeabi_bits_funcs
                0x20000b90                aeabi_bits_funcs_end
 .data.aeabi_mem_funcs
                0x20000b90       0x10 CMakeFiles/ErgoMag.dir/C_/VSARM/sdk/pico/pico-sdk/src/rp2_common/pico_mem_ops/mem_ops_aeabi.S.obj
                0x20000b90                aeabi_mem_funcs
                0x20000ba0                aeabi_mem_funcs_end
 .data.stdio_usb
                0x20000ba0       0x18 CMakeFiles/ErgoMag.dir/C_/VSARM/sdk/pico/pico-sdk/src/rp2_common/pico_stdio_usb/stdio_usb.c.obj
                0x20000ba0                stdio_usb
 .data.ep_dir_string
                0x20000bb8        0x8 CMakeFiles/ErgoMag.dir/C_/VSARM/sdk/pico/pico-sdk/lib/tinyusb/src/portable/raspberrypi/rp2040/rp2040_usb.c.obj
                0x20000bb8                ep_dir_string
 .data._usbd_qdef
                0x20000bc0       0x1c CMakeFiles/ErgoMag.dir/C_/VSARM/sdk/pico/pico-sdk/lib/tinyusb/src/device/usbd.c.obj
                0x20000bc0                _usbd_qdef
 .data._usbd_rhport
                0x20000bdc        0x1 CMakeFiles/ErgoMag.dir/C_/VSARM/sdk/pico/pico-sdk/lib/tinyusb/src/device/usbd.c.obj
                0x20000be0                        . = ALIGN (0x4)
 *fill*         0x20000bdd        0x3 
 *(.after_data.*)
                0x20000be0                        . = ALIGN (0x4)
                0x20000be0                        PROVIDE (__mutex_array_start = .)
 *(SORT_BY_NAME(.mutex_array.*))
 *(.mutex_array)
 .mutex_array   0x20000be0        0x8 CMakeFiles/ErgoMag.dir/C_/VSARM/sdk/pico/pico-sdk/src/rp2_common/pico_stdio/stdio.c.obj
                0x20000be8                        PROVIDE (__mutex_array_end = .)
                0x20000be8                        . = ALIGN (0x4)
                0x20000be8                        PROVIDE (__preinit_array_start = .)
 *(SORT_BY_NAME(.preinit_array.*))
 .preinit_array.00001
                0x20000be8        0x4 CMakeFiles/ErgoMag.dir/C_/VSARM/sdk/pico/pico-sdk/src/rp2_common/pico_mem_ops/mem_ops_aeabi.S.obj
 .preinit_array.00010
                0x20000bec        0x4 CMakeFiles/ErgoMag.dir/C_/VSARM/sdk/pico/pico-sdk/src/rp2_common/pico_bit_ops/bit_ops_aeabi.S.obj
 .preinit_array.00020
                0x20000bf0        0x4 CMakeFiles/ErgoMag.dir/C_/VSARM/sdk/pico/pico-sdk/src/rp2_common/pico_double/double_aeabi.S.obj
 .preinit_array.00020
                0x20000bf4        0x4 CMakeFiles/ErgoMag.dir/C_/VSARM/sdk/pico/pico-sdk/src/rp2_common/pico_float/float_aeabi.S.obj
 *(.preinit_array)
                0x20000bf8                        PROVIDE (__preinit_array_end = .)
                0x20000bf8                        . = ALIGN (0x4)
                0x20000bf8                        PROVIDE (__init_array_start = .)
 *(SORT_BY_NAME(.init_array.*))
 *(.init_array)
 .init_array    0x20000bf8        0x4 C:/VSARM/armcc/13C7F1~1.2RE/bin/../lib/gcc/arm-none-eabi/13.2.1/thumb/v6-m/nofp/crtbegin.o
 .init_array    0x20000bfc        0x4 CMakeFiles/ErgoMag.dir/C_/VSARM/sdk/pico/pico-sdk/src/rp2_common/pico_unique_id/unique_id.c.obj
                0x20000c00                        PROVIDE (__init_array_end = .)
                0x20000c00                        . = ALIGN (0x4)
                [!provide]                        PROVIDE (__fini_array_start = .)
 *(SORT_BY_NAME(.fini_array.*))
 *(.fini_array)
                [!provide]                        PROVIDE (__fini_array_end = .)
 *(.jcr)
                0x20000c00                        . = ALIGN (0x4)
                0x20000c00                        __data_end__ = .
                0x10008660                        __etext = LOADADDR (.data)

.tm_clone_table
                0x20000c00        0x0 load address 0x100091a0
 .tm_clone_table
                0x20000c00        0x0 C:/VSARM/armcc/13C7F1~1.2RE/bin/../lib/gcc/arm-none-eabi/13.2.1/thumb/v6-m/nofp/crtbegin.o
 .tm_clone_table