Archive member included to satisfy reference by file (symbol)

C:/VSARM/armcc/13C7F1~1.2RE/bin/../lib/gcc/arm-none-eabi/13.2.1/thumb/v6-m/nofp\libgcc.a(_dvmd_tls.o)
                              CMakeFiles/ErgoMag.dir/C_/VSARM/sdk/pico/pico-sdk/src/rp2_common/pico_divider/divider.S.obj (__aeabi_idiv0)
C:/VSARM/armcc/13C7F1~1.2RE/bin/../lib/gcc/arm-none-eabi/13.2.1/thumb/v6-m/nofp\libg.a(libc_a-calloc.o)
                              CMakeFiles/ErgoMag.dir/C_/VSARM/sdk/pico/pico-sdk/src/rp2_common/pico_malloc/pico_malloc.c.obj (calloc)
C:/VSARM/armcc/13C7F1~1.2RE/bin/../lib/gcc/arm-none-eabi/13.2.1/thumb/v6-m/nofp\libg.a(libc_a-callocr.o)
                              C:/VSARM/armcc/13C7F1~1.2RE/bin/../lib/gcc/arm-none-eabi/13.2.1/thumb/v6-m/nofp\libg.a(libc_a-calloc.o) (_calloc_r)
C:/VSARM/armcc/13C7F1~1.2RE/bin/../lib/gcc/arm-none-eabi/13.2.1/thumb/v6-m/nofp\libg.a(libc_a-malloc.o)
                              CMakeFiles/ErgoMag.dir/C_/VSARM/sdk/pico/pico-sdk/src/rp2_common/pico_malloc/pico_malloc.c.obj (malloc)
C:/VSARM/armcc/13C7F1~1.2RE/bin/../lib/gcc/arm-none-eabi/13.2.1/thumb/v6-m/nofp\libg.a(libc_a-mallocr.o)
                              C:/VSARM/armcc/13C7F1~1.2RE/bin/../lib/gcc/arm-none-eabi/13.2.1/thumb/v6-m/nofp\libg.a(libc_a-callocr.o) (_malloc_r)
C:/VSARM/armcc/13C7F1~1.2RE/bin/../lib/gcc/arm-none-eabi/13.2.1/thumb/v6-m/nofp\libg.a(libc_a-mlock.o)
                              C:/VSARM/armcc/13C7F1~1.2RE/bin/../lib/gcc/arm-none-eabi/13.2.1/thumb/v6-m/nofp\libg.a(libc_a-mallocr.o) (__malloc_lock)
C:/VSARM/armcc/13C7F1~1.2RE/bin/../lib/gcc/arm-none-eabi/13.2.1/thumb/v6-m/nofp\libg.a(libc_a-realloc.o)
                              CMakeFiles/ErgoMag.dir/C_/VSARM/sdk/pico/pico-sdk/src/rp2_common/pico_malloc/pico_malloc.c.obj (realloc)
C:/VSARM/armcc/13C7F1~1.2RE/bin/../lib/gcc/arm-none-eabi/13.2.1/thumb/v6-m/nofp\libg.a(libc_a-reallocr.o)
                              C:/VSARM/armcc/13C7F1~1.2RE/bin/../lib/gcc/arm-none-eabi/13.2.1/thumb/v6-m/nofp\libg.a(libc_a-realloc.o) (_realloc_r)
C:/VSARM/armcc/13C7F1~1.2RE/bin/../lib/gcc/arm-none-eabi/13.2.1/thumb/v6-m/nofp\libg.a(libc_a-memmove.o)
                              C:/VSARM/armcc/13C7F1~1.2RE/bin/../lib/gcc/arm-none-eabi/13.2.1/thumb/v6-m/nofp\libg.a(libc_a-reallocr.o) (memmove)
C:/VSARM/armcc/13C7F1~1.2RE/bin/../lib/gcc/arm-none-eabi/13.2.1/thumb/v6-m/nofp\libg.a(libc_a-impure.o)
                              C:/VSARM/armcc/13C7F1~1.2RE/bin/../lib/gcc/arm-none-eabi/13.2.1/thumb/v6-m/nofp\libg.a(libc_a-calloc.o) (_impure_ptr)
C:/VSARM/armcc/13C7F1~1.2RE/bin/../lib/gcc/arm-none-eabi/13.2.1/thumb/v6-m/nofp\libg.a(libc_a-sbrkr.o)
                              C:/VSARM/armcc/13C7F1~1.2RE/bin/../lib/gcc/arm-none-eabi/13.2.1/thumb/v6-m/nofp\libg.a(libc_a-mallocr.o) (_sbrk_r)
C:/VSARM/armcc/13C7F1~1.2RE/bin/../lib/gcc/arm-none-eabi/13.2.1/thumb/v6-m/nofp\libg.a(libc_a-errno.o)
                              C:/VSARM/armcc/13C7F1~1.2RE/bin/../lib/gcc/arm-none-eabi/13.2.1/thumb/v6-m/nofp\libg.a(libc_a-callocr.o) (__errno)
C:/VSARM/armcc/13C7F1~1.2RE/bin/../lib/gcc/arm-none-eabi/13.2.1/thumb/v6-m/nofp\libg.a(libc_a-init.o)
                              C:/VSARM/armcc/13C7F1~1.2RE/bin/../lib/gcc/arm-none-eabi/13.2.1/thumb/v6-m/nofp/crt0.o (__libc_init_array)
C:/VSARM/armcc/13C7F1~1.2RE/bin/../lib/gcc/arm-none-eabi/13.2.1/thumb/v6-m/nofp\libg.a(libc_a-lock.o)
                              C:/VSARM/armcc/13C7F1~1.2RE/bin/../lib/gcc/arm-none-eabi/13.2.1/thumb/v6-m/nofp\libg.a(libc_a-mlock.o) (__retarget_lock_acquire_recursive)
C:/VSARM/armcc/13C7F1~1.2RE/bin/../lib/gcc/arm-none-eabi/13.2.1/thumb/v6-m/nofp\libg.a(libc_a-sysconf.o)
                              C:/VSARM/armcc/13C7F1~1.2RE/bin/../lib/gcc/arm-none-eabi/13.2.1/thumb/v6-m/nofp\libg.a(libc_a-mallocr.o) (sysconf)
C:/VSARM/armcc/13C7F1~1.2RE/bin/../lib/gcc/arm-none-eabi/13.2.1/thumb/v6-m/nofp\libg.a(libc_a-strlen-stub.o)
                              CMakeFiles/ErgoMag.dir/C_/VSARM/sdk/pico/pico-sdk/src/rp2_common/pico_stdio/stdio.c.obj (strlen)
C:/VSARM/armcc/13C7F1~1.2RE/bin/../lib/gcc/arm-none-eabi/13.2.1/thumb/v6-m/nofp\libg.a(libc_a-freer.o)
                              C:/VSARM/armcc/13C7F1~1.2RE/bin/../lib/gcc/arm-none-eabi/13.2.1/thumb/v6-m/nofp\libg.a(libc_a-malloc.o) (_free_r)
C:/VSARM/armcc/13C7F1~1.2RE/bin/../lib/gcc/arm-none-eabi/13.2.1/thumb/v6-m/nofp\libg.a(libc_a-findfp.o)
                              C:/VSARM/armcc/13C7F1~1.2RE/bin/../lib/gcc/arm-none-eabi/13.2.1/thumb/v6-m/nofp\libg.a(libc_a-impure.o) (__sf)
C:/VSARM/armcc/13C7F1~1.2RE/bin/../lib/gcc/arm-none-eabi/13.2.1/thumb/v6-m/nofp\libg.a(libc_a-fwalk.o)
                              C:/VSARM/armcc/13C7F1~1.2RE/bin/../lib/gcc/arm-none-eabi/13.2.1/thumb/v6-m/nofp\libg.a(libc_a-findfp.o) (_fwalk_sglue)
C:/VSARM/armcc/13C7F1~1.2RE/bin/../lib/gcc/arm-none-eabi/13.2.1/thumb/v6-m/nofp\libg.a(libc_a-stdio.o)
[...]
Memory Configuration

Name             Origin             Length             Attributes
FLASH            0x10000000         0x00200000         xr
RAM              0x20000000         0x00040000         xrw
SCRATCH_X        0x20040000         0x00001000         xrw
SCRATCH_Y        0x20041000         0x00001000         xrw
*default*        0x00000000         0xffffffff

Linker script and memory map

LOAD C:/VSARM/armcc/13C7F1~1.2RE/bin/../lib/gcc/arm-none-eabi/13.2.1/thumb/v6-m/nofp/crti.o
LOAD C:/VSARM/armcc/13C7F1~1.2RE/bin/../lib/gcc/arm-none-eabi/13.2.1/thumb/v6-m/nofp/crtbegin.o
LOAD C:/VSARM/armcc/13C7F1~1.2RE/bin/../lib/gcc/arm-none-eabi/13.2.1/thumb/v6-m/nofp/crt0.o

.flash_begin    0x10000000        0x0
                0x10000000                        __flash_binary_start = .

.boot2          0x10000000      0x100
                0x10000000                        __boot2_start__ = .
 *(.boot2)
 .boot2         0x10000000      0x100 D:\17610\AppData\Local\Temp\cc0vkWwT.o
                0x10000100                        __boot2_end__ = .
                0x00000001                        ASSERT (((__boot2_end__ - __boot2_start__) == 0x100), ERROR: Pico second stage bootloader must be 256 bytes in size)

.text           0x10000100     0x6c58
                0x10000100                        __logical_binary_start = .
 *(.vectors)
 .vectors       0x10000100       0xd4 CMakeFiles/ErgoMag.dir/C_/VSARM/sdk/pico/pico-sdk/src/rp2_common/pico_standard_link/crt0.S.obj
                0x10000100                __VECTOR_TABLE
                0x10000100                __vectors
                0x100001c0                isr_invalid
                0x100001c0                __default_isrs_start
                0x100001c2                isr_nmi
                0x100001c4                isr_hardfault
                0x100001c6                isr_svcall
                0x100001c8                isr_pendsv
                0x100001ca                isr_systick
                0x100001cc                isr_irq23
                0x100001cc                isr_irq18
                0x100001cc                isr_irq11
                0x100001cc                isr_irq28
                0x100001cc                isr_irq19
                0x100001cc                isr_irq0
                0x100001cc                isr_irq6
                0x100001cc                isr_irq5
                0x100001cc                isr_irq12
                0x100001cc                isr_irq22
                0x100001cc                isr_irq31
                0x100001cc                isr_irq17
                0x100001cc                isr_irq27
                0x100001cc                isr_irq30
                0x100001cc                isr_irq2
                0x100001cc                isr_irq10
                0x100001cc                isr_irq8
                0x100001cc                isr_irq24
                0x100001cc                isr_irq1
                0x100001cc                isr_irq7
                0x100001cc                isr_irq21
                0x100001cc                isr_irq20
                0x100001cc                isr_irq15
                0x100001cc                isr_irq25
                0x100001cc                isr_irq13
                0x100001cc                __unhandled_user_irq
                0x100001cc                isr_irq4
                0x100001cc                isr_irq16
                0x100001cc                isr_irq29
                0x100001cc                isr_irq26
                0x100001cc                __default_isrs_end
                0x100001cc                isr_irq3
                0x100001cc                isr_irq14
                0x100001cc                isr_irq9
                0x100001d2                unhandled_user_irq_num_in_r0
 *(.binary_info_header)
 .binary_info_header
                0x100001d4       0x14 CMakeFiles/ErgoMag.dir/C_/VSARM/sdk/pico/pico-sdk/src/rp2_common/pico_standard_link/crt0.S.obj
                0x100001e8                        __binary_info_header_end = .
 *(.reset)
 .reset         0x100001e8       0xa0 CMakeFiles/ErgoMag.dir/C_/VSARM/sdk/pico/pico-sdk/src/rp2_common/pico_standard_link/crt0.S.obj
                0x100001e8                _entry_point
 .reset         0x10000288       0x30 CMakeFiles/ErgoMag.dir/C_/VSARM/sdk/pico/pico-sdk/src/rp2_common/pico_standard_link/binary_info.c.obj
 *(.init)
 .init          0x100002b8        0x4 C:/VSARM/armcc/13C7F1~1.2RE/bin/../lib/gcc/arm-none-eabi/13.2.1/thumb/v6-m/nofp/crti.o
                0x100002b8                _init
 *(EXCLUDE_FILE(*libm.a: *libc.a:*lib_a-mem*.o *libgcc.a:) .text*)
 .text.register_tm_clones
                0x100002bc       0x28 C:/VSARM/armcc/13C7F1~1.2RE/bin/../lib/gcc/arm-none-eabi/13.2.1/thumb/v6-m/nofp/crtbegin.o
 .text.frame_dummy
                0x100002e4       0x24 C:/VSARM/armcc/13C7F1~1.2RE/bin/../lib/gcc/arm-none-eabi/13.2.1/thumb/v6-m/nofp/crtbegin.o
 .text.adc_fifo_drain
                0x10000308       0x1c CMakeFiles/ErgoMag.dir/main.c.obj
 .text.adc_gpio_init
                0x10000324       0x1e CMakeFiles/ErgoMag.dir/main.c.obj
 *fill*         0x10000342        0x2 
 .text.channel_config_set_chain_to
                0x10000344       0x30 CMakeFiles/ErgoMag.dir/main.c.obj
 .text.dma_channel_get_default_config
                0x10000374       0x74 CMakeFiles/ErgoMag.dir/main.c.obj
 .text.main     0x100003e8      0x120 CMakeFiles/ErgoMag.dir/main.c.obj
                0x100003e8                main
 .text.gpio_set_function
                0x10000508       0x30 CMakeFiles/ErgoMag.dir/C_/VSARM/sdk/pico/pico-sdk/src/rp2_common/hardware_gpio/gpio.c.obj
                0x10000508                gpio_set_function
 .text.gpio_set_pulls
                0x10000538       0x34 CMakeFiles/ErgoMag.dir/C_/VSARM/sdk/pico/pico-sdk/src/rp2_common/hardware_gpio/gpio.c.obj
                0x10000538                gpio_set_pulls
 .text.gpio_set_input_enabled
                0x1000056c       0x30 CMakeFiles/ErgoMag.dir/C_/VSARM/sdk/pico/pico-sdk/src/rp2_common/hardware_gpio/gpio.c.obj
                0x1000056c                gpio_set_input_enabled
 .text.running_on_fpga
                0x1000059c       0x14 CMakeFiles/ErgoMag.dir/C_/VSARM/sdk/pico/pico-sdk/src/rp2_common/pico_platform/platform.c.obj
                0x1000059c                running_on_fpga
 .text.hw_claim_lock
                0x100005b0       0x18 CMakeFiles/ErgoMag.dir/C_/VSARM/sdk/pico/pico-sdk/src/rp2_common/hardware_claim/claim.c.obj
                0x100005b0                hw_claim_lock
 .text.hw_claim_unlock
                0x100005c8       0x14 CMakeFiles/ErgoMag.dir/C_/VSARM/sdk/pico/pico-sdk/src/rp2_common/hardware_claim/claim.c.obj
                0x100005c8                hw_claim_unlock
 .text.hw_claim_or_assert
                0x100005dc       0x32 CMakeFiles/ErgoMag.dir/C_/VSARM/sdk/pico/pico-sdk/src/rp2_common/hardware_claim/claim.c.obj
                0x100005dc                hw_claim_or_assert
 .text.hw_claim_unused_from_range
                0x1000060e       0x50 CMakeFiles/ErgoMag.dir/C_/VSARM/sdk/pico/pico-sdk/src/rp2_common/hardware_claim/claim.c.obj
                0x1000060e                hw_claim_unused_from_range
 *fill*         0x1000065e        0x2 
 .text.spin_locks_reset
                0x10000660       0x20 CMakeFiles/ErgoMag.dir/C_/VSARM/sdk/pico/pico-sdk/src/rp2_common/hardware_sync/sync.c.obj
                0x10000660                spin_locks_reset
 .text.next_striped_spin_lock_num
                0x10000680       0x1c CMakeFiles/ErgoMag.dir/C_/VSARM/sdk/pico/pico-sdk/src/rp2_common/hardware_sync/sync.c.obj
                0x10000680                next_striped_spin_lock_num
 .text.spin_lock_claim_unused
                0x1000069c       0x24 CMakeFiles/ErgoMag.dir/C_/VSARM/sdk/pico/pico-sdk/src/rp2_common/hardware_sync/sync.c.obj
                0x1000069c                spin_lock_claim_unused
 .text.set_raw_irq_handler_and_unlock
                0x100006c0       0x28 CMakeFiles/ErgoMag.dir/C_/VSARM/sdk/pico/pico-sdk/src/rp2_common/hardware_irq/irq.c.obj
 .text.resolve_branch
                0x100006e8       0x30 CMakeFiles/ErgoMag.dir/C_/VSARM/sdk/pico/pico-sdk/src/rp2_common/hardware_irq/irq.c.obj
 .text.make_branch
                0x10000718       0x48 CMakeFiles/ErgoMag.dir/C_/VSARM/sdk/pico/pico-sdk/src/rp2_common/hardware_irq/irq.c.obj
 .text.insert_branch_and_link
                0x10000760       0x40 CMakeFiles/ErgoMag.dir/C_/VSARM/sdk/pico/pico-sdk/src/rp2_common/hardware_irq/irq.c.obj
 .text.irq_is_enabled
                0x100007a0       0x18 CMakeFiles/ErgoMag.dir/C_/VSARM/sdk/pico/pico-sdk/src/rp2_common/hardware_irq/irq.c.obj
                0x100007a0                irq_is_enabled
 .text.irq_set_mask_enabled
                0x100007b8       0x20 CMakeFiles/ErgoMag.dir/C_/VSARM/sdk/pico/pico-sdk/src/rp2_common/hardware_irq/irq.c.obj
                0x100007b8                irq_set_mask_enabled
 .text.irq_set_enabled
                0x100007d8        0xe CMakeFiles/ErgoMag.dir/C_/VSARM/sdk/pico/pico-sdk/src/rp2_common/hardware_irq/irq.c.obj
                0x100007d8                irq_set_enabled
 *fill*         0x100007e6        0x2 
 .text.irq_set_pending
                0x100007e8       0x10 CMakeFiles/ErgoMag.dir/C_/VSARM/sdk/pico/pico-sdk/src/rp2_common/hardware_irq/irq.c.obj
                0x100007e8                irq_set_pending
 .text.irq_get_vtable_handler
                0x100007f8       0x10 CMakeFiles/ErgoMag.dir/C_/VSARM/sdk/pico/pico-sdk/src/rp2_common/hardware_irq/irq.c.obj
                0x100007f8                irq_get_vtable_handler
 .text.irq_has_shared_handler
                0x10000808       0x24 CMakeFiles/ErgoMag.dir/C_/VSARM/sdk/pico/pico-sdk/src/rp2_common/hardware_irq/irq.c.obj
                0x10000808                irq_has_shared_handler
 .text.irq_set_exclusive_handler
                0x1000082c       0x54 CMakeFiles/ErgoMag.dir/C_/VSARM/sdk/pico/pico-sdk/src/rp2_common/hardware_irq/irq.c.obj
                0x1000082c                irq_set_exclusive_handler
 .text.irq_add_shared_handler
                0x10000880      0x210 CMakeFiles/ErgoMag.dir/C_/VSARM/sdk/pico/pico-sdk/src/rp2_common/hardware_irq/irq.c.obj
                0x10000880                irq_add_shared_handler
 .text.irq_remove_handler
                0x10000a90      0x188 CMakeFiles/ErgoMag.dir/C_/VSARM/sdk/pico/pico-sdk/src/rp2_common/hardware_irq/irq.c.obj
                0x10000a90                irq_remove_handler
 .text.irq_add_tail_to_free_list
                0x10000c18       0xf0 CMakeFiles/ErgoMag.dir/C_/VSARM/sdk/pico/pico-sdk/src/rp2_common/hardware_irq/irq.c.obj
                0x10000c18                irq_add_tail_to_free_list
 .text.irq_init_priorities
                0x10000d08       0x1c CMakeFiles/ErgoMag.dir/C_/VSARM/sdk/pico/pico-sdk/src/rp2_common/hardware_irq/irq.c.obj
                0x10000d08                irq_init_priorities
 .text.user_irq_claim_unused
                0x10000d24       0x2c CMakeFiles/ErgoMag.dir/C_/VSARM/sdk/pico/pico-sdk/src/rp2_common/hardware_irq/irq.c.obj
                0x10000d24                user_irq_claim_unused
 .text.lock_init
                0x10000d50       0x10 CMakeFiles/ErgoMag.dir/C_/VSARM/sdk/pico/pico-sdk/src/common/pico_sync/lock_core.c.obj
                0x10000d50                lock_init
 .text.update_us_since_boot
                0x10000d60       0x24 CMakeFiles/ErgoMag.dir/C_/VSARM/sdk/pico/pico-sdk/src/common/pico_sync/mutex.c.obj
 .text.delayed_by_ms
                0x10000d84       0x44 CMakeFiles/ErgoMag.dir/C_/VSARM/sdk/pico/pico-sdk/src/common/pico_sync/mutex.c.obj
 .text.get_absolute_time
                0x10000dc8       0x22 CMakeFiles/ErgoMag.dir/C_/VSARM/sdk/pico/pico-sdk/src/common/pico_sync/mutex.c.obj
 .text.make_timeout_time_ms
                0x10000dea       0x20 CMakeFiles/ErgoMag.dir/C_/VSARM/sdk/pico/pico-sdk/src/common/pico_sync/mutex.c.obj
 .text.mutex_init
                0x10000e0a       0x1a CMakeFiles/ErgoMag.dir/C_/VSARM/sdk/pico/pico-sdk/src/common/pico_sync/mutex.c.obj
                0x10000e0a                mutex_init
 .text.recursive_mutex_init
                0x10000e24       0x1e CMakeFiles/ErgoMag.dir/C_/VSARM/sdk/pico/pico-sdk/src/common/pico_sync/mutex.c.obj
                0x10000e24                recursive_mutex_init
 *fill*         0x10000e42        0x2 
 .text.critical_section_init_with_lock_num
                0x10000e44       0x14 CMakeFiles/ErgoMag.dir/C_/VSARM/sdk/pico/pico-sdk/src/common/pico_sync/critical_section.c.obj
                0x10000e44                critical_section_init_with_lock_num
 .text.critical_section_init
                0x10000e58       0x14 CMakeFiles/ErgoMag.dir/C_/VSARM/sdk/pico/pico-sdk/src/common/pico_sync/critical_section.c.obj
                0x10000e58                critical_section_init
 .text.time_reached
                0x10000e6c       0x28 CMakeFiles/ErgoMag.dir/C_/VSARM/sdk/pico/pico-sdk/src/common/pico_time/time.c.obj
 .text.get_entry
                0x10000e94       0x38 CMakeFiles/ErgoMag.dir/C_/VSARM/sdk/pico/pico-sdk/src/common/pico_time/time.c.obj
 .text.timer_pool_entry_comparator
                0x10000ecc       0x2e CMakeFiles/ErgoMag.dir/C_/VSARM/sdk/pico/pico-sdk/src/common/pico_time/time.c.obj
                0x10000ecc                timer_pool_entry_comparator
 *fill*         0x10000efa        0x2 
 .text.update_us_since_boot
                0x10000efc       0x24 CMakeFiles/ErgoMag.dir/C_/VSARM/sdk/pico/pico-sdk/src/common/pico_time/time.c.obj
 .text.delayed_by_us
                0x10000f20       0x34 CMakeFiles/ErgoMag.dir/C_/VSARM/sdk/pico/pico-sdk/src/common/pico_time/time.c.obj
 .text.ph_get_node
                0x10000f54       0x30 CMakeFiles/ErgoMag.dir/C_/VSARM/sdk/pico/pico-sdk/src/common/pico_time/time.c.obj
 .text.ph_contains_node
                0x10000f84       0x1e CMakeFiles/ErgoMag.dir/C_/VSARM/sdk/pico/pico-sdk/src/common/pico_time/time.c.obj
 .text.ph_new_node
                0x10000fa2       0x28 CMakeFiles/ErgoMag.dir/C_/VSARM/sdk/pico/pico-sdk/src/common/pico_time/time.c.obj
 *fill*         0x10000fca        0x2 
 .text.ph_add_child_node
                0x10000fcc       0x6c CMakeFiles/ErgoMag.dir/C_/VSARM/sdk/pico/pico-sdk/src/common/pico_time/time.c.obj
 .text.ph_merge_nodes
                0x10001038       0x3e CMakeFiles/ErgoMag.dir/C_/VSARM/sdk/pico/pico-sdk/src/common/pico_time/time.c.obj
 *fill*         0x10001076        0x2 
 .text.ph_insert_node
                0x10001078       0x3c CMakeFiles/ErgoMag.dir/C_/VSARM/sdk/pico/pico-sdk/src/common/pico_time/time.c.obj
 .text.ph_free_node
                0x100010b4       0x5c CMakeFiles/ErgoMag.dir/C_/VSARM/sdk/pico/pico-sdk/src/common/pico_time/time.c.obj
 .text.get_entry_id_high
                0x10001110       0x30 CMakeFiles/ErgoMag.dir/C_/VSARM/sdk/pico/pico-sdk/src/common/pico_time/time.c.obj
 .text.alarm_pool_post_alloc_init
                0x10001140       0x40 CMakeFiles/ErgoMag.dir/C_/VSARM/sdk/pico/pico-sdk/src/common/pico_time/time.c.obj
 .text.sleep_until_callback
                0x10001180       0x30 CMakeFiles/ErgoMag.dir/C_/VSARM/sdk/pico/pico-sdk/src/common/pico_time/time.c.obj
 .text.get_absolute_time
                0x100011b0       0x22 CMakeFiles/ErgoMag.dir/C_/VSARM/sdk/pico/pico-sdk/src/common/pico_time/time.c.obj
 *fill*         0x100011d2        0x2 
 .text.add_alarm_under_lock
                0x100011d4       0x94 CMakeFiles/ErgoMag.dir/C_/VSARM/sdk/pico/pico-sdk/src/common/pico_time/time.c.obj
 .text.alarm_pool_alarm_callback
                0x10001268      0x210 CMakeFiles/ErgoMag.dir/C_/VSARM/sdk/pico/pico-sdk/src/common/pico_time/time.c.obj
 .text.alarm_pool_init_default
                0x10001478       0x40 CMakeFiles/ErgoMag.dir/C_/VSARM/sdk/pico/pico-sdk/src/common/pico_time/time.c.obj
                0x10001478                alarm_pool_init_default
 .text.alarm_pool_get_default
                0x100014b8       0x2c CMakeFiles/ErgoMag.dir/C_/VSARM/sdk/pico/pico-sdk/src/common/pico_time/time.c.obj
                0x100014b8                alarm_pool_get_default
 .text.alarm_pool_add_alarm_at
                0x100014e4      0x10e CMakeFiles/ErgoMag.dir/C_/VSARM/sdk/pico/pico-sdk/src/common/pico_time/time.c.obj
                0x100014e4                alarm_pool_add_alarm_at
 .text.add_alarm_at
                0x100015f2       0x2e CMakeFiles/ErgoMag.dir/C_/VSARM/sdk/pico/pico-sdk/src/common/pico_time/time.c.obj
 .text.alarm_pool_cancel_alarm
                0x10001620       0xa8 CMakeFiles/ErgoMag.dir/C_/VSARM/sdk/pico/pico-sdk/src/common/pico_time/time.c.obj
                0x10001620                alarm_pool_cancel_alarm
 .text.cancel_alarm
                0x100016c8       0x10 CMakeFiles/ErgoMag.dir/C_/VSARM/sdk/pico/pico-sdk/src/common/pico_time/time.c.obj
 .text.alarm_pool_core_num
                0x100016d8        0x4 CMakeFiles/ErgoMag.dir/C_/VSARM/sdk/pico/pico-sdk/src/common/pico_time/time.c.obj
                0x100016d8                alarm_pool_core_num
 .text.best_effort_wfe_or_timeout
                0x100016dc       0x44 CMakeFiles/ErgoMag.dir/C_/VSARM/sdk/pico/pico-sdk/src/common/pico_time/time.c.obj
                0x100016dc                best_effort_wfe_or_timeout
 .text.hardware_alarm_irq_handler
                0x10001720       0x8c CMakeFiles/ErgoMag.dir/C_/VSARM/sdk/pico/pico-sdk/src/rp2_common/hardware_timer/timer.c.obj
 .text.hardware_alarm_claim
                0x100017ac       0x18 CMakeFiles/ErgoMag.dir/C_/VSARM/sdk/pico/pico-sdk/src/rp2_common/hardware_timer/timer.c.obj
                0x100017ac                hardware_alarm_claim
 .text.time_us_64
                0x100017c4       0x18 CMakeFiles/ErgoMag.dir/C_/VSARM/sdk/pico/pico-sdk/src/rp2_common/hardware_timer/timer.c.obj
                0x100017c4                time_us_64
 .text.hardware_alarm_set_callback
                0x100017dc       0x90 CMakeFiles/ErgoMag.dir/C_/VSARM/sdk/pico/pico-sdk/src/rp2_common/hardware_timer/timer.c.obj
                0x100017dc                hardware_alarm_set_callback
 .text.hardware_alarm_set_target
                0x1000186c       0xe8 CMakeFiles/ErgoMag.dir/C_/VSARM/sdk/pico/pico-sdk/src/rp2_common/hardware_timer/timer.c.obj
                0x1000186c                hardware_alarm_set_target
 .text.hardware_alarm_cancel
                0x10001954       0x40 CMakeFiles/ErgoMag.dir/C_/VSARM/sdk/pico/pico-sdk/src/rp2_common/hardware_timer/timer.c.obj
                0x10001954                hardware_alarm_cancel
 .text.ph_get_node
                0x10001994       0x30 CMakeFiles/ErgoMag.dir/C_/VSARM/sdk/pico/pico-sdk/src/common/pico_util/pheap.c.obj
 .text.ph_add_child_node
                0x100019c4       0x6c CMakeFiles/ErgoMag.dir/C_/VSARM/sdk/pico/pico-sdk/src/common/pico_util/pheap.c.obj
 .text.ph_merge_nodes
                0x10001a30       0x3e CMakeFiles/ErgoMag.dir/C_/VSARM/sdk/pico/pico-sdk/src/common/pico_util/pheap.c.obj
 .text.ph_clear
                0x10001a6e       0x34 CMakeFiles/ErgoMag.dir/C_/VSARM/sdk/pico/pico-sdk/src/common/pico_util/pheap.c.obj
                0x10001a6e                ph_clear
 .text.ph_post_alloc_init
                0x10001aa2        0xe CMakeFiles/ErgoMag.dir/C_/VSARM/sdk/pico/pico-sdk/src/common/pico_util/pheap.c.obj
                0x10001aa2                ph_post_alloc_init
 .text.ph_merge_two_pass
                0x10001ab0       0x5c CMakeFiles/ErgoMag.dir/C_/VSARM/sdk/pico/pico-sdk/src/common/pico_util/pheap.c.obj
                0x10001ab0                ph_merge_two_pass
 .text.ph_remove_any_head
                0x10001b0c       0xc0 CMakeFiles/ErgoMag.dir/C_/VSARM/sdk/pico/pico-sdk/src/common/pico_util/pheap.c.obj
 .text.ph_remove_head
                0x10001bcc       0x14 CMakeFiles/ErgoMag.dir/C_/VSARM/sdk/pico/pico-sdk/src/common/pico_util/pheap.c.obj
                0x10001bcc                ph_remove_head
 .text.ph_remove_and_free_node
                0x10001be0       0xa0 CMakeFiles/ErgoMag.dir/C_/VSARM/sdk/pico/pico-sdk/src/common/pico_util/pheap.c.obj
                0x10001be0                ph_remove_and_free_node
 .text.clock_configure
                0x10001c80      0x108 CMakeFiles/ErgoMag.dir/C_/VSARM/sdk/pico/pico-sdk/src/rp2_common/hardware_clocks/clocks.c.obj
                0x10001c80                clock_configure
 .text.clocks_init
                0x10001d88      0x100 CMakeFiles/ErgoMag.dir/C_/VSARM/sdk/pico/pico-sdk/src/rp2_common/hardware_clocks/clocks.c.obj
                0x10001d88                clocks_init
 .text.pll_init
                0x10001e88      0x120 CMakeFiles/ErgoMag.dir/C_/VSARM/sdk/pico/pico-sdk/src/rp2_common/hardware_pll/pll.c.obj
                0x10001e88                pll_init
 .text.watchdog_start_tick
                0x10001fa8       0x10 CMakeFiles/ErgoMag.dir/C_/VSARM/sdk/pico/pico-sdk/src/rp2_common/hardware_watchdog/watchdog.c.obj
                0x10001fa8                watchdog_start_tick
 .text.watchdog_update
                0x10001fb8       0x14 CMakeFiles/ErgoMag.dir/C_/VSARM/sdk/pico/pico-sdk/src/rp2_common/hardware_watchdog/watchdog.c.obj
                0x10001fb8                watchdog_update
 .text._watchdog_enable
                0x10001fcc       0x78 CMakeFiles/ErgoMag.dir/C_/VSARM/sdk/pico/pico-sdk/src/rp2_common/hardware_watchdog/watchdog.c.obj
                0x10001fcc                _watchdog_enable
 .text.watchdog_reboot
                0x10002044       0x48 CMakeFiles/ErgoMag.dir/C_/VSARM/sdk/pico/pico-sdk/src/rp2_common/hardware_watchdog/watchdog.c.obj
                0x10002044                watchdog_reboot
 .text.xosc_init
                0x1000208c       0x28 CMakeFiles/ErgoMag.dir/C_/VSARM/sdk/pico/pico-sdk/src/rp2_common/hardware_xosc/xosc.c.obj
                0x1000208c                xosc_init
 .text._exit    0x100020b4        0x4 CMakeFiles/ErgoMag.dir/C_/VSARM/sdk/pico/pico-sdk/src/rp2_common/pico_runtime/runtime.c.obj
                0x100020b4                _exit
 .text.exit     0x100020b8        0x6 CMakeFiles/ErgoMag.dir/C_/VSARM/sdk/pico/pico-sdk/src/rp2_common/pico_runtime/runtime.c.obj
                0x100020b8                exit
 *fill*         0x100020be        0x2 
 .text.__assert_func
                0x100020c0       0x38 CMakeFiles/ErgoMag.dir/C_/VSARM/sdk/pico/pico-sdk/src/rp2_common/pico_runtime/runtime.c.obj
                0x100020c0                __assert_func
 .text.runtime_init
                0x100020f8       0xf8 CMakeFiles/ErgoMag.dir/C_/VSARM/sdk/pico/pico-sdk/src/rp2_common/pico_runtime/runtime.c.obj
                0x100020f8                runtime_init
 .text.panic    0x100021f0       0x30 CMakeFiles/ErgoMag.dir/C_/VSARM/sdk/pico/pico-sdk/src/rp2_common/pico_runtime/runtime.c.obj
                0x100021f0                panic
 .text._out_null
                0x10002220        0x2 CMakeFiles/ErgoMag.dir/C_/VSARM/sdk/pico/pico-sdk/src/rp2_common/pico_printf/printf.c.obj
 .text._out_fct
                0x10002222        0xe CMakeFiles/ErgoMag.dir/C_/VSARM/sdk/pico/pico-sdk/src/rp2_common/pico_printf/printf.c.obj
 .text._atoi    0x10002230       0x24 CMakeFiles/ErgoMag.dir/C_/VSARM/sdk/pico/pico-sdk/src/rp2_common/pico_printf/printf.c.obj
 .text._out_rev
                0x10002254       0xae CMakeFiles/ErgoMag.dir/C_/VSARM/sdk/pico/pico-sdk/src/rp2_common/pico_printf/printf.c.obj
 .text._ntoa_format
                0x10002302      0x110 CMakeFiles/ErgoMag.dir/C_/VSARM/sdk/pico/pico-sdk/src/rp2_common/pico_printf/printf.c.obj
 .text._ntoa_long
                0x10002412       0xbc CMakeFiles/ErgoMag.dir/C_/VSARM/sdk/pico/pico-sdk/src/rp2_common/pico_printf/printf.c.obj
 .text._ntoa_long_long
                0x100024ce      0x10e CMakeFiles/ErgoMag.dir/C_/VSARM/sdk/pico/pico-sdk/src/rp2_common/pico_printf/printf.c.obj
 .text._etoa    0x100025dc      0x420 CMakeFiles/ErgoMag.dir/C_/VSARM/sdk/pico/pico-sdk/src/rp2_common/pico_printf/printf.c.obj
 .text._ftoa    0x100029fc      0x354 CMakeFiles/ErgoMag.dir/C_/VSARM/sdk/pico/pico-sdk/src/rp2_common/pico_printf/printf.c.obj
 .text._vsnprintf
                0x10002d50      0x668 CMakeFiles/ErgoMag.dir/C_/VSARM/sdk/pico/pico-sdk/src/rp2_common/pico_printf/printf.c.obj
 .text.vfctprintf
                0x100033b8       0x20 CMakeFiles/ErgoMag.dir/C_/VSARM/sdk/pico/pico-sdk/src/rp2_common/pico_printf/printf.c.obj
                0x100033b8                vfctprintf
 .text          0x100033d8       0x10 CMakeFiles/ErgoMag.dir/C_/VSARM/sdk/pico/pico-sdk/src/rp2_common/pico_bit_ops/bit_ops_aeabi.S.obj
 .text.rom_func_lookup
                0x100033e8       0x10 CMakeFiles/ErgoMag.dir/C_/VSARM/sdk/pico/pico-sdk/src/rp2_common/pico_bootrom/bootrom.c.obj
                0x100033e8                rom_func_lookup
 .text.rom_data_lookup
                0x100033f8       0x10 CMakeFiles/ErgoMag.dir/C_/VSARM/sdk/pico/pico-sdk/src/rp2_common/pico_bootrom/bootrom.c.obj
                0x100033f8                rom_data_lookup
 .text.rom_funcs_lookup
                0x10003408       0x36 CMakeFiles/ErgoMag.dir/C_/VSARM/sdk/pico/pico-sdk/src/rp2_common/pico_bootrom/bootrom.c.obj
                0x10003408                rom_funcs_lookup
 *fill*         0x1000343e        0x2 
 .text.__wrap___aeabi_idiv
                0x10003440       0x50 CMakeFiles/ErgoMag.dir/C_/VSARM/sdk/pico/pico-sdk/src/rp2_common/pico_divider/divider.S.obj
                0x10003440                __wrap___aeabi_idivmod
                0x10003440                divmod_s32s32
                0x10003440                div_s32s32
                0x10003440                __wrap___aeabi_idiv
                0x10003448                divmod_s32s32_unsafe
                0x10003474                divmod_s32s32_savestate
 .text.__wrap___aeabi_uidiv
                0x10003490       0x4c CMakeFiles/ErgoMag.dir/C_/VSARM/sdk/pico/pico-sdk/src/rp2_common/pico_divider/divider.S.obj
                0x10003490                __wrap___aeabi_uidiv
                0x10003490                __wrap___aeabi_uidivmod
                0x10003490                div_u32u32
                0x10003490                divmod_u32u32
                0x10003498                divmod_u32u32_unsafe
                0x100034c0                divmod_u32u32_savestate
 .text.__wrap___aeabi_ldiv
                0x100034dc      0x424 CMakeFiles/ErgoMag.dir/C_/VSARM/sdk/pico/pico-sdk/src/rp2_common/pico_divider/divider.S.obj
                0x100034dc                div_s64s64
                0x100034dc                divmod_s64s64
                0x100034dc                __wrap___aeabi_ldivmod
                0x1000350c                divmod_u64u64
                0x1000350c                div_u64u64
                0x1000350c                __wrap___aeabi_uldivmod
                0x1000351c                divmod_u64u64_savestate
                0x1000353c                divmod_s64s64_unsafe
                0x100035c4                divmod_u64u64_unsafe
 .text.__wrap___aeabi_darithmetic
                0x10003900       0x80 CMakeFiles/ErgoMag.dir/C_/VSARM/sdk/pico/pico-sdk/src/rp2_common/pico_double/double_aeabi.S.obj
                0x10003900                __wrap___aeabi_drsub
                0x10003906                __wrap___aeabi_dsub
                0x10003918                __wrap___aeabi_dadd
                0x1000392a                __wrap___aeabi_ddiv
                0x10003966                __wrap___aeabi_dmul
 .text.__wrap___aeabi_cdcmple
                0x10003980       0x6c CMakeFiles/ErgoMag.dir/C_/VSARM/sdk/pico/pico-sdk/src/rp2_common/pico_double/double_aeabi.S.obj
                0x10003980                __wrap___aeabi_cdrcmple
                0x10003990                __wrap___aeabi_cdcmpeq
                0x10003990                __wrap___aeabi_cdcmple
 .text.__wrap___aeabi_dcmplt
                0x100039ec        0xc CMakeFiles/ErgoMag.dir/C_/VSARM/sdk/pico/pico-sdk/src/rp2_common/pico_double/double_aeabi.S.obj
                0x100039ec                __wrap___aeabi_dcmplt
 .text.__wrap___aeabi_dcmple
                0x100039f8       0x10 CMakeFiles/ErgoMag.dir/C_/VSARM/sdk/pico/pico-sdk/src/rp2_common/pico_double/double_aeabi.S.obj
                0x100039f8                __wrap___aeabi_dcmple
 .text.__wrap___aeabi_dcmpge
                0x10003a08       0x10 CMakeFiles/ErgoMag.dir/C_/VSARM/sdk/pico/pico-sdk/src/rp2_common/pico_double/double_aeabi.S.obj
                0x10003a08                __wrap___aeabi_dcmpge
 .text.__wrap___aeabi_dcmpgt
                0x10003a18        0xa CMakeFiles/ErgoMag.dir/C_/VSARM/sdk/pico/pico-sdk/src/rp2_common/pico_double/double_aeabi.S.obj
                0x10003a18                __wrap___aeabi_dcmpgt
 .text.__wrap___aeabi_dcmpun
                0x10003a22       0x1c CMakeFiles/ErgoMag.dir/C_/VSARM/sdk/pico/pico-sdk/src/rp2_common/pico_double/double_aeabi.S.obj
                0x10003a22                __wrap___aeabi_dcmpun
 *fill*         0x10003a3e        0x2 
 .text.__wrap___aeabi_i2d
                0x10003a40       0x38 CMakeFiles/ErgoMag.dir/C_/VSARM/sdk/pico/pico-sdk/src/rp2_common/pico_double/double_aeabi.S.obj
                0x10003a40                __wrap___aeabi_ui2d
                0x10003a48                __wrap___aeabi_i2d
 .text.__wrap___aeabi_d2iz
                0x10003a78       0x48 CMakeFiles/ErgoMag.dir/C_/VSARM/sdk/pico/pico-sdk/src/rp2_common/pico_double/double_aeabi.S.obj
                0x10003a78                double2int_z
                0x10003a78                __wrap___aeabi_d2iz
 .text.__wrap___aeabi_d2uiz
                0x10003ac0       0x18 CMakeFiles/ErgoMag.dir/C_/VSARM/sdk/pico/pico-sdk/src/rp2_common/pico_double/double_aeabi.S.obj
                0x10003ac0                __wrap___aeabi_d2uiz
                0x10003ac0                double2uint
 .text.__aeabi_double_init
                0x10003ad8       0xcc CMakeFiles/ErgoMag.dir/C_/VSARM/sdk/pico/pico-sdk/src/rp2_common/pico_double/double_init_rom.c.obj
                0x10003ad8                __aeabi_double_init
 .text.double_table_shim_on_use_helper
                0x10003ba4       0x34 CMakeFiles/ErgoMag.dir/C_/VSARM/sdk/pico/pico-sdk/src/rp2_common/pico_double/double_v1_rom_shim.S.obj
                0x10003ba4                double_table_shim_on_use_helper
 .text.__wrap___aeabi_dsub
                0x10003bd8       0x10 CMakeFiles/ErgoMag.dir/C_/VSARM/sdk/pico/pico-sdk/src/rp2_common/pico_double/double_v1_rom_shim.S.obj
                0x10003bd8                drsub_shim
                0x10003bde                dsub_shim
 .text.dadd_shim
                0x10003be8      0x15c CMakeFiles/ErgoMag.dir/C_/VSARM/sdk/pico/pico-sdk/src/rp2_common/pico_double/double_v1_rom_shim.S.obj
                0x10003be8                dadd_shim
 .text.dmul_shim
                0x10003d44      0x15c CMakeFiles/ErgoMag.dir/C_/VSARM/sdk/pico/pico-sdk/src/rp2_common/pico_double/double_v1_rom_shim.S.obj
                0x10003d44                dmul_shim
 .text.ddiv_shim
                0x10003ea0      0x1b0 CMakeFiles/ErgoMag.dir/C_/VSARM/sdk/pico/pico-sdk/src/rp2_common/pico_double/double_v1_rom_shim.S.obj
                0x10003ea0                ddiv_shim
 .text.double2uint_shim
                0x10004050        0xe CMakeFiles/ErgoMag.dir/C_/VSARM/sdk/pico/pico-sdk/src/rp2_common/pico_double/double_v1_rom_shim.S.obj
                0x10004050                double2uint_shim
                0x10004052                double2ufix_shim
 *fill*         0x1000405e        0x2 
 .text.double2uint64_shim
                0x10004060       0x70 CMakeFiles/ErgoMag.dir/C_/VSARM/sdk/pico/pico-sdk/src/rp2_common/pico_double/double_v1_rom_shim.S.obj
                0x10004060                double2uint64_shim
                0x10004062                double2ufix64_shim
                0x10004082                d2fix_a
 .text.dunpacks
                0x100040d0       0x3c CMakeFiles/ErgoMag.dir/C_/VSARM/sdk/pico/pico-sdk/src/rp2_common/pico_double/double_v1_rom_shim.S.obj
                0x100040d0                dunpacks
 .text.__aeabi_lmul
                0x1000410c       0x32 CMakeFiles/ErgoMag.dir/C_/VSARM/sdk/pico/pico-sdk/src/rp2_common/pico_int64_ops/pico_int64_ops_aeabi.S.obj
                0x1000410c                __wrap___aeabi_lmul
 *fill*         0x1000413e        0x2 
 .text.__aeabi_float_init
                0x10004140       0xfc CMakeFiles/ErgoMag.dir/C_/VSARM/sdk/pico/pico-sdk/src/rp2_common/pico_float/float_init_rom.c.obj
                0x10004140                __aeabi_float_init
 .text.float_table_shim_on_use_helper
                0x1000423c       0x34 CMakeFiles/ErgoMag.dir/C_/VSARM/sdk/pico/pico-sdk/src/rp2_common/pico_float/float_v1_rom_shim.S.obj
                0x1000423c                float_table_shim_on_use_helper
 .text          0x10004270       0x10 CMakeFiles/ErgoMag.dir/C_/VSARM/sdk/pico/pico-sdk/src/rp2_common/pico_mem_ops/mem_ops_aeabi.S.obj
                0x10004270                __aeabi_mem_init
 .text.memset   0x10004280        0xc CMakeFiles/ErgoMag.dir/C_/VSARM/sdk/pico/pico-sdk/src/rp2_common/pico_mem_ops/mem_ops_aeabi.S.obj
                0x10004280                __wrap_memset
 .text.memcpy   0x1000428c        0xc CMakeFiles/ErgoMag.dir/C_/VSARM/sdk/pico/pico-sdk/src/rp2_common/pico_mem_ops/mem_ops_aeabi.S.obj
                0x1000428c                __wrap_memcpy
                0x1000428c                __wrap___aeabi_memcpy
 .text.stdio_out_chars_no_crlf
                0x10004298        0xe CMakeFiles/ErgoMag.dir/C_/VSARM/sdk/pico/pico-sdk/src/rp2_common/pico_stdio/stdio.c.obj
 *fill*         0x100042a6        0x2 
 .text.stdio_out_chars_crlf
                0x100042a8       0x80 CMakeFiles/ErgoMag.dir/C_/VSARM/sdk/pico/pico-sdk/src/rp2_common/pico_stdio/stdio.c.obj
 .text.stdio_stack_buffer_flush
                0x10004328       0x44 CMakeFiles/ErgoMag.dir/C_/VSARM/sdk/pico/pico-sdk/src/rp2_common/pico_stdio/stdio.c.obj
 .text.stdio_buffered_printer
                0x1000436c       0x20 CMakeFiles/ErgoMag.dir/C_/VSARM/sdk/pico/pico-sdk/src/rp2_common/pico_stdio/stdio.c.obj
 .text.update_us_since_boot
                0x1000438c       0x24 CMakeFiles/ErgoMag.dir/C_/VSARM/sdk/pico/pico-sdk/src/rp2_common/pico_stdio/stdio.c.obj
 .text.get_absolute_time
                0x100043b0       0x22 CMakeFiles/ErgoMag.dir/C_/VSARM/sdk/pico/pico-sdk/src/rp2_common/pico_stdio/stdio.c.obj
 *fill*         0x100043d2        0x2 
 .text.delayed_by_ms
                0x100043d4       0x44 CMakeFiles/ErgoMag.dir/C_/VSARM/sdk/pico/pico-sdk/src/rp2_common/pico_stdio/stdio.c.obj
 .text.make_timeout_time_ms
                0x10004418       0x20 CMakeFiles/ErgoMag.dir/C_/VSARM/sdk/pico/pico-sdk/src/rp2_common/pico_stdio/stdio.c.obj
 .text.stdout_serialize_begin
                0x10004438       0x20 CMakeFiles/ErgoMag.dir/C_/VSARM/sdk/pico/pico-sdk/src/rp2_common/pico_stdio/stdio.c.obj
                0x10004438                stdout_serialize_begin
 .text.stdout_serialize_end
                0x10004458       0x10 CMakeFiles/ErgoMag.dir/C_/VSARM/sdk/pico/pico-sdk/src/rp2_common/pico_stdio/stdio.c.obj
                0x10004458                stdout_serialize_end
 .text.stdio_put_string
                0x10004468       0x98 CMakeFiles/ErgoMag.dir/C_/VSARM/sdk/pico/pico-sdk/src/rp2_common/pico_stdio/stdio.c.obj
 .text.stdio_set_driver_enabled
                0x10004500       0x2c CMakeFiles/ErgoMag.dir/C_/VSARM/sdk/pico/pico-sdk/src/rp2_common/pico_stdio/stdio.c.obj
                0x10004500                stdio_set_driver_enabled
 .text.stdio_flush
                0x1000452c       0x20 CMakeFiles/ErgoMag.dir/C_/VSARM/sdk/pico/pico-sdk/src/rp2_common/pico_stdio/stdio.c.obj
                0x1000452c                stdio_flush
 .text.__wrap_puts
                0x1000454c       0x1e CMakeFiles/ErgoMag.dir/C_/VSARM/sdk/pico/pico-sdk/src/rp2_common/pico_stdio/stdio.c.obj
                0x1000454c                __wrap_puts
 *fill*         0x1000456a        0x2 
 .text.__wrap_vprintf
                0x1000456c       0x40 CMakeFiles/ErgoMag.dir/C_/VSARM/sdk/pico/pico-sdk/src/rp2_common/pico_stdio/stdio.c.obj
                0x1000456c                __wrap_vprintf
 .text.__wrap_printf
                0x100045ac       0x18 CMakeFiles/ErgoMag.dir/C_/VSARM/sdk/pico/pico-sdk/src/rp2_common/pico_stdio/stdio.c.obj
                0x100045ac                __wrap_printf
 .text.stdio_init_all
                0x100045c4        0x8 CMakeFiles/ErgoMag.dir/C_/VSARM/sdk/pico/pico-sdk/src/rp2_common/pico_stdio/stdio.c.obj
                0x100045c4                stdio_init_all
 .text.resetd_init
                0x100045cc        0x2 CMakeFiles/ErgoMag.dir/C_/VSARM/sdk/pico/pico-sdk/src/rp2_common/pico_stdio_usb/reset_interface.c.obj
 *fill*         0x100045ce        0x2 
 .text.resetd_reset
                0x100045d0        0xc CMakeFiles/ErgoMag.dir/C_/VSARM/sdk/pico/pico-sdk/src/rp2_common/pico_stdio_usb/reset_interface.c.obj
 .text.resetd_open
                0x100045dc       0x34 CMakeFiles/ErgoMag.dir/C_/VSARM/sdk/pico/pico-sdk/src/rp2_common/pico_stdio_usb/reset_interface.c.obj
 .text.resetd_xfer_cb
                0x10004610        0x4 CMakeFiles/ErgoMag.dir/C_/VSARM/sdk/pico/pico-sdk/src/rp2_common/pico_stdio_usb/reset_interface.c.obj
 .text.reset_usb_boot
                0x10004614       0x18 CMakeFiles/ErgoMag.dir/C_/VSARM/sdk/pico/pico-sdk/src/rp2_common/pico_stdio_usb/reset_interface.c.obj
 .text.resetd_control_xfer_cb
                0x1000462c       0x5c CMakeFiles/ErgoMag.dir/C_/VSARM/sdk/pico/pico-sdk/src/rp2_common/pico_stdio_usb/reset_interface.c.obj
 .text.usbd_app_driver_get_cb
                0x10004688        0xc CMakeFiles/ErgoMag.dir/C_/VSARM/sdk/pico/pico-sdk/src/rp2_common/pico_stdio_usb/reset_interface.c.obj
                0x10004688                usbd_app_driver_get_cb
 .text.tud_cdc_line_coding_cb
                0x10004694       0x28 CMakeFiles/ErgoMag.dir/C_/VSARM/sdk/pico/pico-sdk/src/rp2_common/pico_stdio_usb/reset_interface.c.obj
                0x10004694                tud_cdc_line_coding_cb
 .text.stdio_usb_set_chars_available_callback
                0x100046bc       0x14 CMakeFiles/ErgoMag.dir/C_/VSARM/sdk/pico/pico-sdk/src/rp2_common/pico_stdio_usb/stdio_usb.c.obj
                0x100046bc                stdio_usb_set_chars_available_callback
 .text.update_us_since_boot
                0x100046d0       0x24 CMakeFiles/ErgoMag.dir/C_/VSARM/sdk/pico/pico-sdk/src/rp2_common/pico_stdio_usb/stdio_usb.c.obj
 .text.get_absolute_time
                0x100046f4       0x22 CMakeFiles/ErgoMag.dir/C_/VSARM/sdk/pico/pico-sdk/src/rp2_common/pico_stdio_usb/stdio_usb.c.obj
 *fill*         0x10004716        0x2 
 .text.delayed_by_ms
                0x10004718       0x44 CMakeFiles/ErgoMag.dir/C_/VSARM/sdk/pico/pico-sdk/src/rp2_common/pico_stdio_usb/stdio_usb.c.obj
 .text.make_timeout_time_ms
                0x1000475c       0x20 CMakeFiles/ErgoMag.dir/C_/VSARM/sdk/pico/pico-sdk/src/rp2_common/pico_stdio_usb/stdio_usb.c.obj
 .text.delayed_by_us
                0x1000477c       0x34 CMakeFiles/ErgoMag.dir/C_/VSARM/sdk/pico/pico-sdk/src/rp2_common/pico_stdio_usb/stdio_usb.c.obj
 .text.usb_irq  0x100047b0       0x10 CMakeFiles/ErgoMag.dir/C_/VSARM/sdk/pico/pico-sdk/src/rp2_common/pico_stdio_usb/stdio_usb.c.obj
 .text.critical_section_enter_blocking
                0x100047c0       0x16 CMakeFiles/ErgoMag.dir/C_/VSARM/sdk/pico/pico-sdk/src/rp2_common/pico_stdio_usb/stdio_usb.c.obj
 *fill*         0x100047d6        0x2 
 .text.timer_task
                0x100047d8       0x4c CMakeFiles/ErgoMag.dir/C_/VSARM/sdk/pico/pico-sdk/src/rp2_common/pico_stdio_usb/stdio_usb.c.obj
 .text.alarm_pool_add_alarm_in_us
                0x10004824       0x3a CMakeFiles/ErgoMag.dir/C_/VSARM/sdk/pico/pico-sdk/src/rp2_common/pico_stdio_usb/stdio_usb.c.obj
 .text.add_alarm_in_us
                0x1000485e       0x2e CMakeFiles/ErgoMag.dir/C_/VSARM/sdk/pico/pico-sdk/src/rp2_common/pico_stdio_usb/stdio_usb.c.obj
 .text.low_priority_worker_irq
                0x1000488c       0x7c CMakeFiles/ErgoMag.dir/C_/VSARM/sdk/pico/pico-sdk/src/rp2_common/pico_stdio_usb/stdio_usb.c.obj
 .text.tud_cdc_rx_cb
                0x10004908       0x20 CMakeFiles/ErgoMag.dir/C_/VSARM/sdk/pico/pico-sdk/src/rp2_common/pico_stdio_usb/stdio_usb.c.obj
                0x10004908                tud_cdc_rx_cb
 .text.stdio_usb_init
                0x10004928       0xd0 CMakeFiles/ErgoMag.dir/C_/VSARM/sdk/pico/pico-sdk/src/rp2_common/pico_stdio_usb/stdio_usb.c.obj
                0x10004928                stdio_usb_init
 .text.stdio_usb_connected
                0x100049f8        0xa CMakeFiles/ErgoMag.dir/C_/VSARM/sdk/pico/pico-sdk/src/rp2_common/pico_stdio_usb/stdio_usb.c.obj
                0x100049f8                stdio_usb_connected
 *fill*         0x10004a02        0x2 
 .text.stdio_usb_in_chars
                0x10004a04       0x88 CMakeFiles/ErgoMag.dir/C_/VSARM/sdk/pico/pico-sdk/src/rp2_common/pico_stdio_usb/stdio_usb.c.obj
                0x10004a04                stdio_usb_in_chars
 .text.stdio_usb_out_chars
                0x10004a8c       0xd8 CMakeFiles/ErgoMag.dir/C_/VSARM/sdk/pico/pico-sdk/src/rp2_common/pico_stdio_usb/stdio_usb.c.obj
 .text.tud_descriptor_device_cb
                0x10004b64        0x8 CMakeFiles/ErgoMag.dir/C_/VSARM/sdk/pico/pico-sdk/src/rp2_common/pico_stdio_usb/stdio_usb_descriptors.c.obj
                0x10004b64                tud_descriptor_device_cb
 .text.tud_descriptor_configuration_cb
                0x10004b6c        0x8 CMakeFiles/ErgoMag.dir/C_/VSARM/sdk/pico/pico-sdk/src/rp2_common/pico_stdio_usb/stdio_usb_descriptors.c.obj
                0x10004b6c                tud_descriptor_configuration_cb
 .text.tud_descriptor_string_cb
                0x10004b74       0x6c CMakeFiles/ErgoMag.dir/C_/VSARM/sdk/pico/pico-sdk/src/rp2_common/pico_stdio_usb/stdio_usb_descriptors.c.obj
                0x10004b74                tud_descriptor_string_cb
 .text._retrieve_unique_id_on_boot
                0x10004be0       0x10 CMakeFiles/ErgoMag.dir/C_/VSARM/sdk/pico/pico-sdk/src/rp2_common/pico_unique_id/unique_id.c.obj
 .text.pico_get_unique_board_id_string
                0x10004bf0       0x5c CMakeFiles/ErgoMag.dir/C_/VSARM/sdk/pico/pico-sdk/src/rp2_common/pico_unique_id/unique_id.c.obj
                0x10004bf0                pico_get_unique_board_id_string
 .text.flash_get_unique_id
                0x10004c4c       0x40 CMakeFiles/ErgoMag.dir/C_/VSARM/sdk/pico/pico-sdk/src/rp2_common/hardware_flash/flash.c.obj
                0x10004c4c                flash_get_unique_id
 .text.hw_endpoint_get_by_addr
                0x10004c8c       0x18 CMakeFiles/ErgoMag.dir/C_/VSARM/sdk/pico/pico-sdk/lib/tinyusb/src/portable/raspberrypi/rp2040/dcd_rp2040.c.obj
 .text._hw_endpoint_alloc
                0x10004ca4       0x70 CMakeFiles/ErgoMag.dir/C_/VSARM/sdk/pico/pico-sdk/lib/tinyusb/src/portable/raspberrypi/rp2040/dcd_rp2040.c.obj
 .text.hw_endpoint_init
                0x10004d14       0x88 CMakeFiles/ErgoMag.dir/C_/VSARM/sdk/pico/pico-sdk/lib/tinyusb/src/portable/raspberrypi/rp2040/dcd_rp2040.c.obj
 .text.dcd_event_sof
                0x10004d9c       0x2c CMakeFiles/ErgoMag.dir/C_/VSARM/sdk/pico/pico-sdk/lib/tinyusb/src/portable/raspberrypi/rp2040/dcd_rp2040.c.obj
 .text.hw_endpoint_xfer
                0x10004dc8       0x14 CMakeFiles/ErgoMag.dir/C_/VSARM/sdk/pico/pico-sdk/lib/tinyusb/src/portable/raspberrypi/rp2040/dcd_rp2040.c.obj
 .text.dcd_int_enable
                0x10004ddc       0x2c CMakeFiles/ErgoMag.dir/C_/VSARM/sdk/pico/pico-sdk/lib/tinyusb/src/portable/raspberrypi/rp2040/dcd_rp2040.c.obj
                0x10004ddc                dcd_int_enable
 .text.dcd_set_address
                0x10004e08       0x2c CMakeFiles/ErgoMag.dir/C_/VSARM/sdk/pico/pico-sdk/lib/tinyusb/src/portable/raspberrypi/rp2040/dcd_rp2040.c.obj
                0x10004e08                dcd_set_address
 .text.dcd_connect
                0x10004e34       0x10 CMakeFiles/ErgoMag.dir/C_/VSARM/sdk/pico/pico-sdk/lib/tinyusb/src/portable/raspberrypi/rp2040/dcd_rp2040.c.obj
                0x10004e34                dcd_connect
 .text.dcd_init
                0x10004e44       0x80 CMakeFiles/ErgoMag.dir/C_/VSARM/sdk/pico/pico-sdk/lib/tinyusb/src/portable/raspberrypi/rp2040/dcd_rp2040.c.obj
                0x10004e44                dcd_init
 .text.dcd_edpt0_status_complete
                0x10004ec4       0x1c CMakeFiles/ErgoMag.dir/C_/VSARM/sdk/pico/pico-sdk/lib/tinyusb/src/portable/raspberrypi/rp2040/dcd_rp2040.c.obj
                0x10004ec4                dcd_edpt0_status_complete
 .text.dcd_edpt_open
                0x10004ee0       0x40 CMakeFiles/ErgoMag.dir/C_/VSARM/sdk/pico/pico-sdk/lib/tinyusb/src/portable/raspberrypi/rp2040/dcd_rp2040.c.obj
                0x10004ee0                dcd_edpt_open
 .text.dcd_edpt_close_all
                0x10004f20        0x8 CMakeFiles/ErgoMag.dir/C_/VSARM/sdk/pico/pico-sdk/lib/tinyusb/src/portable/raspberrypi/rp2040/dcd_rp2040.c.obj
                0x10004f20                dcd_edpt_close_all
 .text.dcd_edpt_xfer
                0x10004f28       0x34 CMakeFiles/ErgoMag.dir/C_/VSARM/sdk/pico/pico-sdk/lib/tinyusb/src/portable/raspberrypi/rp2040/dcd_rp2040.c.obj
                0x10004f28                dcd_edpt_xfer
 .text.dcd_edpt_stall
                0x10004f5c       0x2c CMakeFiles/ErgoMag.dir/C_/VSARM/sdk/pico/pico-sdk/lib/tinyusb/src/portable/raspberrypi/rp2040/dcd_rp2040.c.obj
                0x10004f5c                dcd_edpt_stall
 .text.dcd_edpt_clear_stall
                0x10004f88       0x20 CMakeFiles/ErgoMag.dir/C_/VSARM/sdk/pico/pico-sdk/lib/tinyusb/src/portable/raspberrypi/rp2040/dcd_rp2040.c.obj
                0x10004f88                dcd_edpt_clear_stall
 .text.rp2040_usb_init
                0x10004fa8       0x4c CMakeFiles/ErgoMag.dir/C_/VSARM/sdk/pico/pico-sdk/lib/tinyusb/src/portable/raspberrypi/rp2040/rp2040_usb.c.obj
                0x10004fa8                rp2040_usb_init
 .text.hw_endpoint_xfer_start
                0x10004ff4       0x50 CMakeFiles/ErgoMag.dir/C_/VSARM/sdk/pico/pico-sdk/lib/tinyusb/src/portable/raspberrypi/rp2040/rp2040_usb.c.obj
                0x10004ff4                hw_endpoint_xfer_start
 .text.configuration_reset
                0x10005044       0x84 CMakeFiles/ErgoMag.dir/C_/VSARM/sdk/pico/pico-sdk/lib/tinyusb/src/device/usbd.c.obj
 .text.critical_section_enter_blocking
                0x100050c8       0x16 CMakeFiles/ErgoMag.dir/C_/VSARM/sdk/pico/pico-sdk/lib/tinyusb/src/device/usbd.c.obj
 .text.usbd_reset
                0x100050de        0xc CMakeFiles/ErgoMag.dir/C_/VSARM/sdk/pico/pico-sdk/lib/tinyusb/src/device/usbd.c.obj
 .text.invoke_class_control
                0x100050ea       0x1a CMakeFiles/ErgoMag.dir/C_/VSARM/sdk/pico/pico-sdk/lib/tinyusb/src/device/usbd.c.obj
 .text.process_set_config
                0x10005104      0x178 CMakeFiles/ErgoMag.dir/C_/VSARM/sdk/pico/pico-sdk/lib/tinyusb/src/device/usbd.c.obj
 .text.process_get_descriptor
                0x1000527c       0xdc CMakeFiles/ErgoMag.dir/C_/VSARM/sdk/pico/pico-sdk/lib/tinyusb/src/device/usbd.c.obj
 .text.tud_mounted
                0x10005358       0x10 CMakeFiles/ErgoMag.dir/C_/VSARM/sdk/pico/pico-sdk/lib/tinyusb/src/device/usbd.c.obj
                0x10005358                tud_mounted
 .text.tud_suspended
                0x10005368       0x10 CMakeFiles/ErgoMag.dir/C_/VSARM/sdk/pico/pico-sdk/lib/tinyusb/src/device/usbd.c.obj
                0x10005368                tud_suspended
 .text.tud_inited
                0x10005378       0x14 CMakeFiles/ErgoMag.dir/C_/VSARM/sdk/pico/pico-sdk/lib/tinyusb/src/device/usbd.c.obj
                0x10005378                tud_inited
 .text.tud_init
                0x1000538c       0xcc CMakeFiles/ErgoMag.dir/C_/VSARM/sdk/pico/pico-sdk/lib/tinyusb/src/device/usbd.c.obj
                0x1000538c                tud_init
 .text.usbd_defer_func
                0x10005458       0x2a CMakeFiles/ErgoMag.dir/C_/VSARM/sdk/pico/pico-sdk/lib/tinyusb/src/device/usbd.c.obj
                0x10005458                usbd_defer_func
 *fill*         0x10005482        0x2 
 .text.usbd_edpt_open
                0x10005484       0x34 CMakeFiles/ErgoMag.dir/C_/VSARM/sdk/pico/pico-sdk/lib/tinyusb/src/device/usbd.c.obj
                0x10005484                usbd_edpt_open
 .text.usbd_open_edpt_pair
                0x100054b8       0x62 CMakeFiles/ErgoMag.dir/C_/VSARM/sdk/pico/pico-sdk/lib/tinyusb/src/device/usbd.c.obj
                0x100054b8                usbd_open_edpt_pair
 *fill*         0x1000551a        0x2 
 .text.usbd_edpt_claim
                0x1000551c       0x28 CMakeFiles/ErgoMag.dir/C_/VSARM/sdk/pico/pico-sdk/lib/tinyusb/src/device/usbd.c.obj
                0x1000551c                usbd_edpt_claim
 .text.usbd_edpt_release
                0x10005544       0x28 CMakeFiles/ErgoMag.dir/C_/VSARM/sdk/pico/pico-sdk/lib/tinyusb/src/device/usbd.c.obj
                0x10005544                usbd_edpt_release
 .text.usbd_edpt_xfer
                0x1000556c       0x78 CMakeFiles/ErgoMag.dir/C_/VSARM/sdk/pico/pico-sdk/lib/tinyusb/src/device/usbd.c.obj
                0x1000556c                usbd_edpt_xfer
 .text.usbd_edpt_stall
                0x100055e4       0x48 CMakeFiles/ErgoMag.dir/C_/VSARM/sdk/pico/pico-sdk/lib/tinyusb/src/device/usbd.c.obj
                0x100055e4                usbd_edpt_stall
 .text.usbd_edpt_clear_stall
                0x1000562c       0x48 CMakeFiles/ErgoMag.dir/C_/VSARM/sdk/pico/pico-sdk/lib/tinyusb/src/device/usbd.c.obj
                0x1000562c                usbd_edpt_clear_stall
 .text.usbd_edpt_stalled
                0x10005674       0x1c CMakeFiles/ErgoMag.dir/C_/VSARM/sdk/pico/pico-sdk/lib/tinyusb/src/device/usbd.c.obj
                0x10005674                usbd_edpt_stalled
 .text.process_control_request
                0x10005690      0x374 CMakeFiles/ErgoMag.dir/C_/VSARM/sdk/pico/pico-sdk/lib/tinyusb/src/device/usbd.c.obj
 .text.tud_task_ext
                0x10005a04      0x1a8 CMakeFiles/ErgoMag.dir/C_/VSARM/sdk/pico/pico-sdk/lib/tinyusb/src/device/usbd.c.obj
                0x10005a04                tud_task_ext
 .text._status_stage_xact
                0x10005bac       0x1a CMakeFiles/ErgoMag.dir/C_/VSARM/sdk/pico/pico-sdk/lib/tinyusb/src/device/usbd_control.c.obj
 *fill*         0x10005bc6        0x2 
 .text._data_stage_xact
                0x10005bc8       0x58 CMakeFiles/ErgoMag.dir/C_/VSARM/sdk/pico/pico-sdk/lib/tinyusb/src/device/usbd_control.c.obj
 .text.tud_control_status
                0x10005c20       0x28 CMakeFiles/ErgoMag.dir/C_/VSARM/sdk/pico/pico-sdk/lib/tinyusb/src/device/usbd_control.c.obj
                0x10005c20                tud_control_status
 .text.tud_control_xfer
                0x10005c48       0x68 CMakeFiles/ErgoMag.dir/C_/VSARM/sdk/pico/pico-sdk/lib/tinyusb/src/device/usbd_control.c.obj
                0x10005c48                tud_control_xfer
 .text.usbd_control_reset
                0x10005cb0       0x14 CMakeFiles/ErgoMag.dir/C_/VSARM/sdk/pico/pico-sdk/lib/tinyusb/src/device/usbd_control.c.obj
                0x10005cb0                usbd_control_reset
 .text.usbd_control_set_complete_callback
                0x10005cc4        0xc CMakeFiles/ErgoMag.dir/C_/VSARM/sdk/pico/pico-sdk/lib/tinyusb/src/device/usbd_control.c.obj
                0x10005cc4                usbd_control_set_complete_callback
 .text.usbd_control_set_request
                0x10005cd0       0x1c CMakeFiles/ErgoMag.dir/C_/VSARM/sdk/pico/pico-sdk/lib/tinyusb/src/device/usbd_control.c.obj
                0x10005cd0                usbd_control_set_request
 .text.usbd_control_xfer_cb
                0x10005cec       0xbc CMakeFiles/ErgoMag.dir/C_/VSARM/sdk/pico/pico-sdk/lib/tinyusb/src/device/usbd_control.c.obj
                0x10005cec                usbd_control_xfer_cb
 .text._prep_out_transaction
                0x10005da8       0x4a CMakeFiles/ErgoMag.dir/C_/VSARM/sdk/pico/pico-sdk/lib/tinyusb/src/class/cdc/cdc_device.c.obj
 *fill*         0x10005df2        0x2 
 .text.tud_cdc_n_connected
                0x10005df4       0x38 CMakeFiles/ErgoMag.dir/C_/VSARM/sdk/pico/pico-sdk/lib/tinyusb/src/class/cdc/cdc_device.c.obj
                0x10005df4                tud_cdc_n_connected
 .text.tud_cdc_n_available
                0x10005e2c       0x18 CMakeFiles/ErgoMag.dir/C_/VSARM/sdk/pico/pico-sdk/lib/tinyusb/src/class/cdc/cdc_device.c.obj
                0x10005e2c                tud_cdc_n_available
 .text.tud_cdc_n_read
                0x10005e44       0x28 CMakeFiles/ErgoMag.dir/C_/VSARM/sdk/pico/pico-sdk/lib/tinyusb/src/class/cdc/cdc_device.c.obj
                0x10005e44                tud_cdc_n_read
 .text.tud_cdc_n_write_flush
                0x10005e6c       0xb8 CMakeFiles/ErgoMag.dir/C_/VSARM/sdk/pico/pico-sdk/lib/tinyusb/src/class/cdc/cdc_device.c.obj
                0x10005e6c                tud_cdc_n_write_flush
 .text.tud_cdc_n_write
                0x10005f24       0x38 CMakeFiles/ErgoMag.dir/C_/VSARM/sdk/pico/pico-sdk/lib/tinyusb/src/class/cdc/cdc_device.c.obj
                0x10005f24                tud_cdc_n_write
 .text.tud_cdc_n_write_available
                0x10005f5c       0x1c CMakeFiles/ErgoMag.dir/C_/VSARM/sdk/pico/pico-sdk/lib/tinyusb/src/class/cdc/cdc_device.c.obj
                0x10005f5c                tud_cdc_n_write_available
 .text.cdcd_init
                0x10005f78       0xbc CMakeFiles/ErgoMag.dir/C_/VSARM/sdk/pico/pico-sdk/lib/tinyusb/src/class/cdc/cdc_device.c.obj
                0x10005f78                cdcd_init
 .text.cdcd_reset
                0x10006034       0x44 CMakeFiles/ErgoMag.dir/C_/VSARM/sdk/pico/pico-sdk/lib/tinyusb/src/class/cdc/cdc_device.c.obj
                0x10006034                cdcd_reset
 .text.cdcd_open
                0x10006078       0xc4 CMakeFiles/ErgoMag.dir/C_/VSARM/sdk/pico/pico-sdk/lib/tinyusb/src/class/cdc/cdc_device.c.obj
                0x10006078                cdcd_open
 .text.cdcd_control_xfer_cb
                0x1000613c      0x134 CMakeFiles/ErgoMag.dir/C_/VSARM/sdk/pico/pico-sdk/lib/tinyusb/src/class/cdc/cdc_device.c.obj
                0x1000613c                cdcd_control_xfer_cb
 .text.cdcd_xfer_cb
                0x10006270      0x130 CMakeFiles/ErgoMag.dir/C_/VSARM/sdk/pico/pico-sdk/lib/tinyusb/src/class/cdc/cdc_device.c.obj
                0x10006270                cdcd_xfer_cb
 .text.tusb_init
                0x100063a0        0xa CMakeFiles/ErgoMag.dir/C_/VSARM/sdk/pico/pico-sdk/lib/tinyusb/src/tusb.c.obj
                0x100063a0                tusb_init
 .text.tusb_inited
                0x100063aa        0xe CMakeFiles/ErgoMag.dir/C_/VSARM/sdk/pico/pico-sdk/lib/tinyusb/src/tusb.c.obj
                0x100063aa                tusb_inited
 .text.tu_edpt_claim
                0x100063b8       0x50 CMakeFiles/ErgoMag.dir/C_/VSARM/sdk/pico/pico-sdk/lib/tinyusb/src/tusb.c.obj
                0x100063b8                tu_edpt_claim
 .text.tu_edpt_release
                0x10006408       0x38 CMakeFiles/ErgoMag.dir/C_/VSARM/sdk/pico/pico-sdk/lib/tinyusb/src/tusb.c.obj
                0x10006408                tu_edpt_release
 .text.tu_edpt_validate
                0x10006440       0x78 CMakeFiles/ErgoMag.dir/C_/VSARM/sdk/pico/pico-sdk/lib/tinyusb/src/tusb.c.obj
                0x10006440                tu_edpt_validate
 .text.tu_edpt_bind_driver
                0x100064b8       0x26 CMakeFiles/ErgoMag.dir/C_/VSARM/sdk/pico/pico-sdk/lib/tinyusb/src/tusb.c.obj
                0x100064b8                tu_edpt_bind_driver
 .text.advance_index
                0x100064de       0x1a CMakeFiles/ErgoMag.dir/C_/VSARM/sdk/pico/pico-sdk/lib/tinyusb/src/common/tusb_fifo.c.obj
 .text._tu_fifo_peek
                0x100064f8       0x56 CMakeFiles/ErgoMag.dir/C_/VSARM/sdk/pico/pico-sdk/lib/tinyusb/src/common/tusb_fifo.c.obj
 .text._ff_pull_const_addr
                0x1000654e       0x4c CMakeFiles/ErgoMag.dir/C_/VSARM/sdk/pico/pico-sdk/lib/tinyusb/src/common/tusb_fifo.c.obj
 .text._ff_pull_n
                0x1000659a      0x110 CMakeFiles/ErgoMag.dir/C_/VSARM/sdk/pico/pico-sdk/lib/tinyusb/src/common/tusb_fifo.c.obj
 .text._tu_fifo_peek_n
                0x100066aa       0x6a CMakeFiles/ErgoMag.dir/C_/VSARM/sdk/pico/pico-sdk/lib/tinyusb/src/common/tusb_fifo.c.obj
 .text._tu_fifo_read_n
                0x10006714       0x4e CMakeFiles/ErgoMag.dir/C_/VSARM/sdk/pico/pico-sdk/lib/tinyusb/src/common/tusb_fifo.c.obj
 .text._ff_push_const_addr
                0x10006762       0x40 CMakeFiles/ErgoMag.dir/C_/VSARM/sdk/pico/pico-sdk/lib/tinyusb/src/common/tusb_fifo.c.obj
 .text._ff_push_n
                0x100067a2      0x10c CMakeFiles/ErgoMag.dir/C_/VSARM/sdk/pico/pico-sdk/lib/tinyusb/src/common/tusb_fifo.c.obj
 .text._tu_fifo_write_n
                0x100068ae       0xf0 CMakeFiles/ErgoMag.dir/C_/VSARM/sdk/pico/pico-sdk/lib/tinyusb/src/common/tusb_fifo.c.obj
 .text.tu_fifo_config
                0x1000699e       0x7c CMakeFiles/ErgoMag.dir/C_/VSARM/sdk/pico/pico-sdk/lib/tinyusb/src/common/tusb_fifo.c.obj
                0x1000699e                tu_fifo_config
 .text.tu_fifo_count
                0x10006a1a       0x2a CMakeFiles/ErgoMag.dir/C_/VSARM/sdk/pico/pico-sdk/lib/tinyusb/src/common/tusb_fifo.c.obj
                0x10006a1a                tu_fifo_count
 .text.tu_fifo_empty
                0x10006a44        0xe CMakeFiles/ErgoMag.dir/C_/VSARM/sdk/pico/pico-sdk/lib/tinyusb/src/common/tusb_fifo.c.obj
                0x10006a44                tu_fifo_empty
 .text.tu_fifo_full
                0x10006a52       0x28 CMakeFiles/ErgoMag.dir/C_/VSARM/sdk/pico/pico-sdk/lib/tinyusb/src/common/tusb_fifo.c.obj
                0x10006a52                tu_fifo_full
 .text.tu_fifo_remaining
                0x10006a7a       0x2c CMakeFiles/ErgoMag.dir/C_/VSARM/sdk/pico/pico-sdk/lib/tinyusb/src/common/tusb_fifo.c.obj
                0x10006a7a                tu_fifo_remaining
 .text.tu_fifo_read
                0x10006aa6       0x42 CMakeFiles/ErgoMag.dir/C_/VSARM/sdk/pico/pico-sdk/lib/tinyusb/src/common/tusb_fifo.c.obj
                0x10006aa6                tu_fifo_read
 .text.tu_fifo_read_n
                0x10006ae8        0xa CMakeFiles/ErgoMag.dir/C_/VSARM/sdk/pico/pico-sdk/lib/tinyusb/src/common/tusb_fifo.c.obj
                0x10006ae8                tu_fifo_read_n
 .text.tu_fifo_write
                0x10006af2       0x64 CMakeFiles/ErgoMag.dir/C_/VSARM/sdk/pico/pico-sdk/lib/tinyusb/src/common/tusb_fifo.c.obj
                0x10006af2                tu_fifo_write
 .text.tu_fifo_write_n
                0x10006b56        0xa CMakeFiles/ErgoMag.dir/C_/VSARM/sdk/pico/pico-sdk/lib/tinyusb/src/common/tusb_fifo.c.obj
                0x10006b56                tu_fifo_write_n
 .text.tu_fifo_clear
                0x10006b60       0x3e CMakeFiles/ErgoMag.dir/C_/VSARM/sdk/pico/pico-sdk/lib/tinyusb/src/common/tusb_fifo.c.obj
                0x10006b60                tu_fifo_clear
 .text.tu_fifo_set_overwritable
                0x10006b9e       0x46 CMakeFiles/ErgoMag.dir/C_/VSARM/sdk/pico/pico-sdk/lib/tinyusb/src/common/tusb_fifo.c.obj
                0x10006b9e                tu_fifo_set_overwritable
 .text.adc_init
                0x10006be4       0x34 CMakeFiles/ErgoMag.dir/C_/VSARM/sdk/pico/pico-sdk/src/rp2_common/hardware_adc/adc.c.obj
                0x10006be4                adc_init
 .text.strlen   0x10006c18       0x5c C:/VSARM/armcc/13C7F1~1.2RE/bin/../lib/gcc/arm-none-eabi/13.2.1/thumb/v6-m/nofp\libg.a(libc_a-strlen-stub.o)
                0x10006c18                strlen
 *(.fini)
 .fini          0x10006c74        0x4 C:/VSARM/armcc/13C7F1~1.2RE/bin/../lib/gcc/arm-none-eabi/13.2.1/thumb/v6-m/nofp/crti.o
                0x10006c74                _fini
 .fini.__stub   0x10006c78       0xe0 linker stubs
 *crtbegin.o(.ctors)
 *crtbegin?.o(.ctors)
 *(EXCLUDE_FILE(*crtend.o *crtend?.o) .ctors)
 *(SORT_BY_NAME(.ctors.*))
 *(.ctors)
 *crtbegin.o(.dtors)
 *crtbegin?.o(.dtors)
 *(EXCLUDE_FILE(*crtend.o *crtend?.o) .dtors)
 *(SORT_BY_NAME(.dtors.*))
 *(.dtors)
 *(.eh_frame*)
 .eh_frame      0x10006d58        0x0 C:/VSARM/armcc/13C7F1~1.2RE/bin/../lib/gcc/arm-none-eabi/13.2.1/thumb/v6-m/nofp/crtbegin.o
                0x10006d58                        . = ALIGN (0x4)

.glue_7         0x10006d58        0x0
 .glue_7        0x10006d58        0x0 linker stubs

.glue_7t        0x10006d58        0x0
 .glue_7t       0x10006d58        0x0 linker stubs

.vfp11_veneer   0x10006d58        0x0
 .vfp11_veneer  0x10006d58        0x0 linker stubs

.v4_bx          0x10006d58        0x0
 .v4_bx         0x10006d58        0x0 linker stubs

.iplt           0x10006d58        0x0
 .iplt          0x10006d58        0x0 C:/VSARM/armcc/13C7F1~1.2RE/bin/../lib/gcc/arm-none-eabi/13.2.1/thumb/v6-m/nofp/crtbegin.o

.rodata         0x10006d58     0x1550
 *(EXCLUDE_FILE(*libm.a: *libc.a:*lib_a-mem*.o *libgcc.a:) .rodata*)
 .rodata.channel_config_set_chain_to.str1.4
                0x10006d58      0xe8b CMakeFiles/ErgoMag.dir/main.c.obj
                                 0x6e (size before relaxing)
 .rodata.main.str1.4
                0x10007be3       0x15 CMakeFiles/ErgoMag.dir/main.c.obj
 *fill*         0x10007be3        0x1 
 .rodata.__func__.0
                0x10007be4       0x1c CMakeFiles/ErgoMag.dir/main.c.obj
 .rodata.spin_lock_claim_unused.str1.4
                0x10007c00       0x1b CMakeFiles/ErgoMag.dir/C_/VSARM/sdk/pico/pico-sdk/src/rp2_common/hardware_sync/sync.c.obj
 .rodata.resolve_branch.str1.4
                0x10007c00       0x55 CMakeFiles/ErgoMag.dir/C_/VSARM/sdk/pico/pico-sdk/src/rp2_common/hardware_irq/irq.c.obj
 .rodata.make_branch.str1.4
                0x10007c00       0x30 CMakeFiles/ErgoMag.dir/C_/VSARM/sdk/pico/pico-sdk/src/rp2_common/hardware_irq/irq.c.obj
 .rodata.insert_branch_and_link.str1.4
                0x10007c00       0x10 CMakeFiles/ErgoMag.dir/C_/VSARM/sdk/pico/pico-sdk/src/rp2_common/hardware_irq/irq.c.obj
 .rodata.irq_set_exclusive_handler.str1.4
                0x10007c00       0x36 CMakeFiles/ErgoMag.dir/C_/VSARM/sdk/pico/pico-sdk/src/rp2_common/hardware_irq/irq.c.obj
 .rodata.irq_add_shared_handler.str1.4
                0x10007c00       0xc2 CMakeFiles/ErgoMag.dir/C_/VSARM/sdk/pico/pico-sdk/src/rp2_common/hardware_irq/irq.c.obj
 .rodata.irq_remove_handler.str1.4
                0x10007c00       0x3a CMakeFiles/ErgoMag.dir/C_/VSARM/sdk/pico/pico-sdk/src/rp2_common/hardware_irq/irq.c.obj
 .rodata.irq_add_tail_to_free_list.str1.4
                0x10007c00       0x3a CMakeFiles/ErgoMag.dir/C_/VSARM/sdk/pico/pico-sdk/src/rp2_common/hardware_irq/irq.c.obj
 .rodata.user_irq_claim_unused.str1.4
                0x10007c00       0x1b CMakeFiles/ErgoMag.dir/C_/VSARM/sdk/pico/pico-sdk/src/rp2_common/hardware_irq/irq.c.obj
 .rodata.__func__.0
                0x10007c00       0x1a CMakeFiles/ErgoMag.dir/C_/VSARM/sdk/pico/pico-sdk/src/rp2_common/hardware_irq/irq.c.obj
 *fill*         0x10007c1a        0x2 
 .rodata.__func__.1
                0x10007c1c       0x17 CMakeFiles/ErgoMag.dir/C_/VSARM/sdk/pico/pico-sdk/src/rp2_common/hardware_irq/irq.c.obj
 *fill*         0x10007c33        0x1 
 .rodata.__func__.2
                0x10007c34       0x13 CMakeFiles/ErgoMag.dir/C_/VSARM/sdk/pico/pico-sdk/src/rp2_common/hardware_irq/irq.c.obj
 *fill*         0x10007c47        0x1 
 .rodata.__func__.3
                0x10007c48        0xc CMakeFiles/ErgoMag.dir/C_/VSARM/sdk/pico/pico-sdk/src/rp2_common/hardware_irq/irq.c.obj
 .rodata.__func__.4
                0x10007c54        0xf CMakeFiles/ErgoMag.dir/C_/VSARM/sdk/pico/pico-sdk/src/rp2_common/hardware_irq/irq.c.obj
 *fill*         0x10007c63        0x1 
 .rodata.__func__.5
                0x10007c64       0x17 CMakeFiles/ErgoMag.dir/C_/VSARM/sdk/pico/pico-sdk/src/rp2_common/hardware_irq/irq.c.obj
 *fill*         0x10007c7b        0x1 
 .rodata.__func__.6
                0x10007c7c       0x1a CMakeFiles/ErgoMag.dir/C_/VSARM/sdk/pico/pico-sdk/src/rp2_common/hardware_irq/irq.c.obj
 .rodata.update_us_since_boot.str1.4
                0x10007c96       0x61 CMakeFiles/ErgoMag.dir/C_/VSARM/sdk/pico/pico-sdk/src/common/pico_sync/mutex.c.obj
 .rodata.str1.4
                0x10007c96       0x89 CMakeFiles/ErgoMag.dir/C_/VSARM/sdk/pico/pico-sdk/src/common/pico_sync/mutex.c.obj
 *fill*         0x10007c96        0x2 
 .rodata.__func__.1
                0x10007c98        0xb CMakeFiles/ErgoMag.dir/C_/VSARM/sdk/pico/pico-sdk/src/common/pico_sync/mutex.c.obj
 *fill*         0x10007ca3        0x1 
 .rodata.__func__.3
                0x10007ca4       0x18 CMakeFiles/ErgoMag.dir/C_/VSARM/sdk/pico/pico-sdk/src/common/pico_sync/mutex.c.obj
 .rodata.__func__.4
                0x10007cbc       0x15 CMakeFiles/ErgoMag.dir/C_/VSARM/sdk/pico/pico-sdk/src/common/pico_sync/mutex.c.obj
 .rodata.get_entry.str1.4
                0x10007cd1       0x5b CMakeFiles/ErgoMag.dir/C_/VSARM/sdk/pico/pico-sdk/src/common/pico_time/time.c.obj
 .rodata.update_us_since_boot.str1.4
                0x10007cd1       0x61 CMakeFiles/ErgoMag.dir/C_/VSARM/sdk/pico/pico-sdk/src/common/pico_time/time.c.obj
 .rodata.ph_get_node.str1.4
                0x10007cd1       0x66 CMakeFiles/ErgoMag.dir/C_/VSARM/sdk/pico/pico-sdk/src/common/pico_time/time.c.obj
 .rodata.ph_add_child_node.str1.4
                0x10007cd1       0x2e CMakeFiles/ErgoMag.dir/C_/VSARM/sdk/pico/pico-sdk/src/common/pico_time/time.c.obj
 .rodata.ph_insert_node.str1.4
                0x10007cd1        0x3 CMakeFiles/ErgoMag.dir/C_/VSARM/sdk/pico/pico-sdk/src/common/pico_time/time.c.obj
 .rodata.ph_free_node.str1.4
                0x10007cd1       0x38 CMakeFiles/ErgoMag.dir/C_/VSARM/sdk/pico/pico-sdk/src/common/pico_time/time.c.obj
 .rodata.add_alarm_under_lock.str1.4
                0x10007cd1       0x28 CMakeFiles/ErgoMag.dir/C_/VSARM/sdk/pico/pico-sdk/src/common/pico_time/time.c.obj
 .rodata.alarm_pool_alarm_callback.str1.4
                0x10007cd1       0x60 CMakeFiles/ErgoMag.dir/C_/VSARM/sdk/pico/pico-sdk/src/common/pico_time/time.c.obj
 .rodata.alarm_pool_get_default.str1.4
                0x10007cd1       0x21 CMakeFiles/ErgoMag.dir/C_/VSARM/sdk/pico/pico-sdk/src/common/pico_time/time.c.obj
 .rodata.alarm_pool_cancel_alarm.str1.4
                0x10007cd1       0x27 CMakeFiles/ErgoMag.dir/C_/VSARM/sdk/pico/pico-sdk/src/common/pico_time/time.c.obj
 *fill*         0x10007cd1        0x3 
 .rodata.__func__.1
                0x10007cd4       0x18 CMakeFiles/ErgoMag.dir/C_/VSARM/sdk/pico/pico-sdk/src/common/pico_time/time.c.obj
 .rodata.__func__.3
                0x10007cec       0x17 CMakeFiles/ErgoMag.dir/C_/VSARM/sdk/pico/pico-sdk/src/common/pico_time/time.c.obj
 *fill*         0x10007d03        0x1 
 .rodata.__func__.4
                0x10007d04       0x12 CMakeFiles/ErgoMag.dir/C_/VSARM/sdk/pico/pico-sdk/src/common/pico_time/time.c.obj
 *fill*         0x10007d16        0x2 
 .rodata.__func__.5
                0x10007d18        0xd CMakeFiles/ErgoMag.dir/C_/VSARM/sdk/pico/pico-sdk/src/common/pico_time/time.c.obj
 *fill*         0x10007d25        0x3 
 .rodata.__func__.6
                0x10007d28       0x12 CMakeFiles/ErgoMag.dir/C_/VSARM/sdk/pico/pico-sdk/src/common/pico_time/time.c.obj
 *fill*         0x10007d3a        0x2 
 .rodata.__func__.7
                0x10007d3c        0xf CMakeFiles/ErgoMag.dir/C_/VSARM/sdk/pico/pico-sdk/src/common/pico_time/time.c.obj
 *fill*         0x10007d4b        0x1 
 .rodata.__func__.8
                0x10007d4c        0xc CMakeFiles/ErgoMag.dir/C_/VSARM/sdk/pico/pico-sdk/src/common/pico_time/time.c.obj
 .rodata.__func__.9
                0x10007d58       0x15 CMakeFiles/ErgoMag.dir/C_/VSARM/sdk/pico/pico-sdk/src/common/pico_time/time.c.obj
 *fill*         0x10007d6d        0x3 
 .rodata.__func__.10
                0x10007d70       0x15 CMakeFiles/ErgoMag.dir/C_/VSARM/sdk/pico/pico-sdk/src/common/pico_time/time.c.obj
 *fill*         0x10007d85        0x3 
 .rodata.__func__.11
                0x10007d88       0x1a CMakeFiles/ErgoMag.dir/C_/VSARM/sdk/pico/pico-sdk/src/common/pico_time/time.c.obj
 *fill*         0x10007da2        0x2 
 .rodata.__func__.12
                0x10007da4        0xa CMakeFiles/ErgoMag.dir/C_/VSARM/sdk/pico/pico-sdk/src/common/pico_time/time.c.obj
 .rodata.hardware_alarm_claim.str1.4
                0x10007dae       0x22 CMakeFiles/ErgoMag.dir/C_/VSARM/sdk/pico/pico-sdk/src/rp2_common/hardware_timer/timer.c.obj
 .rodata.hardware_alarm_set_target.str1.4
                0x10007dae       0x65 CMakeFiles/ErgoMag.dir/C_/VSARM/sdk/pico/pico-sdk/src/rp2_common/hardware_timer/timer.c.obj
 *fill*         0x10007dae        0x2 
 .rodata.__func__.0
                0x10007db0       0x1a CMakeFiles/ErgoMag.dir/C_/VSARM/sdk/pico/pico-sdk/src/rp2_common/hardware_timer/timer.c.obj
 .rodata.ph_get_node.str1.4
                0x10007dca       0x66 CMakeFiles/ErgoMag.dir/C_/VSARM/sdk/pico/pico-sdk/src/common/pico_util/pheap.c.obj
 .rodata.ph_add_child_node.str1.4
                0x10007dca       0x2e CMakeFiles/ErgoMag.dir/C_/VSARM/sdk/pico/pico-sdk/src/common/pico_util/pheap.c.obj
 .rodata.ph_remove_any_head.str1.4
                0x10007dca       0xa0 CMakeFiles/ErgoMag.dir/C_/VSARM/sdk/pico/pico-sdk/src/common/pico_util/pheap.c.obj
 .rodata.ph_remove_and_free_node.str1.4
                0x10007dca       0x26 CMakeFiles/ErgoMag.dir/C_/VSARM/sdk/pico/pico-sdk/src/common/pico_util/pheap.c.obj
 *fill*         0x10007dca        0x2 
 .rodata.__func__.0
                0x10007dcc       0x18 CMakeFiles/ErgoMag.dir/C_/VSARM/sdk/pico/pico-sdk/src/common/pico_util/pheap.c.obj
 .rodata.__func__.1
                0x10007de4       0x13 CMakeFiles/ErgoMag.dir/C_/VSARM/sdk/pico/pico-sdk/src/common/pico_util/pheap.c.obj
 *fill*         0x10007df7        0x1 
 .rodata.__func__.2
                0x10007df8       0x12 CMakeFiles/ErgoMag.dir/C_/VSARM/sdk/pico/pico-sdk/src/common/pico_util/pheap.c.obj
 *fill*         0x10007e0a        0x2 
 .rodata.__func__.3
                0x10007e0c        0xc CMakeFiles/ErgoMag.dir/C_/VSARM/sdk/pico/pico-sdk/src/common/pico_util/pheap.c.obj
 .rodata.clock_configure.str1.4
                0x10007e18       0x57 CMakeFiles/ErgoMag.dir/C_/VSARM/sdk/pico/pico-sdk/src/rp2_common/hardware_clocks/clocks.c.obj
 .rodata.__func__.1
                0x10007e18       0x10 CMakeFiles/ErgoMag.dir/C_/VSARM/sdk/pico/pico-sdk/src/rp2_common/hardware_clocks/clocks.c.obj
 .rodata.pll_init.str1.4
                0x10007e28      0x124 CMakeFiles/ErgoMag.dir/C_/VSARM/sdk/pico/pico-sdk/src/rp2_common/hardware_pll/pll.c.obj
 .rodata.__func__.0
                0x10007e28        0x9 CMakeFiles/ErgoMag.dir/C_/VSARM/sdk/pico/pico-sdk/src/rp2_common/hardware_pll/pll.c.obj
 .rodata.__assert_func.str1.4
                0x10007e31       0x43 CMakeFiles/ErgoMag.dir/C_/VSARM/sdk/pico/pico-sdk/src/rp2_common/pico_runtime/runtime.c.obj
 .rodata.runtime_init.str1.4
                0x10007e31       0x61 CMakeFiles/ErgoMag.dir/C_/VSARM/sdk/pico/pico-sdk/src/rp2_common/pico_runtime/runtime.c.obj
 .rodata.panic.str1.4
                0x10007e31       0x12 CMakeFiles/ErgoMag.dir/C_/VSARM/sdk/pico/pico-sdk/src/rp2_common/pico_runtime/runtime.c.obj
 *fill*         0x10007e31        0x3 
 .rodata.__func__.2
                0x10007e34        0xd CMakeFiles/ErgoMag.dir/C_/VSARM/sdk/pico/pico-sdk/src/rp2_common/pico_runtime/runtime.c.obj
 .rodata._ftoa.str1.4
                0x10007e41       0x15 CMakeFiles/ErgoMag.dir/C_/VSARM/sdk/pico/pico-sdk/src/rp2_common/pico_printf/printf.c.obj
 *fill*         0x10007e41        0x3 
 .rodata._vsnprintf
                0x10007e44      0x19c CMakeFiles/ErgoMag.dir/C_/VSARM/sdk/pico/pico-sdk/src/rp2_common/pico_printf/printf.c.obj
 .rodata.pow10.0
                0x10007fe0       0x50 CMakeFiles/ErgoMag.dir/C_/VSARM/sdk/pico/pico-sdk/src/rp2_common/pico_printf/printf.c.obj
 .rodata.__aeabi_double_init.str1.4
                0x10008030       0x9c CMakeFiles/ErgoMag.dir/C_/VSARM/sdk/pico/pico-sdk/src/rp2_common/pico_double/double_init_rom.c.obj
 .rodata.__func__.0
                0x10008030       0x14 CMakeFiles/ErgoMag.dir/C_/VSARM/sdk/pico/pico-sdk/src/rp2_common/pico_double/double_init_rom.c.obj
 .rodata.__aeabi_float_init.str1.4
                0x10008044       0x7e CMakeFiles/ErgoMag.dir/C_/VSARM/sdk/pico/pico-sdk/src/rp2_common/pico_float/float_init_rom.c.obj
 .rodata.__func__.0
                0x10008044       0x13 CMakeFiles/ErgoMag.dir/C_/VSARM/sdk/pico/pico-sdk/src/rp2_common/pico_float/float_init_rom.c.obj
 .rodata.str1.4
                0x10008057       0x3c CMakeFiles/ErgoMag.dir/C_/VSARM/sdk/pico/pico-sdk/src/rp2_common/pico_standard_link/binary_info.c.obj
 *fill*         0x10008057        0x1 
 .rodata.__bi_81
                0x10008058        0xc CMakeFiles/ErgoMag.dir/C_/VSARM/sdk/pico/pico-sdk/src/rp2_common/pico_standard_link/binary_info.c.obj
 .rodata.__bi_75
                0x10008064        0xc CMakeFiles/ErgoMag.dir/C_/VSARM/sdk/pico/pico-sdk/src/rp2_common/pico_standard_link/binary_info.c.obj
 .rodata.__bi_44
                0x10008070        0xc CMakeFiles/ErgoMag.dir/C_/VSARM/sdk/pico/pico-sdk/src/rp2_common/pico_standard_link/binary_info.c.obj
 .rodata.update_us_since_boot.str1.4
                0x1000807c       0x61 CMakeFiles/ErgoMag.dir/C_/VSARM/sdk/pico/pico-sdk/src/rp2_common/pico_stdio/stdio.c.obj
 .rodata.crlf_str.2
                0x1000807c        0x2 CMakeFiles/ErgoMag.dir/C_/VSARM/sdk/pico/pico-sdk/src/rp2_common/pico_stdio/stdio.c.obj
 *fill*         0x1000807e        0x2 
 .rodata.__func__.3
                0x10008080       0x15 CMakeFiles/ErgoMag.dir/C_/VSARM/sdk/pico/pico-sdk/src/rp2_common/pico_stdio/stdio.c.obj
 *fill*         0x10008095        0x3 
 .rodata._resetd_driver
                0x10008098       0x18 CMakeFiles/ErgoMag.dir/C_/VSARM/sdk/pico/pico-sdk/src/rp2_common/pico_stdio_usb/reset_interface.c.obj
 .rodata.update_us_since_boot.str1.4
                0x100080b0       0x61 CMakeFiles/ErgoMag.dir/C_/VSARM/sdk/pico/pico-sdk/src/rp2_common/pico_stdio_usb/stdio_usb.c.obj
 .rodata.stdio_usb_init.str1.4
                0x100080b0       0x4d CMakeFiles/ErgoMag.dir/C_/VSARM/sdk/pico/pico-sdk/src/rp2_common/pico_stdio_usb/stdio_usb.c.obj
 .rodata.str1.4
                0x100080b0       0x13 CMakeFiles/ErgoMag.dir/C_/VSARM/sdk/pico/pico-sdk/src/rp2_common/pico_stdio_usb/stdio_usb.c.obj
 .rodata.__bi_182.0
                0x100080b0        0xc CMakeFiles/ErgoMag.dir/C_/VSARM/sdk/pico/pico-sdk/src/rp2_common/pico_stdio_usb/stdio_usb.c.obj
 .rodata.__func__.1
                0x100080bc        0xf CMakeFiles/ErgoMag.dir/C_/VSARM/sdk/pico/pico-sdk/src/rp2_common/pico_stdio_usb/stdio_usb.c.obj
 *fill*         0x100080cb        0x1 
 .rodata.__func__.3
                0x100080cc       0x15 CMakeFiles/ErgoMag.dir/C_/VSARM/sdk/pico/pico-sdk/src/rp2_common/pico_stdio_usb/stdio_usb.c.obj
 .rodata.str1.4
                0x100080e1       0x2a CMakeFiles/ErgoMag.dir/C_/VSARM/sdk/pico/pico-sdk/src/rp2_common/pico_stdio_usb/stdio_usb_descriptors.c.obj
 *fill*         0x100080e1        0x3 
 .rodata.usbd_desc_str
                0x100080e4       0x18 CMakeFiles/ErgoMag.dir/C_/VSARM/sdk/pico/pico-sdk/src/rp2_common/pico_stdio_usb/stdio_usb_descriptors.c.obj
 .rodata.usbd_desc_cfg
                0x100080fc       0x54 CMakeFiles/ErgoMag.dir/C_/VSARM/sdk/pico/pico-sdk/src/rp2_common/pico_stdio_usb/stdio_usb_descriptors.c.obj
 .rodata.usbd_desc_device
                0x10008150       0x12 CMakeFiles/ErgoMag.dir/C_/VSARM/sdk/pico/pico-sdk/src/rp2_common/pico_stdio_usb/stdio_usb_descriptors.c.obj
 .rodata.pico_get_unique_board_id_string.str1.4
                0x10008162       0x4d CMakeFiles/ErgoMag.dir/C_/VSARM/sdk/pico/pico-sdk/src/rp2_common/pico_unique_id/unique_id.c.obj
 *fill*         0x10008162        0x2 
 .rodata.__func__.0
                0x10008164       0x20 CMakeFiles/ErgoMag.dir/C_/VSARM/sdk/pico/pico-sdk/src/rp2_common/pico_unique_id/unique_id.c.obj
 .rodata.str1.4
                0x10008184      0x15a CMakeFiles/ErgoMag.dir/C_/VSARM/sdk/pico/pico-sdk/src/rp2_common/hardware_flash/flash.c.obj
 .rodata.__func__.0
                0x10008184        0xd CMakeFiles/ErgoMag.dir/C_/VSARM/sdk/pico/pico-sdk/src/rp2_common/hardware_flash/flash.c.obj
 .rodata._hw_endpoint_alloc.str1.4
                0x10008191       0xb5 CMakeFiles/ErgoMag.dir/C_/VSARM/sdk/pico/pico-sdk/lib/tinyusb/src/portable/raspberrypi/rp2040/dcd_rp2040.c.obj
 .rodata.str1.4
                0x10008191       0x14 CMakeFiles/ErgoMag.dir/C_/VSARM/sdk/pico/pico-sdk/lib/tinyusb/src/portable/raspberrypi/rp2040/dcd_rp2040.c.obj
 .rodata.dcd_int_enable.str1.4
                0x10008191        0xc CMakeFiles/ErgoMag.dir/C_/VSARM/sdk/pico/pico-sdk/lib/tinyusb/src/portable/raspberrypi/rp2040/dcd_rp2040.c.obj
 *fill*         0x10008191        0x3 
 .rodata.__func__.0
                0x10008194        0xe CMakeFiles/ErgoMag.dir/C_/VSARM/sdk/pico/pico-sdk/lib/tinyusb/src/portable/raspberrypi/rp2040/dcd_rp2040.c.obj
 *fill*         0x100081a2        0x2 
 .rodata.__func__.1
                0x100081a4        0xe CMakeFiles/ErgoMag.dir/C_/VSARM/sdk/pico/pico-sdk/lib/tinyusb/src/portable/raspberrypi/rp2040/dcd_rp2040.c.obj
 *fill*         0x100081b2        0x2 
 .rodata.__func__.3
                0x100081b4       0x10 CMakeFiles/ErgoMag.dir/C_/VSARM/sdk/pico/pico-sdk/lib/tinyusb/src/portable/raspberrypi/rp2040/dcd_rp2040.c.obj
 .rodata.__func__.5
                0x100081c4        0xf CMakeFiles/ErgoMag.dir/C_/VSARM/sdk/pico/pico-sdk/lib/tinyusb/src/portable/raspberrypi/rp2040/dcd_rp2040.c.obj
 *fill*         0x100081d3        0x1 
 .rodata.__func__.6
                0x100081d4       0x13 CMakeFiles/ErgoMag.dir/C_/VSARM/sdk/pico/pico-sdk/lib/tinyusb/src/portable/raspberrypi/rp2040/dcd_rp2040.c.obj
 *fill*         0x100081e7        0x1 
 .rodata.__func__.7
                0x100081e8        0x9 CMakeFiles/ErgoMag.dir/C_/VSARM/sdk/pico/pico-sdk/lib/tinyusb/src/portable/raspberrypi/rp2040/dcd_rp2040.c.obj
 .rodata.str1.4
                0x100081f1       0xe7 CMakeFiles/ErgoMag.dir/C_/VSARM/sdk/pico/pico-sdk/lib/tinyusb/src/portable/raspberrypi/rp2040/rp2040_usb.c.obj
 *fill*         0x100081f1        0x3 
 .rodata.__func__.0
                0x100081f4        0xf CMakeFiles/ErgoMag.dir/C_/VSARM/sdk/pico/pico-sdk/lib/tinyusb/src/portable/raspberrypi/rp2040/rp2040_usb.c.obj
 *fill*         0x10008203        0x1 
 .rodata.process_get_descriptor
                0x10008204       0x40 CMakeFiles/ErgoMag.dir/C_/VSARM/sdk/pico/pico-sdk/lib/tinyusb/src/device/usbd.c.obj
 .rodata.process_control_request
                0x10008244       0x28 CMakeFiles/ErgoMag.dir/C_/VSARM/sdk/pico/pico-sdk/lib/tinyusb/src/device/usbd.c.obj
 .rodata.tud_task_ext
                0x1000826c       0x24 CMakeFiles/ErgoMag.dir/C_/VSARM/sdk/pico/pico-sdk/lib/tinyusb/src/device/usbd.c.obj
 .rodata._usbd_driver
                0x10008290       0x18 CMakeFiles/ErgoMag.dir/C_/VSARM/sdk/pico/pico-sdk/lib/tinyusb/src/device/usbd.c.obj
                0x100082a8                        . = ALIGN (0x4)
 *(SORT_BY_ALIGNMENT(SORT_BY_NAME(.flashdata*)))
                0x100082a8                        . = ALIGN (0x4)

.ARM.extab
 *(.ARM.extab* .gnu.linkonce.armextab.*)
                0x100082a8                        __exidx_start = .

.ARM.exidx
 *(.ARM.exidx* .gnu.linkonce.armexidx.*)
                0x100082a8                        __exidx_end = .
                0x100082a8                        . = ALIGN (0x4)
                0x100082a8                        __binary_info_start = .

.binary_info    0x100082a8       0x20
 *(.binary_info.keep.*)
 .binary_info.keep.__bi_ptr81
                0x100082a8        0x4 CMakeFiles/ErgoMag.dir/C_/VSARM/sdk/pico/pico-sdk/src/rp2_common/pico_standard_link/binary_info.c.obj
 .binary_info.keep.__bi_ptr75
                0x100082ac        0x4 CMakeFiles/ErgoMag.dir/C_/VSARM/sdk/pico/pico-sdk/src/rp2_common/pico_standard_link/binary_info.c.obj
 .binary_info.keep.__bi_ptr50
                0x100082b0        0x4 CMakeFiles/ErgoMag.dir/C_/VSARM/sdk/pico/pico-sdk/src/rp2_common/pico_standard_link/binary_info.c.obj
 .binary_info.keep.__bi_ptr44
                0x100082b4        0x4 CMakeFiles/ErgoMag.dir/C_/VSARM/sdk/pico/pico-sdk/src/rp2_common/pico_standard_link/binary_info.c.obj
 .binary_info.keep.__bi_ptr38
                0x100082b8        0x4 CMakeFiles/ErgoMag.dir/C_/VSARM/sdk/pico/pico-sdk/src/rp2_common/pico_standard_link/binary_info.c.obj
 .binary_info.keep.__bi_ptr30
                0x100082bc        0x4 CMakeFiles/ErgoMag.dir/C_/VSARM/sdk/pico/pico-sdk/src/rp2_common/pico_standard_link/binary_info.c.obj
 .binary_info.keep.__bi_ptr22
                0x100082c0        0x4 CMakeFiles/ErgoMag.dir/C_/VSARM/sdk/pico/pico-sdk/src/rp2_common/pico_standard_link/binary_info.c.obj
 *(.binary_info.*)
 .binary_info.__bi_ptr182
                0x100082c4        0x4 CMakeFiles/ErgoMag.dir/C_/VSARM/sdk/pico/pico-sdk/src/rp2_common/pico_stdio_usb/stdio_usb.c.obj
                0x100082c8                        __binary_info_end = .

.rel.dyn        0x100082c8        0x0
 .rel.iplt      0x100082c8        0x0 C:/VSARM/armcc/13C7F1~1.2RE/bin/../lib/gcc/arm-none-eabi/13.2.1/thumb/v6-m/nofp/crtbegin.o
                0x100082c8                        . = ALIGN (0x4)

.ram_vector_table
                0x20000000       0xc0
 *(.ram_vector_table)
 .ram_vector_table
                0x20000000       0xc0 CMakeFiles/ErgoMag.dir/C_/VSARM/sdk/pico/pico-sdk/src/rp2_common/pico_runtime/runtime.c.obj
                0x20000000                ram_vector_table

.data           0x200000c0      0xb48 load address 0x100082c8
                0x200000c0                        __data_start__ = .
 *(vtable)
 *(.time_critical*)
 .time_critical.mutex_try_enter
                0x200000c0       0x46 CMakeFiles/ErgoMag.dir/C_/VSARM/sdk/pico/pico-sdk/src/common/pico_sync/mutex.c.obj
                0x200000c0                mutex_try_enter
 *fill*         0x20000106        0x2 
 .time_critical.mutex_enter_block_until
                0x20000108       0x8c CMakeFiles/ErgoMag.dir/C_/VSARM/sdk/pico/pico-sdk/src/common/pico_sync/mutex.c.obj
                0x20000108                mutex_enter_block_until
 .time_critical.mutex_try_enter_block_until
                0x20000194       0x34 CMakeFiles/ErgoMag.dir/C_/VSARM/sdk/pico/pico-sdk/src/common/pico_sync/mutex.c.obj
                0x20000194                mutex_try_enter_block_until
 .time_critical.mutex_enter_timeout_ms
                0x200001c8       0x1a CMakeFiles/ErgoMag.dir/C_/VSARM/sdk/pico/pico-sdk/src/common/pico_sync/mutex.c.obj
                0x200001c8                mutex_enter_timeout_ms
 *fill*         0x200001e2        0x2 
 .time_critical.mutex_exit
                0x200001e4       0x4c CMakeFiles/ErgoMag.dir/C_/VSARM/sdk/pico/pico-sdk/src/common/pico_sync/mutex.c.obj
                0x200001e4                mutex_exit
 .time_critical.flash_init_boot2_copyout
                0x20000230       0x30 CMakeFiles/ErgoMag.dir/C_/VSARM/sdk/pico/pico-sdk/src/rp2_common/hardware_flash/flash.c.obj
 .time_critical.flash_enable_xip_via_boot2
                0x20000260        0xc CMakeFiles/ErgoMag.dir/C_/VSARM/sdk/pico/pico-sdk/src/rp2_common/hardware_flash/flash.c.obj
 .time_critical.flash_cs_force
                0x2000026c       0x28 CMakeFiles/ErgoMag.dir/C_/VSARM/sdk/pico/pico-sdk/src/rp2_common/hardware_flash/flash.c.obj
 .time_critical.flash_do_cmd
                0x20000294       0xd8 CMakeFiles/ErgoMag.dir/C_/VSARM/sdk/pico/pico-sdk/src/rp2_common/hardware_flash/flash.c.obj
                0x20000294                flash_do_cmd
 .time_critical.reset_non_control_endpoints
                0x2000036c       0x40 CMakeFiles/ErgoMag.dir/C_/VSARM/sdk/pico/pico-sdk/lib/tinyusb/src/portable/raspberrypi/rp2040/dcd_rp2040.c.obj
 .time_critical.hw_handle_buff_status
                0x200003ac       0xa4 CMakeFiles/ErgoMag.dir/C_/VSARM/sdk/pico/pico-sdk/lib/tinyusb/src/portable/raspberrypi/rp2040/dcd_rp2040.c.obj
 .time_critical.dcd_rp2040_irq
                0x20000450      0x1b8 CMakeFiles/ErgoMag.dir/C_/VSARM/sdk/pico/pico-sdk/lib/tinyusb/src/portable/raspberrypi/rp2040/dcd_rp2040.c.obj
 .time_critical.e15_is_bulkin_ep
                0x20000608       0x2c CMakeFiles/ErgoMag.dir/C_/VSARM/sdk/pico/pico-sdk/lib/tinyusb/src/portable/raspberrypi/rp2040/rp2040_usb.c.obj
 .time_critical.e15_is_critical_frame_period
                0x20000634       0x30 CMakeFiles/ErgoMag.dir/C_/VSARM/sdk/pico/pico-sdk/lib/tinyusb/src/portable/raspberrypi/rp2040/rp2040_usb.c.obj
 .time_critical.prepare_ep_buffer
                0x20000664       0x6c CMakeFiles/ErgoMag.dir/C_/VSARM/sdk/pico/pico-sdk/lib/tinyusb/src/portable/raspberrypi/rp2040/rp2040_usb.c.obj
 .time_critical.sync_ep_buffer
                0x200006d0       0x7c CMakeFiles/ErgoMag.dir/C_/VSARM/sdk/pico/pico-sdk/lib/tinyusb/src/portable/raspberrypi/rp2040/rp2040_usb.c.obj
 .time_critical._hw_endpoint_xfer_sync
                0x2000074c       0x28 CMakeFiles/ErgoMag.dir/C_/VSARM/sdk/pico/pico-sdk/lib/tinyusb/src/portable/raspberrypi/rp2040/rp2040_usb.c.obj
 .time_critical.hw_endpoint_reset_transfer
                0x20000774        0xc CMakeFiles/ErgoMag.dir/C_/VSARM/sdk/pico/pico-sdk/lib/tinyusb/src/portable/raspberrypi/rp2040/rp2040_usb.c.obj
                0x20000774                hw_endpoint_reset_transfer
 .time_critical._hw_endpoint_buffer_control_update32
                0x20000780       0x58 CMakeFiles/ErgoMag.dir/C_/VSARM/sdk/pico/pico-sdk/lib/tinyusb/src/portable/raspberrypi/rp2040/rp2040_usb.c.obj
                0x20000780                _hw_endpoint_buffer_control_update32
 .time_critical.hw_endpoint_start_next_buffer
                0x200007d8       0x88 CMakeFiles/ErgoMag.dir/C_/VSARM/sdk/pico/pico-sdk/lib/tinyusb/src/portable/raspberrypi/rp2040/rp2040_usb.c.obj
                0x200007d8                hw_endpoint_start_next_buffer
 .time_critical.hw_endpoint_xfer_continue
                0x20000860       0x50 CMakeFiles/ErgoMag.dir/C_/VSARM/sdk/pico/pico-sdk/lib/tinyusb/src/portable/raspberrypi/rp2040/rp2040_usb.c.obj
                0x20000860                hw_endpoint_xfer_continue
 .time_critical.tinyusb
                0x200008b0      0x1ac CMakeFiles/ErgoMag.dir/C_/VSARM/sdk/pico/pico-sdk/lib/tinyusb/src/device/usbd.c.obj
                0x200008b0                dcd_event_handler
 *(.text*)
 .text          0x20000a5c        0x4 C:/VSARM/armcc/13C7F1~1.2RE/bin/../lib/gcc/arm-none-eabi/13.2.1/thumb/v6-m/nofp\libgcc.a(_dvmd_tls.o)
                0x20000a5c                __aeabi_idiv0
                0x20000a5c                __aeabi_ldiv0
 .text.__stub   0x20000a60       0xa0 linker stubs
                0x20000b00                        . = ALIGN (0x4)
 *(.rodata*)
                0x20000b00                        . = ALIGN (0x4)
 *(.data*)
 .data.sample_array_pointer
                0x20000b00        0x4 CMakeFiles/ErgoMag.dir/main.c.obj
                0x20000b00                sample_array_pointer
 .data.striped_spin_lock_num
                0x20000b04        0x1 CMakeFiles/ErgoMag.dir/C_/VSARM/sdk/pico/pico-sdk/src/rp2_common/hardware_sync/sync.c.obj
 *fill*         0x20000b05        0x3 
 .data          0x20000b08       0x48 CMakeFiles/ErgoMag.dir/C_/VSARM/sdk/pico/pico-sdk/src/rp2_common/hardware_irq/irq_handler_chain.S.obj
                0x20000b08                irq_handler_chain_slots
                0x20000b38                irq_handler_chain_first_slot
                0x20000b42                irq_handler_chain_remove_tail
 .data.default_alarm_pool
                0x20000b50       0x18 CMakeFiles/ErgoMag.dir/C_/VSARM/sdk/pico/pico-sdk/src/common/pico_time/time.c.obj
 .data.default_alarm_pool_heap
                0x20000b68       0x10 CMakeFiles/ErgoMag.dir/C_/VSARM/sdk/pico/pico-sdk/src/common/pico_time/time.c.obj
 *fill*         0x20000b78        0x8 
 .data.aeabi_bits_funcs
                0x20000b80       0x10 CMakeFiles/ErgoMag.dir/C_/VSARM/sdk/pico/pico-sdk/src/rp2_common/pico_bit_ops/bit_ops_aeabi.S.obj
                0x20000b80                aeabi_bits_funcs
                0x20000b90                aeabi_bits_funcs_end
 .data.aeabi_mem_funcs
                0x20000b90       0x10 CMakeFiles/ErgoMag.dir/C_/VSARM/sdk/pico/pico-sdk/src/rp2_common/pico_mem_ops/mem_ops_aeabi.S.obj
                0x20000b90                aeabi_mem_funcs
                0x20000ba0                aeabi_mem_funcs_end
 .data.stdio_usb
                0x20000ba0       0x18 CMakeFiles/ErgoMag.dir/C_/VSARM/sdk/pico/pico-sdk/src/rp2_common/pico_stdio_usb/stdio_usb.c.obj
                0x20000ba0                stdio_usb
 .data.ep_dir_string
                0x20000bb8        0x8 CMakeFiles/ErgoMag.dir/C_/VSARM/sdk/pico/pico-sdk/lib/tinyusb/src/portable/raspberrypi/rp2040/rp2040_usb.c.obj
                0x20000bb8                ep_dir_string
 .data._usbd_qdef
                0x20000bc0       0x1c CMakeFiles/ErgoMag.dir/C_/VSARM/sdk/pico/pico-sdk/lib/tinyusb/src/device/usbd.c.obj
                0x20000bc0                _usbd_qdef
 .data._usbd_rhport
                0x20000bdc        0x1 CMakeFiles/ErgoMag.dir/C_/VSARM/sdk/pico/pico-sdk/lib/tinyusb/src/device/usbd.c.obj
                0x20000be0                        . = ALIGN (0x4)
 *fill*         0x20000bdd        0x3 
 *(.after_data.*)
                0x20000be0                        . = ALIGN (0x4)
                0x20000be0                        PROVIDE (__mutex_array_start = .)
 *(SORT_BY_NAME(.mutex_array.*))
 *(.mutex_array)
 .mutex_array   0x20000be0        0x8 CMakeFiles/ErgoMag.dir/C_/VSARM/sdk/pico/pico-sdk/src/rp2_common/pico_malloc/pico_malloc.c.obj
 .mutex_array   0x20000be8        0x8 CMakeFiles/ErgoMag.dir/C_/VSARM/sdk/pico/pico-sdk/src/rp2_common/pico_stdio/stdio.c.obj
                0x20000bf0                        PROVIDE (__mutex_array_end = .)
                0x20000bf0                        . = ALIGN (0x4)
                0x20000bf0                        PROVIDE (__preinit_array_start = .)
 *(SORT_BY_NAME(.preinit_array.*))
 .preinit_array.00001
                0x20000bf0        0x4 CMakeFiles/ErgoMag.dir/C_/VSARM/sdk/pico/pico-sdk/src/rp2_common/pico_mem_ops/mem_ops_aeabi.S.obj
 .preinit_array.00010
                0x20000bf4        0x4 CMakeFiles/ErgoMag.dir/C_/VSARM/sdk/pico/pico-sdk/src/rp2_common/pico_bit_ops/bit_ops_aeabi.S.obj
 .preinit_array.00020
                0x20000bf8        0x4 CMakeFiles/ErgoMag.dir/C_/VSARM/sdk/pico/pico-sdk/src/rp2_common/pico_double/double_aeabi.S.obj
 .preinit_array.00020
                0x20000bfc        0x4 CMakeFiles/ErgoMag.dir/C_/VSARM/sdk/pico/pico-sdk/src/rp2_common/pico_float/float_aeabi.S.obj
 *(.preinit_array)
                0x20000c00                        PROVIDE (__preinit_array_end = .)
                0x20000c00                        . = ALIGN (0x4)
                0x20000c00                        PROVIDE (__init_array_start = .)
 *(SORT_BY_NAME(.init_array.*))
 *(.init_array)
 .init_array    0x20000c00        0x4 C:/VSARM/armcc/13C7F1~1.2RE/bin/../lib/gcc/arm-none-eabi/13.2.1/thumb/v6-m/nofp/crtbegin.o
 .init_array    0x20000c04        0x4 CMakeFiles/ErgoMag.dir/C_/VSARM/sdk/pico/pico-sdk/src/rp2_common/pico_unique_id/unique_id.c.obj
                0x20000c08                        PROVIDE (__init_array_end = .)
                0x20000c08                        . = ALIGN (0x4)
                [!provide]                        PROVIDE (__fini_array_start = .)
 *(SORT_BY_NAME(.fini_array.*))
 *(.fini_array)
                [!provide]                        PROVIDE (__fini_array_end = .)
 *(.jcr)
                0x20000c08                        . = ALIGN (0x4)
                0x20000c08                        __data_end__ = .
                0x100082c8                        __etext = LOADADDR (.data)

.tm_clone_table
                0x20000c08        0x0 load address 0x10008e10
 .tm_clone_table
                0x20000c08        0x0 C:/VSARM/armcc/13C7F1~1.2RE/bin/../lib/gcc/arm-none-eabi/13.2.1/thumb/v6-m/nofp/crtbegin.o
 .tm_clone_table
                0x20000c08        0x0 C:/VSARM/armcc/13C7F1~1.2RE/bin/../lib/gcc/arm-none-eabi/13.2.1/thumb/v6-m/nofp/crtend.o

.igot.plt       0x20000c08        0x0 load address 0x10008e10
 .igot.plt      0x20000c08        0x0 C:/VSARM/armcc/13C7F1~1.2RE/bin/../lib/gcc/arm-none-eabi/13.2.1/thumb/v6-m/nofp/crtbegin.o

.uninitialized_data
                0x20000c08        0x0 load address 0x10008e10
                0x20000c08                        . = ALIGN (0x4)
 *(.uninitialized_data*)

.scratch_x      0x20040000        0x0 load address 0x10008e10
                0x20040000                        __scratch_x_start__ = .
 *(.scratch_x.*)
                0x20040000                        . = ALIGN (0x4)
                0x20040000                        __scratch_x_end__ = .
                0x10008e10                        __scratch_x_source__ = LOADADDR (.scratch_x)

.scratch_y      0x20041000        0x0 load address 0x10008e10
                0x20041000                        __scratch_y_start__ = .
 *(.scratch_y.*)
                0x20041000                        . = ALIGN (0x4)
                0x20041000                        __scratch_y_end__ = .
                0x10008e10                        __scratch_y_source__ = LOADADDR (.scratch_y)

.bss            0x20000c08      0xd84
                0x20000c08                        . = ALIGN (0x4)
                0x20000c08                        __bss_start__ = .
 *(SORT_BY_ALIGNMENT(SORT_BY_NAME(.bss*)))
 .bss.default_alarm_pool_entries
                0x20000c08      0x100 CMakeFiles/ErgoMag.dir/C_/VSARM/sdk/pico/pico-sdk/src/common/pico_time/time.c.obj
 .bss.last_avail_time.2
                0x20000d08        0x8 CMakeFiles/ErgoMag.dir/C_/VSARM/sdk/pico/pico-sdk/src/rp2_common/pico_stdio_usb/stdio_usb.c.obj
 .bss._app_driver
                0x20000d10        0x4 CMakeFiles/ErgoMag.dir/C_/VSARM/sdk/pico/pico-sdk/lib/tinyusb/src/device/usbd.c.obj
 .bss._cdcd_itf
                0x20000d14      0x2c8 CMakeFiles/ErgoMag.dir/C_/VSARM/sdk/pico/pico-sdk/lib/tinyusb/src/class/cdc/cdc_device.c.obj
 .bss._ctrl_xfer
                0x20000fdc       0x14 CMakeFiles/ErgoMag.dir/C_/VSARM/sdk/pico/pico-sdk/lib/tinyusb/src/device/usbd_control.c.obj
 .bss._ubsd_mutexdef
                0x20000ff0        0x8 CMakeFiles/ErgoMag.dir/C_/VSARM/sdk/pico/pico-sdk/lib/tinyusb/src/device/usbd.c.obj
 .bss._usbd_ctrl_buf
                0x20000ff8       0x40 CMakeFiles/ErgoMag.dir/C_/VSARM/sdk/pico/pico-sdk/lib/tinyusb/src/device/usbd_control.c.obj
 .bss._usbd_dev
                0x20001038       0x53 CMakeFiles/ErgoMag.dir/C_/VSARM/sdk/pico/pico-sdk/lib/tinyusb/src/device/usbd.c.obj
 *fill*         0x2000108b        0x1 
 .bss._usbd_mutex